[2026-06-26 10:37:09,851][root][INFO] - MLFlow server is starting on LOCAL with experiment STM_MNIST_std_seeded...
[2026-06-26 10:37:09,919][root][INFO] - MLFlow run ID: 9e5809d8e8214e1b908a211ccfe3c183, status: RUNNING
[2026-06-26 10:37:10,019][root][INFO] - Starting experiment IATrain...
[2026-06-26 10:37:42,751][root][INFO] - Epoch: 0 | train acc: 0.5076, train loss: 44.26424771, valid acc: 0.8113, valid loss: 0.80632854, test acc: 0.8132, test loss: 0.79777941
[2026-06-26 10:37:47,017][root][INFO] - reg loss: 5.353067173148101, entropy loss: 0.20924285686803315, leaf dev: 0.25
[2026-06-26 10:37:47,018][root][INFO] - Val leaf stats: tensor([0., 0., 0., 0., 0., 0., 0., 0., 0., 0., 0., 0., 1., 0., 0., 0.])
[2026-06-26 10:38:25,453][root][INFO] - Epoch: 1 | train acc: 0.8414, train loss: 33.37030943, valid acc: 0.8675, valid loss: 0.48787538, test acc: 0.8694, test loss: 0.47975363
[2026-06-26 10:38:30,302][root][INFO] - reg loss: 4.095822163347928, entropy loss: 0.15316662150171567, leaf dev: 0.25
[2026-06-26 10:38:30,303][root][INFO] - Val leaf stats: tensor([0., 0., 0., 0., 0., 0., 0., 0., 0., 0., 0., 0., 1., 0., 0., 0.])
[2026-06-26 10:39:10,023][root][INFO] - Epoch: 2 | train acc: 0.8712, train loss: 32.88461901, valid acc: 0.8838, valid loss: 0.41878574, test acc: 0.8830, test loss: 0.41246171
[2026-06-26 10:39:14,856][root][INFO] - reg loss: 4.053517049213625, entropy loss: 0.14997894176334706, leaf dev: 0.25
[2026-06-26 10:39:14,857][root][INFO] - Val leaf stats: tensor([0., 0., 0., 0., 0., 0., 0., 0., 0., 0., 0., 0., 1., 0., 0., 0.])
[2026-06-26 10:39:54,041][root][INFO] - Epoch: 3 | train acc: 0.8840, train loss: 32.71218307, valid acc: 0.8900, valid loss: 0.38909378, test acc: 0.8905, test loss: 0.38189431
[2026-06-26 10:39:58,922][root][INFO] - reg loss: 4.037862395340541, entropy loss: 0.1486204314344334, leaf dev: 0.25
[2026-06-26 10:39:58,924][root][INFO] - Val leaf stats: tensor([0., 0., 0., 0., 0., 0., 0., 0., 0., 0., 0., 0., 1., 0., 0., 0.])
[2026-06-26 10:40:37,010][root][INFO] - Epoch: 4 | train acc: 0.8910, train loss: 32.63748504, valid acc: 0.8983, valid loss: 0.36861609, test acc: 0.8954, test loss: 0.36439887
[2026-06-26 10:40:42,094][root][INFO] - reg loss: 4.031964095133655, entropy loss: 0.14801706289345362, leaf dev: 0.25
[2026-06-26 10:40:42,095][root][INFO] - Val leaf stats: tensor([0., 0., 0., 0., 0., 0., 0., 0., 0., 0., 0., 0., 1., 0., 0., 0.])
[2026-06-26 10:41:20,900][root][INFO] - Epoch: 5 | train acc: 0.8968, train loss: 32.63976029, valid acc: 0.9030, valid loss: 0.35944148, test acc: 0.8997, test loss: 0.35355206
[2026-06-26 10:41:25,978][root][INFO] - reg loss: 4.034777762754908, entropy loss: 0.14790521421522465, leaf dev: 0.25
[2026-06-26 10:41:25,979][root][INFO] - Val leaf stats: tensor([0., 0., 0., 0., 0., 0., 0., 0., 0., 0., 0., 0., 1., 0., 0., 0.])
[2026-06-26 10:42:04,385][root][INFO] - Epoch: 6 | train acc: 0.9029, train loss: 32.68675394, valid acc: 0.9042, valid loss: 0.35725497, test acc: 0.8997, test loss: 0.35145957
[2026-06-26 10:42:09,189][root][INFO] - reg loss: 4.043409370026499, entropy loss: 0.1476952297226438, leaf dev: 0.25
[2026-06-26 10:42:09,190][root][INFO] - Val leaf stats: tensor([0., 0., 0., 0., 0., 0., 0., 0., 0., 0., 0., 0., 1., 0., 0., 0.])
[2026-06-26 10:42:49,267][root][INFO] - Epoch: 7 | train acc: 0.9077, train loss: 32.70263445, valid acc: 0.9040, valid loss: 0.34984915, test acc: 0.9013, test loss: 0.34276164
[2026-06-26 10:42:54,530][root][INFO] - reg loss: 4.0470789108636245, entropy loss: 0.14683604662148458, leaf dev: 0.25
[2026-06-26 10:42:54,531][root][INFO] - Val leaf stats: tensor([0., 0., 0., 0., 0., 0., 0., 0., 0., 0., 0., 0., 1., 0., 0., 0.])
[2026-06-26 10:43:33,925][root][INFO] - Epoch: 8 | train acc: 0.9094, train loss: 32.69441047, valid acc: 0.9045, valid loss: 0.34818258, test acc: 0.8999, test loss: 0.34206169
[2026-06-26 10:43:38,992][root][INFO] - reg loss: 4.047276613847265, entropy loss: 0.14564535907416973, leaf dev: 0.25
[2026-06-26 10:43:38,993][root][INFO] - Val leaf stats: tensor([0., 0., 0., 0., 0., 0., 0., 0., 0., 0., 0., 0., 1., 0., 0., 0.])
[2026-06-26 10:44:17,711][root][INFO] - Epoch: 9 | train acc: 0.9122, train loss: 32.69272909, valid acc: 0.9018, valid loss: 0.34944915, test acc: 0.9001, test loss: 0.34050849
[2026-06-26 10:44:22,745][root][INFO] - reg loss: 4.048218164803846, entropy loss: 0.14436579790880094, leaf dev: 0.25
[2026-06-26 10:44:22,746][root][INFO] - Val leaf stats: tensor([0., 0., 0., 0., 0., 0., 0., 0., 0., 0., 0., 0., 1., 0., 0., 0.])
[2026-06-26 10:45:02,481][root][INFO] - Epoch: 10 | train acc: 0.9147, train loss: 32.68717730, valid acc: 0.9055, valid loss: 0.34168586, test acc: 0.9037, test loss: 0.33672930
[2026-06-26 10:45:07,170][root][INFO] - reg loss: 4.048215024876145, entropy loss: 0.1429619718835039, leaf dev: 0.24995556473731995
[2026-06-26 10:45:07,171][root][INFO] - Val leaf stats: tensor([0.0000e+00, 0.0000e+00, 0.0000e+00, 0.0000e+00, 0.0000e+00, 0.0000e+00,
        0.0000e+00, 0.0000e+00, 1.6667e-04, 0.0000e+00, 0.0000e+00, 0.0000e+00,
        9.9983e-01, 0.0000e+00, 0.0000e+00, 0.0000e+00])
[2026-06-26 10:45:46,161][root][INFO] - Epoch: 11 | train acc: 0.9160, train loss: 32.67596450, valid acc: 0.9058, valid loss: 0.33706950, test acc: 0.9051, test loss: 0.32933818
[2026-06-26 10:45:51,069][root][INFO] - reg loss: 4.047410303691648, entropy loss: 0.14170463200447694, leaf dev: 0.24995556473731995
[2026-06-26 10:45:51,070][root][INFO] - Val leaf stats: tensor([0.0000e+00, 0.0000e+00, 0.0000e+00, 0.0000e+00, 0.0000e+00, 0.0000e+00,
        0.0000e+00, 0.0000e+00, 1.6667e-04, 0.0000e+00, 0.0000e+00, 0.0000e+00,
        9.9983e-01, 0.0000e+00, 0.0000e+00, 0.0000e+00])
[2026-06-26 10:46:31,375][root][INFO] - Epoch: 12 | train acc: 0.9165, train loss: 32.69368114, valid acc: 0.9070, valid loss: 0.33445765, test acc: 0.9057, test loss: 0.33032086
[2026-06-26 10:46:36,696][root][INFO] - reg loss: 4.0500353912137586, entropy loss: 0.14057238231290062, leaf dev: 0.24986669421195984
[2026-06-26 10:46:36,697][root][INFO] - Val leaf stats: tensor([0.0000e+00, 0.0000e+00, 0.0000e+00, 0.0000e+00, 0.0000e+00, 0.0000e+00,
        0.0000e+00, 0.0000e+00, 5.0000e-04, 0.0000e+00, 0.0000e+00, 0.0000e+00,
        9.9950e-01, 0.0000e+00, 0.0000e+00, 0.0000e+00])
[2026-06-26 10:47:16,594][root][INFO] - Epoch: 13 | train acc: 0.9176, train loss: 32.67272902, valid acc: 0.9088, valid loss: 0.32818372, test acc: 0.9066, test loss: 0.32431854
[2026-06-26 10:47:22,037][root][INFO] - reg loss: 4.047852601645128, entropy loss: 0.13941369936713632, leaf dev: 0.2497778683900833
[2026-06-26 10:47:22,038][root][INFO] - Val leaf stats: tensor([0.0000e+00, 0.0000e+00, 0.0000e+00, 0.0000e+00, 0.0000e+00, 0.0000e+00,
        0.0000e+00, 0.0000e+00, 8.3333e-04, 0.0000e+00, 0.0000e+00, 0.0000e+00,
        9.9917e-01, 0.0000e+00, 0.0000e+00, 0.0000e+00])
[2026-06-26 10:48:01,056][root][INFO] - Epoch: 14 | train acc: 0.9190, train loss: 32.67180659, valid acc: 0.9088, valid loss: 0.32922556, test acc: 0.9034, test loss: 0.32660934
[2026-06-26 10:48:06,375][root][INFO] - reg loss: 4.048312677527374, entropy loss: 0.1384542259686398, leaf dev: 0.2497778683900833
[2026-06-26 10:48:06,376][root][INFO] - Val leaf stats: tensor([0.0000e+00, 0.0000e+00, 0.0000e+00, 0.0000e+00, 0.0000e+00, 0.0000e+00,
        0.0000e+00, 0.0000e+00, 8.3333e-04, 0.0000e+00, 0.0000e+00, 0.0000e+00,
        9.9917e-01, 0.0000e+00, 0.0000e+00, 0.0000e+00])
[2026-06-26 10:48:45,864][root][INFO] - Epoch: 15 | train acc: 0.9190, train loss: 32.70480966, valid acc: 0.9105, valid loss: 0.32491110, test acc: 0.9062, test loss: 0.32444575
[2026-06-26 10:48:50,936][root][INFO] - reg loss: 4.052584814575483, entropy loss: 0.13747944289220954, leaf dev: 0.2496446669101715
[2026-06-26 10:48:50,937][root][INFO] - Val leaf stats: tensor([0.0000, 0.0000, 0.0000, 0.0000, 0.0000, 0.0000, 0.0000, 0.0000, 0.0013,
        0.0000, 0.0000, 0.0000, 0.9987, 0.0000, 0.0000, 0.0000])
[2026-06-26 10:49:29,985][root][INFO] - Epoch: 16 | train acc: 0.9197, train loss: 32.69542525, valid acc: 0.9113, valid loss: 0.32017817, test acc: 0.9078, test loss: 0.31920473
[2026-06-26 10:49:35,073][root][INFO] - reg loss: 4.051875510305728, entropy loss: 0.13640985806595604, leaf dev: 0.2494228035211563
[2026-06-26 10:49:35,073][root][INFO] - Val leaf stats: tensor([0.0000, 0.0000, 0.0000, 0.0000, 0.0000, 0.0000, 0.0000, 0.0000, 0.0022,
        0.0000, 0.0000, 0.0000, 0.9978, 0.0000, 0.0000, 0.0000])
[2026-06-26 10:50:13,862][root][INFO] - Epoch: 17 | train acc: 0.9207, train loss: 32.70559023, valid acc: 0.9113, valid loss: 0.31853041, test acc: 0.9074, test loss: 0.32057559
[2026-06-26 10:50:18,770][root][INFO] - reg loss: 4.053496351781881, entropy loss: 0.1355307937230704, leaf dev: 0.24937845766544342
[2026-06-26 10:50:18,772][root][INFO] - Val leaf stats: tensor([0.0000, 0.0000, 0.0000, 0.0000, 0.0000, 0.0000, 0.0000, 0.0000, 0.0023,
        0.0000, 0.0000, 0.0000, 0.9977, 0.0000, 0.0000, 0.0000])
[2026-06-26 10:50:58,419][root][INFO] - Epoch: 18 | train acc: 0.9218, train loss: 32.73090989, valid acc: 0.9142, valid loss: 0.31694057, test acc: 0.9074, test loss: 0.32043627
[2026-06-26 10:51:03,380][root][INFO] - reg loss: 4.056997290197408, entropy loss: 0.13467707681768346, leaf dev: 0.24933411180973053
[2026-06-26 10:51:03,381][root][INFO] - Val leaf stats: tensor([0.0000, 0.0000, 0.0000, 0.0000, 0.0000, 0.0000, 0.0000, 0.0000, 0.0025,
        0.0000, 0.0000, 0.0000, 0.9975, 0.0000, 0.0000, 0.0000])
[2026-06-26 10:51:43,083][root][INFO] - Epoch: 19 | train acc: 0.9233, train loss: 32.73252865, valid acc: 0.9113, valid loss: 0.31945717, test acc: 0.9071, test loss: 0.31995607
[2026-06-26 10:51:47,921][root][INFO] - reg loss: 4.057392106865937, entropy loss: 0.13373464331874307, leaf dev: 0.24933411180973053
[2026-06-26 10:51:47,922][root][INFO] - Val leaf stats: tensor([0.0000, 0.0000, 0.0000, 0.0000, 0.0000, 0.0000, 0.0000, 0.0000, 0.0025,
        0.0000, 0.0000, 0.0000, 0.9975, 0.0000, 0.0000, 0.0000])
[2026-06-26 10:52:25,647][root][INFO] - Epoch: 20 | train acc: 0.9230, train loss: 32.74100563, valid acc: 0.9118, valid loss: 0.31488743, test acc: 0.9105, test loss: 0.31335276
[2026-06-26 10:52:30,765][root][INFO] - reg loss: 4.058818956591049, entropy loss: 0.1330937939291855, leaf dev: 0.2491123527288437
[2026-06-26 10:52:30,766][root][INFO] - Val leaf stats: tensor([0.0000e+00, 0.0000e+00, 0.0000e+00, 0.0000e+00, 0.0000e+00, 0.0000e+00,
        0.0000e+00, 0.0000e+00, 3.1667e-03, 0.0000e+00, 0.0000e+00, 0.0000e+00,
        9.9667e-01, 0.0000e+00, 1.6667e-04, 0.0000e+00])
[2026-06-26 10:53:09,323][root][INFO] - Epoch: 21 | train acc: 0.9237, train loss: 32.76496470, valid acc: 0.9123, valid loss: 0.31381083, test acc: 0.9095, test loss: 0.31595846
[2026-06-26 10:53:13,975][root][INFO] - reg loss: 4.061735949426327, entropy loss: 0.13242602812231713, leaf dev: 0.24915680289268494
[2026-06-26 10:53:13,976][root][INFO] - Val leaf stats: tensor([0.0000, 0.0000, 0.0000, 0.0000, 0.0000, 0.0000, 0.0000, 0.0000, 0.0032,
        0.0000, 0.0000, 0.0000, 0.9968, 0.0000, 0.0000, 0.0000])
[2026-06-26 10:53:52,861][root][INFO] - Epoch: 22 | train acc: 0.9238, train loss: 32.73073218, valid acc: 0.9142, valid loss: 0.33506591, test acc: 0.9110, test loss: 0.31286008
[2026-06-26 10:53:58,055][root][INFO] - reg loss: 4.057651456796898, entropy loss: 0.13181087641783482, leaf dev: 0.2486695796251297
[2026-06-26 10:53:58,056][root][INFO] - Val leaf stats: tensor([0.0000e+00, 0.0000e+00, 0.0000e+00, 0.0000e+00, 0.0000e+00, 0.0000e+00,
        0.0000e+00, 0.0000e+00, 4.8333e-03, 0.0000e+00, 0.0000e+00, 0.0000e+00,
        9.9500e-01, 0.0000e+00, 1.6667e-04, 0.0000e+00])
[2026-06-26 10:54:38,415][root][INFO] - Epoch: 23 | train acc: 0.9248, train loss: 32.74537936, valid acc: 0.9160, valid loss: 0.32000210, test acc: 0.9110, test loss: 0.31086141
[2026-06-26 10:54:43,667][root][INFO] - reg loss: 4.0599173509849695, entropy loss: 0.13130982965230942, leaf dev: 0.24889087677001953
[2026-06-26 10:54:43,668][root][INFO] - Val leaf stats: tensor([0.0000e+00, 0.0000e+00, 0.0000e+00, 0.0000e+00, 0.0000e+00, 0.0000e+00,
        0.0000e+00, 0.0000e+00, 4.0000e-03, 0.0000e+00, 0.0000e+00, 0.0000e+00,
        9.9583e-01, 0.0000e+00, 1.6667e-04, 0.0000e+00])
[2026-06-26 10:55:22,119][root][INFO] - Epoch: 24 | train acc: 0.9255, train loss: 32.79505917, valid acc: 0.9185, valid loss: 0.32728418, test acc: 0.9099, test loss: 0.31362857
[2026-06-26 10:55:27,097][root][INFO] - reg loss: 4.065846078800705, entropy loss: 0.13095818410785692, leaf dev: 0.24866938591003418
[2026-06-26 10:55:27,098][root][INFO] - Val leaf stats: tensor([0.0000e+00, 0.0000e+00, 0.0000e+00, 0.0000e+00, 0.0000e+00, 0.0000e+00,
        0.0000e+00, 0.0000e+00, 4.6667e-03, 0.0000e+00, 0.0000e+00, 0.0000e+00,
        9.9500e-01, 0.0000e+00, 3.3333e-04, 0.0000e+00])
[2026-06-26 10:56:05,693][root][INFO] - Epoch: 25 | train acc: 0.9261, train loss: 32.79241198, valid acc: 0.9177, valid loss: 0.31388981, test acc: 0.9131, test loss: 0.30369918
[2026-06-26 10:56:10,192][root][INFO] - reg loss: 4.065995526763628, entropy loss: 0.13044358677459214, leaf dev: 0.24849265813827515
[2026-06-26 10:56:10,193][root][INFO] - Val leaf stats: tensor([0.0000e+00, 0.0000e+00, 0.0000e+00, 0.0000e+00, 0.0000e+00, 0.0000e+00,
        0.0000e+00, 0.0000e+00, 5.5000e-03, 0.0000e+00, 0.0000e+00, 0.0000e+00,
        9.9433e-01, 0.0000e+00, 1.6667e-04, 0.0000e+00])
[2026-06-26 10:56:48,972][root][INFO] - Epoch: 26 | train acc: 0.9265, train loss: 32.80932383, valid acc: 0.9165, valid loss: 0.32430474, test acc: 0.9114, test loss: 0.31753722
[2026-06-26 10:56:54,081][root][INFO] - reg loss: 4.068452731618342, entropy loss: 0.13006282225251198, leaf dev: 0.2488907128572464
[2026-06-26 10:56:54,082][root][INFO] - Val leaf stats: tensor([0.0000e+00, 0.0000e+00, 0.0000e+00, 0.0000e+00, 0.0000e+00, 0.0000e+00,
        0.0000e+00, 0.0000e+00, 3.8333e-03, 0.0000e+00, 0.0000e+00, 0.0000e+00,
        9.9583e-01, 0.0000e+00, 3.3333e-04, 0.0000e+00])
[2026-06-26 10:57:32,613][root][INFO] - Epoch: 27 | train acc: 0.9261, train loss: 32.83860171, valid acc: 0.9148, valid loss: 0.31128217, test acc: 0.9137, test loss: 0.30238098
[2026-06-26 10:57:37,711][root][INFO] - reg loss: 4.071892598889908, entropy loss: 0.12960757167553003, leaf dev: 0.24818278849124908
[2026-06-26 10:57:37,712][root][INFO] - Val leaf stats: tensor([0.0000e+00, 5.0000e-04, 0.0000e+00, 0.0000e+00, 0.0000e+00, 0.0000e+00,
        0.0000e+00, 0.0000e+00, 6.3333e-03, 0.0000e+00, 0.0000e+00, 0.0000e+00,
        9.9317e-01, 0.0000e+00, 0.0000e+00, 0.0000e+00])
[2026-06-26 10:58:15,054][root][INFO] - Epoch: 28 | train acc: 0.9277, train loss: 32.82123548, valid acc: 0.9183, valid loss: 0.30428119, test acc: 0.9157, test loss: 0.30230565
[2026-06-26 10:58:20,561][root][INFO] - reg loss: 4.0702862829532265, entropy loss: 0.12908132121248064, leaf dev: 0.24866938591003418
[2026-06-26 10:58:20,562][root][INFO] - Val leaf stats: tensor([0.0000e+00, 0.0000e+00, 0.0000e+00, 0.0000e+00, 0.0000e+00, 0.0000e+00,
        0.0000e+00, 0.0000e+00, 4.6667e-03, 0.0000e+00, 0.0000e+00, 0.0000e+00,
        9.9500e-01, 0.0000e+00, 3.3333e-04, 0.0000e+00])
[2026-06-26 10:58:59,945][root][INFO] - Epoch: 29 | train acc: 0.9276, train loss: 32.77069912, valid acc: 0.9167, valid loss: 0.30526774, test acc: 0.9131, test loss: 0.30383327
[2026-06-26 10:59:05,032][root][INFO] - reg loss: 4.064280469462557, entropy loss: 0.12906876529725092, leaf dev: 0.24822670221328735
[2026-06-26 10:59:05,033][root][INFO] - Val leaf stats: tensor([0.0000e+00, 5.0000e-04, 0.0000e+00, 0.0000e+00, 0.0000e+00, 0.0000e+00,
        0.0000e+00, 0.0000e+00, 6.0000e-03, 0.0000e+00, 0.0000e+00, 0.0000e+00,
        9.9333e-01, 0.0000e+00, 1.6667e-04, 0.0000e+00])
[2026-06-26 10:59:44,162][root][INFO] - Epoch: 30 | train acc: 0.9279, train loss: 32.86342333, valid acc: 0.9175, valid loss: 0.30335245, test acc: 0.9150, test loss: 0.31298155
[2026-06-26 10:59:49,125][root][INFO] - reg loss: 4.07606899963235, entropy loss: 0.1289795940777041, leaf dev: 0.24685733020305634
[2026-06-26 10:59:49,126][root][INFO] - Val leaf stats: tensor([0.0000e+00, 8.3333e-04, 0.0000e+00, 0.0000e+00, 0.0000e+00, 0.0000e+00,
        0.0000e+00, 0.0000e+00, 1.0167e-02, 0.0000e+00, 0.0000e+00, 0.0000e+00,
        9.8817e-01, 0.0000e+00, 8.3333e-04, 0.0000e+00])
[2026-06-26 11:00:27,837][root][INFO] - Epoch: 31 | train acc: 0.9297, train loss: 32.87371020, valid acc: 0.9177, valid loss: 0.30532291, test acc: 0.9147, test loss: 0.30348555
[2026-06-26 11:00:32,861][root][INFO] - reg loss: 4.077601266357134, entropy loss: 0.1279862087993127, leaf dev: 0.24751874804496765
[2026-06-26 11:00:32,862][root][INFO] - Val leaf stats: tensor([0.0000e+00, 6.6667e-04, 0.0000e+00, 0.0000e+00, 0.0000e+00, 0.0000e+00,
        0.0000e+00, 0.0000e+00, 7.8333e-03, 0.0000e+00, 0.0000e+00, 0.0000e+00,
        9.9067e-01, 0.0000e+00, 8.3333e-04, 0.0000e+00])
[2026-06-26 11:01:11,969][root][INFO] - Epoch: 32 | train acc: 0.9299, train loss: 32.89974734, valid acc: 0.9197, valid loss: 0.30250257, test acc: 0.9161, test loss: 0.30352392
[2026-06-26 11:01:17,184][root][INFO] - reg loss: 4.08114144487201, entropy loss: 0.12687678740553135, leaf dev: 0.24747370183467865
[2026-06-26 11:01:17,185][root][INFO] - Val leaf stats: tensor([0.0000, 0.0010, 0.0000, 0.0000, 0.0000, 0.0000, 0.0000, 0.0000, 0.0075,
        0.0000, 0.0000, 0.0000, 0.9905, 0.0000, 0.0010, 0.0000])
[2026-06-26 11:01:57,241][root][INFO] - Epoch: 33 | train acc: 0.9299, train loss: 32.86668598, valid acc: 0.9175, valid loss: 0.30049914, test acc: 0.9143, test loss: 0.32849972
[2026-06-26 11:02:01,951][root][INFO] - reg loss: 4.077305523854382, entropy loss: 0.12477273817332286, leaf dev: 0.24729755520820618
[2026-06-26 11:02:01,952][root][INFO] - Val leaf stats: tensor([0.0000e+00, 1.0000e-03, 0.0000e+00, 0.0000e+00, 0.0000e+00, 0.0000e+00,
        0.0000e+00, 0.0000e+00, 8.3333e-03, 0.0000e+00, 0.0000e+00, 0.0000e+00,
        9.8983e-01, 0.0000e+00, 8.3333e-04, 0.0000e+00])
[2026-06-26 11:02:41,118][root][INFO] - Epoch: 34 | train acc: 0.9312, train loss: 32.93666008, valid acc: 0.9190, valid loss: 0.29950899, test acc: 0.9152, test loss: 0.32691769
[2026-06-26 11:02:46,259][root][INFO] - reg loss: 4.086493937474377, entropy loss: 0.12373951857663551, leaf dev: 0.2466355860233307
[2026-06-26 11:02:46,260][root][INFO] - Val leaf stats: tensor([0.0000, 0.0013, 0.0000, 0.0000, 0.0000, 0.0000, 0.0000, 0.0000, 0.0103,
        0.0000, 0.0000, 0.0000, 0.9873, 0.0000, 0.0010, 0.0000])
[2026-06-26 11:03:24,590][root][INFO] - Epoch: 35 | train acc: 0.9304, train loss: 33.04537780, valid acc: 0.9203, valid loss: 0.29325299, test acc: 0.9144, test loss: 0.32716694
[2026-06-26 11:03:29,849][root][INFO] - reg loss: 4.097804271949912, entropy loss: 0.12313031102969961, leaf dev: 0.24813567101955414
[2026-06-26 11:03:29,850][root][INFO] - Val leaf stats: tensor([0.0000, 0.0018, 0.0000, 0.0000, 0.0000, 0.0000, 0.0000, 0.0000, 0.0040,
        0.0000, 0.0000, 0.0000, 0.9930, 0.0000, 0.0012, 0.0000])
[2026-06-26 11:04:07,930][root][INFO] - Epoch: 36 | train acc: 0.9286, train loss: 32.66932729, valid acc: 0.9225, valid loss: 0.29021222, test acc: 0.9142, test loss: 0.32162445
[2026-06-26 11:04:13,124][root][INFO] - reg loss: 4.0508704320439755, entropy loss: 0.1190667099688413, leaf dev: 0.24813684821128845
[2026-06-26 11:04:13,126][root][INFO] - Val leaf stats: tensor([0.0000e+00, 1.6667e-03, 0.0000e+00, 0.0000e+00, 0.0000e+00, 0.0000e+00,
        0.0000e+00, 0.0000e+00, 5.1667e-03, 0.0000e+00, 0.0000e+00, 0.0000e+00,
        9.9300e-01, 0.0000e+00, 1.6667e-04, 0.0000e+00])
[2026-06-26 11:04:51,402][root][INFO] - Epoch: 37 | train acc: 0.9299, train loss: 32.69524952, valid acc: 0.9212, valid loss: 0.28573070, test acc: 0.9155, test loss: 0.32499113
[2026-06-26 11:04:56,720][root][INFO] - reg loss: 4.055549369668061, entropy loss: 0.11882217537682012, leaf dev: 0.24655091762542725
[2026-06-26 11:04:56,722][root][INFO] - Val leaf stats: tensor([0.0000, 0.0012, 0.0000, 0.0000, 0.0000, 0.0000, 0.0000, 0.0000, 0.0118,
        0.0000, 0.0000, 0.0000, 0.9870, 0.0000, 0.0000, 0.0000])
[2026-06-26 11:05:35,187][root][INFO] - Epoch: 38 | train acc: 0.9311, train loss: 32.81269415, valid acc: 0.9185, valid loss: 0.33012003, test acc: 0.9153, test loss: 0.33396659
[2026-06-26 11:05:40,647][root][INFO] - reg loss: 4.070885590787204, entropy loss: 0.11929705521126963, leaf dev: 0.246281236410141
[2026-06-26 11:05:40,648][root][INFO] - Val leaf stats: tensor([0.0000e+00, 2.5000e-03, 0.0000e+00, 0.0000e+00, 0.0000e+00, 0.0000e+00,
        0.0000e+00, 0.0000e+00, 1.0667e-02, 8.3333e-04, 0.0000e+00, 0.0000e+00,
        9.8600e-01, 0.0000e+00, 0.0000e+00, 0.0000e+00])
[2026-06-26 11:06:19,349][root][INFO] - Epoch: 39 | train acc: 0.9321, train loss: 32.85404371, valid acc: 0.9195, valid loss: 0.28504902, test acc: 0.9162, test loss: 0.31822605
[2026-06-26 11:06:24,689][root][INFO] - reg loss: 4.07612259882801, entropy loss: 0.11720347692662815, leaf dev: 0.2463272213935852
[2026-06-26 11:06:24,690][root][INFO] - Val leaf stats: tensor([0.0000, 0.0027, 0.0000, 0.0000, 0.0000, 0.0000, 0.0000, 0.0000, 0.0112,
        0.0000, 0.0000, 0.0000, 0.9862, 0.0000, 0.0000, 0.0000])
[2026-06-26 11:07:03,698][root][INFO] - Epoch: 40 | train acc: 0.9320, train loss: 32.82917627, valid acc: 0.9208, valid loss: 0.28143607, test acc: 0.9181, test loss: 0.33671533
[2026-06-26 11:07:08,845][root][INFO] - reg loss: 4.073731804793736, entropy loss: 0.11369546629347892, leaf dev: 0.2458399385213852
[2026-06-26 11:07:08,846][root][INFO] - Val leaf stats: tensor([0.0000e+00, 3.8333e-03, 0.0000e+00, 0.0000e+00, 0.0000e+00, 0.0000e+00,
        0.0000e+00, 0.0000e+00, 1.1500e-02, 0.0000e+00, 0.0000e+00, 0.0000e+00,
        9.8433e-01, 0.0000e+00, 3.3333e-04, 0.0000e+00])
[2026-06-26 11:07:46,814][root][INFO] - Epoch: 41 | train acc: 0.9330, train loss: 32.85840063, valid acc: 0.9195, valid loss: 0.28356706, test acc: 0.9179, test loss: 0.33343877
[2026-06-26 11:07:52,125][root][INFO] - reg loss: 4.076959299591352, entropy loss: 0.1126807191461887, leaf dev: 0.2451750934123993
[2026-06-26 11:07:52,126][root][INFO] - Val leaf stats: tensor([0.0000e+00, 6.6667e-03, 0.0000e+00, 0.0000e+00, 0.0000e+00, 0.0000e+00,
        0.0000e+00, 0.0000e+00, 1.1000e-02, 0.0000e+00, 0.0000e+00, 0.0000e+00,
        9.8183e-01, 0.0000e+00, 5.0000e-04, 0.0000e+00])
[2026-06-26 11:08:29,290][root][INFO] - Epoch: 42 | train acc: 0.9336, train loss: 32.87797043, valid acc: 0.9205, valid loss: 0.28310600, test acc: 0.9163, test loss: 0.33037890
[2026-06-26 11:08:34,649][root][INFO] - reg loss: 4.080190330181482, entropy loss: 0.1130902996321894, leaf dev: 0.2460581660270691
[2026-06-26 11:08:34,650][root][INFO] - Val leaf stats: tensor([0.0000e+00, 4.3333e-03, 0.0000e+00, 0.0000e+00, 0.0000e+00, 0.0000e+00,
        0.0000e+00, 0.0000e+00, 9.8333e-03, 0.0000e+00, 0.0000e+00, 0.0000e+00,
        9.8517e-01, 0.0000e+00, 6.6667e-04, 0.0000e+00])
[2026-06-26 11:09:12,914][root][INFO] - Epoch: 43 | train acc: 0.9333, train loss: 32.87187443, valid acc: 0.9183, valid loss: 0.29331407, test acc: 0.9149, test loss: 0.33177850
[2026-06-26 11:09:18,524][root][INFO] - reg loss: 4.079680154908378, entropy loss: 0.11153290462943743, leaf dev: 0.24451260268688202
[2026-06-26 11:09:18,525][root][INFO] - Val leaf stats: tensor([0.0000e+00, 9.0000e-03, 0.0000e+00, 0.0000e+00, 0.0000e+00, 0.0000e+00,
        0.0000e+00, 0.0000e+00, 1.1000e-02, 0.0000e+00, 0.0000e+00, 0.0000e+00,
        9.7933e-01, 0.0000e+00, 6.6667e-04, 0.0000e+00])
[2026-06-26 11:09:57,106][root][INFO] - Epoch: 44 | train acc: 0.9340, train loss: 32.93309046, valid acc: 0.9202, valid loss: 0.28473126, test acc: 0.9186, test loss: 0.32789207
[2026-06-26 11:10:02,675][root][INFO] - reg loss: 4.087523365920445, entropy loss: 0.11022779682897171, leaf dev: 0.24535255134105682
[2026-06-26 11:10:02,677][root][INFO] - Val leaf stats: tensor([0.0000e+00, 5.0000e-03, 0.0000e+00, 0.0000e+00, 0.0000e+00, 0.0000e+00,
        0.0000e+00, 0.0000e+00, 1.1667e-02, 0.0000e+00, 0.0000e+00, 0.0000e+00,
        9.8250e-01, 0.0000e+00, 8.3333e-04, 0.0000e+00])
[2026-06-26 11:10:40,754][root][INFO] - Epoch: 45 | train acc: 0.9346, train loss: 32.97568850, valid acc: 0.9225, valid loss: 0.28283191, test acc: 0.9168, test loss: 0.32656598
[2026-06-26 11:10:46,329][root][INFO] - reg loss: 4.093043781676382, entropy loss: 0.1095370222937386, leaf dev: 0.24447095394134521
[2026-06-26 11:10:46,330][root][INFO] - Val leaf stats: tensor([0.0000, 0.0063, 0.0000, 0.0000, 0.0000, 0.0000, 0.0000, 0.0000, 0.0135,
        0.0000, 0.0000, 0.0000, 0.9792, 0.0000, 0.0010, 0.0000])
[2026-06-26 11:11:25,585][root][INFO] - Epoch: 46 | train acc: 0.9352, train loss: 32.97577077, valid acc: 0.9220, valid loss: 0.28104267, test acc: 0.9180, test loss: 0.32178401
[2026-06-26 11:11:30,452][root][INFO] - reg loss: 4.092822731665845, entropy loss: 0.1081683781208857, leaf dev: 0.24499733746051788
[2026-06-26 11:11:30,453][root][INFO] - Val leaf stats: tensor([0.0000, 0.0070, 0.0000, 0.0000, 0.0000, 0.0000, 0.0000, 0.0000, 0.0108,
        0.0000, 0.0000, 0.0000, 0.9812, 0.0000, 0.0010, 0.0000])
[2026-06-26 11:12:08,057][root][INFO] - Epoch: 47 | train acc: 0.9356, train loss: 32.97689549, valid acc: 0.9210, valid loss: 0.28718953, test acc: 0.9168, test loss: 0.32906011
[2026-06-26 11:12:13,694][root][INFO] - reg loss: 4.093811084639351, entropy loss: 0.10695996051127056, leaf dev: 0.2434157431125641
[2026-06-26 11:12:13,696][root][INFO] - Val leaf stats: tensor([0.0000, 0.0078, 0.0000, 0.0000, 0.0000, 0.0000, 0.0000, 0.0000, 0.0160,
        0.0000, 0.0000, 0.0000, 0.9752, 0.0000, 0.0010, 0.0000])
[2026-06-26 11:12:52,489][root][INFO] - Epoch: 48 | train acc: 0.9359, train loss: 33.03149076, valid acc: 0.9223, valid loss: 0.27845640, test acc: 0.9183, test loss: 0.31457084
[2026-06-26 11:12:57,701][root][INFO] - reg loss: 4.099577121014865, entropy loss: 0.10726751886167617, leaf dev: 0.24451112747192383
[2026-06-26 11:12:57,702][root][INFO] - Val leaf stats: tensor([0.0000, 0.0095, 0.0000, 0.0000, 0.0000, 0.0000, 0.0000, 0.0000, 0.0100,
        0.0000, 0.0000, 0.0000, 0.9793, 0.0000, 0.0012, 0.0000])
[2026-06-26 11:13:36,046][root][INFO] - Epoch: 49 | train acc: 0.9372, train loss: 33.01454029, valid acc: 0.9212, valid loss: 0.28577130, test acc: 0.9209, test loss: 0.31062514
[2026-06-26 11:13:41,265][root][INFO] - reg loss: 4.099105843957865, entropy loss: 0.10895546040726158, leaf dev: 0.24332226812839508
[2026-06-26 11:13:41,266][root][INFO] - Val leaf stats: tensor([0.0000, 0.0122, 0.0000, 0.0000, 0.0000, 0.0000, 0.0000, 0.0000, 0.0117,
        0.0000, 0.0000, 0.0000, 0.9748, 0.0000, 0.0013, 0.0000])
[2026-06-26 11:13:46,162][root][INFO] - Val leaf stats: tensor([0.0000, 0.0122, 0.0000, 0.0000, 0.0000, 0.0000, 0.0000, 0.0000, 0.0117,
        0.0000, 0.0000, 0.0000, 0.9748, 0.0000, 0.0013, 0.0000])
[2026-06-26 11:13:48,678][root][INFO] - MLFlow server is starting on LOCAL with experiment STM_MNIST_std_seeded...
[2026-06-26 11:13:48,782][root][INFO] - MLFlow run ID: 3e6b56d201c44c319c837f4ac68cbd3f, status: RUNNING
[2026-06-26 11:13:48,890][root][INFO] - Starting experiment IATrain...
[2026-06-26 11:13:50,759][root][INFO] - MLFlow server is starting on LOCAL with experiment APL_MNIST_std_seeded...
[2026-06-26 11:13:50,925][root][INFO] - MLFlow run ID: cbec76e0d01a4cd3804c99ff24eb50ce, status: RUNNING
[2026-06-26 11:13:51,057][root][INFO] - Starting experiment IATrain...
[2026-06-26 11:13:52,714][root][INFO] - Test leaf std: 0.2447654753923416, Val leaf std: 0.24332226812839508
[2026-06-26 11:13:59,174][root][INFO] - FINAL TEST | acc: 0.9209, loss: 0.3106, 
