[2026-06-08 22:08:38,086][root][INFO] - MLFlow server is starting on LOCAL with experiment STM_mnist_iafff_hard_seed...
[2026-06-08 22:08:38,447][root][INFO] - MLFlow run ID: 6b4272623b234a6e92824438d7995825, status: RUNNING
[2026-06-08 22:08:38,615][root][INFO] - Starting experiment IATrain...
[2026-06-08 22:09:08,955][root][INFO] - Epoch: 0 | train acc: 0.5812, train loss: 1.64321352, valid acc: 0.7743, valid loss: 0.79408692, test acc: 0.7745, test loss: 0.78702368
[2026-06-08 22:09:09,774][root][INFO] - reg loss: 12.98777360736199, entropy loss: 0.3944792736251399, leaf dev: 0.09330426156520844
[2026-06-08 22:09:09,777][root][INFO] - Val leaf stats: tensor([0.1013, 0.0787, 0.2450, 0.2268, 0.0860, 0.0000, 0.2397, 0.0173, 0.0000,
        0.0000, 0.0028, 0.0000, 0.0023, 0.0000, 0.0000, 0.0000])
[2026-06-08 22:09:40,899][root][INFO] - Epoch: 1 | train acc: 0.8095, train loss: 0.89779367, valid acc: 0.8310, valid loss: 0.56938491, test acc: 0.8315, test loss: 0.55266184
[2026-06-08 22:09:41,721][root][INFO] - reg loss: 9.382082291369167, entropy loss: 0.26705260040625084, leaf dev: 0.10004647076129913
[2026-06-08 22:09:41,722][root][INFO] - Val leaf stats: tensor([0.1740, 0.1282, 0.3325, 0.0380, 0.0883, 0.0000, 0.2142, 0.0063, 0.0000,
        0.0000, 0.0040, 0.0000, 0.0145, 0.0000, 0.0000, 0.0000])
[2026-06-08 22:10:12,901][root][INFO] - Epoch: 2 | train acc: 0.8512, train loss: 0.76156541, valid acc: 0.8622, valid loss: 0.47624066, test acc: 0.8689, test loss: 0.45776167
[2026-06-08 22:10:13,720][root][INFO] - reg loss: 9.02248467139478, entropy loss: 0.25896363255550275, leaf dev: 0.08780685812234879
[2026-06-08 22:10:13,720][root][INFO] - Val leaf stats: tensor([0.1792, 0.0988, 0.2670, 0.0897, 0.1015, 0.0058, 0.2135, 0.0282, 0.0000,
        0.0000, 0.0008, 0.0000, 0.0155, 0.0000, 0.0000, 0.0000])
[2026-06-08 22:10:45,063][root][INFO] - Epoch: 3 | train acc: 0.8736, train loss: 0.68831498, valid acc: 0.8173, valid loss: 0.71550226, test acc: 0.8275, test loss: 0.67426833
[2026-06-08 22:10:45,915][root][INFO] - reg loss: 8.715710900864512, entropy loss: 0.2493076279478253, leaf dev: 0.09851033240556717
[2026-06-08 22:10:45,916][root][INFO] - Val leaf stats: tensor([0.1363, 0.0563, 0.0997, 0.0637, 0.0083, 0.0040, 0.1953, 0.0510, 0.0000,
        0.0000, 0.0235, 0.0000, 0.3618, 0.0000, 0.0000, 0.0000])
[2026-06-08 22:11:15,772][root][INFO] - Epoch: 4 | train acc: 0.8624, train loss: 0.72966582, valid acc: 0.8492, valid loss: 0.51032423, test acc: 0.8539, test loss: 0.49163459
[2026-06-08 22:11:16,604][root][INFO] - reg loss: 7.667300197313416, entropy loss: 0.23327960242640297, leaf dev: 0.08408906310796738
[2026-06-08 22:11:16,604][root][INFO] - Val leaf stats: tensor([2.4317e-01, 1.6483e-01, 1.1550e-01, 7.5000e-02, 1.8167e-02, 6.6667e-04,
        7.7500e-02, 6.2500e-02, 0.0000e+00, 0.0000e+00, 1.2500e-02, 0.0000e+00,
        2.3000e-01, 1.6667e-04, 0.0000e+00, 0.0000e+00])
[2026-06-08 22:11:47,791][root][INFO] - Epoch: 5 | train acc: 0.8976, train loss: 0.58711340, valid acc: 0.8833, valid loss: 0.39090216, test acc: 0.8856, test loss: 0.36735545
[2026-06-08 22:11:48,599][root][INFO] - reg loss: 7.6649132269733355, entropy loss: 0.22574065428859783, leaf dev: 0.07484875619411469
[2026-06-08 22:11:48,600][root][INFO] - Val leaf stats: tensor([1.8883e-01, 1.3733e-01, 1.3817e-01, 1.2167e-01, 2.3333e-02, 1.3333e-03,
        1.7233e-01, 4.9833e-02, 0.0000e+00, 0.0000e+00, 7.8333e-03, 0.0000e+00,
        1.5917e-01, 1.6667e-04, 0.0000e+00, 0.0000e+00])
[2026-06-08 22:12:20,200][root][INFO] - Epoch: 6 | train acc: 0.8824, train loss: 0.62539190, valid acc: 0.8462, valid loss: 0.53154319, test acc: 0.8453, test loss: 0.51120347
[2026-06-08 22:12:21,032][root][INFO] - reg loss: 7.537531384881937, entropy loss: 0.20950476473794793, leaf dev: 0.10489048808813095
[2026-06-08 22:12:21,033][root][INFO] - Val leaf stats: tensor([0.2680, 0.2427, 0.0657, 0.0647, 0.0060, 0.0003, 0.0310, 0.0140, 0.0000,
        0.0000, 0.0100, 0.0000, 0.2950, 0.0027, 0.0000, 0.0000])
[2026-06-08 22:12:52,059][root][INFO] - Epoch: 7 | train acc: 0.8908, train loss: 0.59202075, valid acc: 0.8827, valid loss: 0.40710542, test acc: 0.8907, test loss: 0.38015671
[2026-06-08 22:12:52,891][root][INFO] - reg loss: 7.3358324833636015, entropy loss: 0.2166477285747258, leaf dev: 0.0815642699599266
[2026-06-08 22:12:52,892][root][INFO] - Val leaf stats: tensor([0.1680, 0.1752, 0.0578, 0.1217, 0.0243, 0.0015, 0.1235, 0.0372, 0.0000,
        0.0000, 0.0087, 0.0000, 0.2597, 0.0225, 0.0000, 0.0000])
[2026-06-08 22:13:24,369][root][INFO] - Epoch: 8 | train acc: 0.9135, train loss: 0.52178688, valid acc: 0.8987, valid loss: 0.34628454, test acc: 0.9081, test loss: 0.32556725
[2026-06-08 22:13:25,193][root][INFO] - reg loss: 7.437518412212156, entropy loss: 0.22500016048269453, leaf dev: 0.0750882476568222
[2026-06-08 22:13:25,194][root][INFO] - Val leaf stats: tensor([0.1605, 0.1253, 0.0865, 0.1018, 0.0342, 0.0032, 0.1708, 0.0463, 0.0000,
        0.0000, 0.0072, 0.0000, 0.2328, 0.0313, 0.0000, 0.0000])
[2026-06-08 22:13:56,514][root][INFO] - Epoch: 9 | train acc: 0.9220, train loss: 0.49324068, valid acc: 0.9090, valid loss: 0.31563920, test acc: 0.9151, test loss: 0.30047920
[2026-06-08 22:13:57,362][root][INFO] - reg loss: 7.47372119831589, entropy loss: 0.2272080509167797, leaf dev: 0.07183192670345306
[2026-06-08 22:13:57,363][root][INFO] - Val leaf stats: tensor([0.1697, 0.1280, 0.1058, 0.1057, 0.0360, 0.0028, 0.1723, 0.0417, 0.0000,
        0.0000, 0.0063, 0.0000, 0.1957, 0.0360, 0.0000, 0.0000])
[2026-06-08 22:14:28,627][root][INFO] - Epoch: 10 | train acc: 0.9166, train loss: 0.50505834, valid acc: 0.9037, valid loss: 0.33269314, test acc: 0.9071, test loss: 0.31323572
[2026-06-08 22:14:29,451][root][INFO] - reg loss: 7.3630364391039, entropy loss: 0.22327734052010303, leaf dev: 0.08217589557170868
[2026-06-08 22:14:29,451][root][INFO] - Val leaf stats: tensor([0.1540, 0.1318, 0.0883, 0.0777, 0.0330, 0.0042, 0.1882, 0.0095, 0.0000,
        0.0000, 0.0098, 0.0000, 0.2660, 0.0375, 0.0000, 0.0000])
[2026-06-08 22:15:01,297][root][INFO] - Epoch: 11 | train acc: 0.9261, train loss: 0.46411054, valid acc: 0.9147, valid loss: 0.31351076, test acc: 0.9123, test loss: 0.30183258
[2026-06-08 22:15:02,156][root][INFO] - reg loss: 7.2973149587523265, entropy loss: 0.21175346959312008, leaf dev: 0.07667746394872665
[2026-06-08 22:15:02,156][root][INFO] - Val leaf stats: tensor([0.1847, 0.1165, 0.1367, 0.0685, 0.0387, 0.0067, 0.2158, 0.0198, 0.0000,
        0.0000, 0.0072, 0.0000, 0.1733, 0.0322, 0.0000, 0.0000])
[2026-06-08 22:15:33,743][root][INFO] - Epoch: 12 | train acc: 0.9294, train loss: 0.45535549, valid acc: 0.9162, valid loss: 0.30129156, test acc: 0.9146, test loss: 0.29228411
[2026-06-08 22:15:34,545][root][INFO] - reg loss: 7.331185390364449, entropy loss: 0.2171544089632214, leaf dev: 0.07326160371303558
[2026-06-08 22:15:34,546][root][INFO] - Val leaf stats: tensor([1.3633e-01, 1.2367e-01, 9.2833e-02, 8.9167e-02, 4.0000e-02, 6.3333e-03,
        1.8117e-01, 4.0667e-02, 0.0000e+00, 0.0000e+00, 1.0833e-02, 0.0000e+00,
        2.3283e-01, 4.6000e-02, 0.0000e+00, 1.6667e-04])
[2026-06-08 22:16:06,187][root][INFO] - Epoch: 13 | train acc: 0.9301, train loss: 0.44811739, valid acc: 0.9063, valid loss: 0.32453552, test acc: 0.9074, test loss: 0.32212859
[2026-06-08 22:16:07,074][root][INFO] - reg loss: 7.270747256728838, entropy loss: 0.2146761878481451, leaf dev: 0.08081849664449692
[2026-06-08 22:16:07,075][root][INFO] - Val leaf stats: tensor([0.0742, 0.1753, 0.0792, 0.0773, 0.0332, 0.0062, 0.2005, 0.0358, 0.0000,
        0.0000, 0.0152, 0.0000, 0.2593, 0.0433, 0.0000, 0.0005])
[2026-06-08 22:16:38,748][root][INFO] - Epoch: 14 | train acc: 0.9117, train loss: 0.50304491, valid acc: 0.8703, valid loss: 0.42850912, test acc: 0.8811, test loss: 0.41406193
[2026-06-08 22:16:39,645][root][INFO] - reg loss: 7.088380624663155, entropy loss: 0.20199526986985836, leaf dev: 0.09316093474626541
[2026-06-08 22:16:39,646][root][INFO] - Val leaf stats: tensor([1.0533e-01, 7.3333e-02, 1.6167e-02, 9.8000e-02, 4.6833e-02, 7.6667e-03,
        1.4917e-01, 4.3333e-02, 0.0000e+00, 0.0000e+00, 1.9667e-02, 0.0000e+00,
        3.6617e-01, 7.4167e-02, 0.0000e+00, 1.6667e-04])
[2026-06-08 22:17:10,635][root][INFO] - Epoch: 15 | train acc: 0.9234, train loss: 0.45158478, valid acc: 0.9030, valid loss: 0.31866444, test acc: 0.9109, test loss: 0.31577270
[2026-06-08 22:17:11,473][root][INFO] - reg loss: 6.6674856239894655, entropy loss: 0.19490349377101324, leaf dev: 0.07710283994674683
[2026-06-08 22:17:11,474][root][INFO] - Val leaf stats: tensor([0.1215, 0.1128, 0.0403, 0.1482, 0.0453, 0.0063, 0.1547, 0.0422, 0.0000,
        0.0000, 0.0145, 0.0000, 0.2650, 0.0487, 0.0000, 0.0005])
[2026-06-08 22:17:43,200][root][INFO] - Epoch: 16 | train acc: 0.9170, train loss: 0.46172170, valid acc: 0.8745, valid loss: 0.42439382, test acc: 0.8775, test loss: 0.41804950
[2026-06-08 22:17:44,033][root][INFO] - reg loss: 6.60000917596637, entropy loss: 0.18957279313285397, leaf dev: 0.09022074192762375
[2026-06-08 22:17:44,033][root][INFO] - Val leaf stats: tensor([0.1798, 0.1815, 0.0013, 0.0010, 0.0380, 0.0150, 0.2267, 0.0612, 0.0000,
        0.0000, 0.0122, 0.0000, 0.2472, 0.0358, 0.0000, 0.0003])
[2026-06-08 22:18:15,920][root][INFO] - Epoch: 17 | train acc: 0.9179, train loss: 0.45442685, valid acc: 0.8860, valid loss: 0.36461998, test acc: 0.8967, test loss: 0.35286849
[2026-06-08 22:18:16,757][root][INFO] - reg loss: 6.421354680691126, entropy loss: 0.1781341978963816, leaf dev: 0.0868465006351471
[2026-06-08 22:18:16,758][root][INFO] - Val leaf stats: tensor([0.2077, 0.1373, 0.0025, 0.0030, 0.0470, 0.0083, 0.1373, 0.0937, 0.0000,
        0.0000, 0.0163, 0.0000, 0.2817, 0.0642, 0.0000, 0.0010])
[2026-06-08 22:18:48,775][root][INFO] - Epoch: 18 | train acc: 0.9194, train loss: 0.46298282, valid acc: 0.8840, valid loss: 0.38174284, test acc: 0.8872, test loss: 0.38957265
[2026-06-08 22:18:49,625][root][INFO] - reg loss: 6.481030180769147, entropy loss: 0.18480436222733193, leaf dev: 0.10246734321117401
[2026-06-08 22:18:49,626][root][INFO] - Val leaf stats: tensor([0.3050, 0.0183, 0.0017, 0.0033, 0.0592, 0.0077, 0.1715, 0.0423, 0.0000,
        0.0000, 0.0218, 0.0000, 0.2930, 0.0743, 0.0000, 0.0018])
[2026-06-08 22:19:21,214][root][INFO] - Epoch: 19 | train acc: 0.9195, train loss: 0.44958889, valid acc: 0.8632, valid loss: 0.42955527, test acc: 0.8777, test loss: 0.41817570
[2026-06-08 22:19:22,035][root][INFO] - reg loss: 6.32273491373602, entropy loss: 0.17618521809015633, leaf dev: 0.10588421672582626
[2026-06-08 22:19:22,036][root][INFO] - Val leaf stats: tensor([0.1375, 0.0393, 0.0008, 0.0022, 0.0602, 0.0078, 0.1408, 0.0440, 0.0000,
        0.0000, 0.0308, 0.0000, 0.4127, 0.1160, 0.0000, 0.0078])
[2026-06-08 22:19:53,646][root][INFO] - Epoch: 20 | train acc: 0.9220, train loss: 0.44815559, valid acc: 0.9010, valid loss: 0.32193900, test acc: 0.9069, test loss: 0.32572121
[2026-06-08 22:19:54,482][root][INFO] - reg loss: 6.389799482417557, entropy loss: 0.1812040960451342, leaf dev: 0.08836553245782852
[2026-06-08 22:19:54,483][root][INFO] - Val leaf stats: tensor([0.1800, 0.1272, 0.0008, 0.0023, 0.0550, 0.0078, 0.1520, 0.0370, 0.0000,
        0.0000, 0.0262, 0.0000, 0.3080, 0.0877, 0.0000, 0.0160])
[2026-06-08 22:20:25,969][root][INFO] - Epoch: 21 | train acc: 0.9338, train loss: 0.40970423, valid acc: 0.9067, valid loss: 0.31898228, test acc: 0.9081, test loss: 0.31901038
[2026-06-08 22:20:26,782][root][INFO] - reg loss: 6.500329319036232, entropy loss: 0.18262533998151995, leaf dev: 0.08579279482364655
[2026-06-08 22:20:26,782][root][INFO] - Val leaf stats: tensor([0.1618, 0.1132, 0.0007, 0.0023, 0.0635, 0.0100, 0.1545, 0.0445, 0.0000,
        0.0000, 0.0393, 0.0000, 0.3068, 0.0897, 0.0000, 0.0137])
[2026-06-08 22:20:58,076][root][INFO] - Epoch: 22 | train acc: 0.9301, train loss: 0.41394874, valid acc: 0.9075, valid loss: 0.32168403, test acc: 0.9130, test loss: 0.32190593
[2026-06-08 22:20:58,990][root][INFO] - reg loss: 6.3619895566184566, entropy loss: 0.17666469064523588, leaf dev: 0.08667874336242676
[2026-06-08 22:20:58,991][root][INFO] - Val leaf stats: tensor([0.2152, 0.1257, 0.0017, 0.0040, 0.1130, 0.0170, 0.1720, 0.0068, 0.0000,
        0.0000, 0.0243, 0.0000, 0.2590, 0.0513, 0.0003, 0.0097])
[2026-06-08 22:21:30,836][root][INFO] - Epoch: 23 | train acc: 0.9318, train loss: 0.41905403, valid acc: 0.8903, valid loss: 0.41706804, test acc: 0.8947, test loss: 0.42467631
[2026-06-08 22:21:31,637][root][INFO] - reg loss: 6.40786164211777, entropy loss: 0.17774553470454127, leaf dev: 0.07670161128044128
[2026-06-08 22:21:31,638][root][INFO] - Val leaf stats: tensor([0.1808, 0.1505, 0.0008, 0.0035, 0.0630, 0.0097, 0.1470, 0.0172, 0.0000,
        0.0000, 0.0413, 0.0000, 0.1692, 0.1967, 0.0000, 0.0203])
[2026-06-08 22:22:02,853][root][INFO] - Epoch: 24 | train acc: 0.9289, train loss: 0.44027117, valid acc: 0.9152, valid loss: 0.30286026, test acc: 0.9135, test loss: 0.31465413
[2026-06-08 22:22:03,661][root][INFO] - reg loss: 6.544624301622498, entropy loss: 0.1808503008676025, leaf dev: 0.0784633457660675
[2026-06-08 22:22:03,661][root][INFO] - Val leaf stats: tensor([0.2257, 0.1677, 0.0012, 0.0037, 0.0647, 0.0122, 0.1513, 0.0232, 0.0000,
        0.0000, 0.0440, 0.0000, 0.1997, 0.0695, 0.0000, 0.0373])
[2026-06-08 22:22:35,142][root][INFO] - Epoch: 25 | train acc: 0.9365, train loss: 0.39688337, valid acc: 0.9147, valid loss: 0.29754710, test acc: 0.9210, test loss: 0.30152366
[2026-06-08 22:22:35,963][root][INFO] - reg loss: 6.389930225768179, entropy loss: 0.17372002073054044, leaf dev: 0.07870636880397797
[2026-06-08 22:22:35,964][root][INFO] - Val leaf stats: tensor([0.1627, 0.1483, 0.0008, 0.0032, 0.0718, 0.0137, 0.1815, 0.0133, 0.0000,
        0.0000, 0.0350, 0.0000, 0.2410, 0.0855, 0.0000, 0.0432])
[2026-06-08 22:23:07,177][root][INFO] - Epoch: 26 | train acc: 0.9291, train loss: 0.40990215, valid acc: 0.9008, valid loss: 0.34414333, test acc: 0.9068, test loss: 0.33031269
[2026-06-08 22:23:08,021][root][INFO] - reg loss: 6.1814590310150725, entropy loss: 0.164691668917548, leaf dev: 0.09635809063911438
[2026-06-08 22:23:08,022][root][INFO] - Val leaf stats: tensor([0.1462, 0.3115, 0.0005, 0.0033, 0.0217, 0.0093, 0.0662, 0.0093, 0.0000,
        0.0000, 0.0395, 0.0000, 0.2585, 0.0892, 0.0000, 0.0448])
[2026-06-08 22:23:39,770][root][INFO] - Epoch: 27 | train acc: 0.9326, train loss: 0.39905134, valid acc: 0.9132, valid loss: 0.29999097, test acc: 0.9173, test loss: 0.30262786
[2026-06-08 22:23:40,591][root][INFO] - reg loss: 6.173629184938827, entropy loss: 0.1649480956905293, leaf dev: 0.08653177320957184
[2026-06-08 22:23:40,592][root][INFO] - Val leaf stats: tensor([0.1578, 0.2548, 0.0007, 0.0042, 0.0388, 0.0085, 0.1065, 0.0143, 0.0000,
        0.0000, 0.0422, 0.0000, 0.2490, 0.0767, 0.0000, 0.0465])
[2026-06-08 22:24:11,811][root][INFO] - Epoch: 28 | train acc: 0.9356, train loss: 0.38447382, valid acc: 0.9158, valid loss: 0.28194074, test acc: 0.9194, test loss: 0.30037225
[2026-06-08 22:24:12,668][root][INFO] - reg loss: 6.189667922145915, entropy loss: 0.16386716278656474, leaf dev: 0.08066204935312271
[2026-06-08 22:24:12,669][root][INFO] - Val leaf stats: tensor([0.1945, 0.1735, 0.0010, 0.0052, 0.0508, 0.0157, 0.1463, 0.0205, 0.0000,
        0.0000, 0.0408, 0.0000, 0.2417, 0.0810, 0.0000, 0.0290])
[2026-06-08 22:24:44,296][root][INFO] - Epoch: 29 | train acc: 0.9392, train loss: 0.37653609, valid acc: 0.9167, valid loss: 0.28510593, test acc: 0.9205, test loss: 0.29046389
[2026-06-08 22:24:45,115][root][INFO] - reg loss: 6.245296923619397, entropy loss: 0.16888426750336052, leaf dev: 0.07727634161710739
[2026-06-08 22:24:45,116][root][INFO] - Val leaf stats: tensor([0.1443, 0.1963, 0.0012, 0.0075, 0.0523, 0.0077, 0.1340, 0.0158, 0.0000,
        0.0000, 0.0457, 0.0000, 0.2395, 0.0838, 0.0000, 0.0718])
[2026-06-08 22:25:16,604][root][INFO] - Epoch: 30 | train acc: 0.9439, train loss: 0.35973693, valid acc: 0.9192, valid loss: 0.27788950, test acc: 0.9190, test loss: 0.29537383
[2026-06-08 22:25:17,395][root][INFO] - reg loss: 6.194690632370283, entropy loss: 0.16661421378266136, leaf dev: 0.07932642102241516
[2026-06-08 22:25:17,396][root][INFO] - Val leaf stats: tensor([0.1857, 0.1943, 0.0013, 0.0093, 0.0553, 0.0122, 0.1515, 0.0197, 0.0003,
        0.0000, 0.0377, 0.0000, 0.2238, 0.0713, 0.0000, 0.0375])
[2026-06-08 22:25:49,326][root][INFO] - Epoch: 31 | train acc: 0.9440, train loss: 0.35495599, valid acc: 0.9050, valid loss: 0.31024666, test acc: 0.9114, test loss: 0.32274946
[2026-06-08 22:25:50,188][root][INFO] - reg loss: 6.172847527378011, entropy loss: 0.1651039297850627, leaf dev: 0.08729954808950424
[2026-06-08 22:25:50,189][root][INFO] - Val leaf stats: tensor([7.7833e-02, 1.2983e-01, 3.3333e-04, 6.1667e-03, 4.3167e-02, 1.0333e-02,
        1.2767e-01, 1.6667e-02, 3.3333e-04, 0.0000e+00, 5.8833e-02, 0.0000e+00,
        3.3467e-01, 1.1950e-01, 0.0000e+00, 7.4667e-02])
[2026-06-08 22:26:21,760][root][INFO] - Epoch: 32 | train acc: 0.9428, train loss: 0.35855507, valid acc: 0.9222, valid loss: 0.28185988, test acc: 0.9255, test loss: 0.28188992
[2026-06-08 22:26:22,590][root][INFO] - reg loss: 6.080510629797882, entropy loss: 0.1602377897163607, leaf dev: 0.07905068248510361
[2026-06-08 22:26:22,591][root][INFO] - Val leaf stats: tensor([0.1723, 0.1803, 0.0027, 0.0115, 0.0515, 0.0142, 0.1737, 0.0252, 0.0000,
        0.0000, 0.0343, 0.0000, 0.2312, 0.0637, 0.0000, 0.0395])
[2026-06-08 22:26:55,380][root][INFO] - Epoch: 33 | train acc: 0.9441, train loss: 0.35108031, valid acc: 0.9130, valid loss: 0.31411442, test acc: 0.9145, test loss: 0.32521012
[2026-06-08 22:26:56,254][root][INFO] - reg loss: 6.082896372057357, entropy loss: 0.15988232476531333, leaf dev: 0.0820513367652893
[2026-06-08 22:26:56,255][root][INFO] - Val leaf stats: tensor([2.3083e-01, 4.9000e-02, 2.6667e-03, 8.8333e-03, 5.6333e-02, 2.1000e-02,
        1.9433e-01, 1.8667e-02, 1.6667e-04, 0.0000e+00, 3.3000e-02, 0.0000e+00,
        2.2950e-01, 7.0333e-02, 0.0000e+00, 8.5333e-02])
[2026-06-08 22:27:27,751][root][INFO] - Epoch: 34 | train acc: 0.9346, train loss: 0.40339139, valid acc: 0.9215, valid loss: 0.29027743, test acc: 0.9234, test loss: 0.29388713
[2026-06-08 22:27:28,587][root][INFO] - reg loss: 6.003505014023691, entropy loss: 0.17003957505496042, leaf dev: 0.0793931856751442
[2026-06-08 22:27:28,588][root][INFO] - Val leaf stats: tensor([0.1513, 0.0972, 0.0018, 0.0063, 0.0555, 0.0115, 0.1797, 0.0273, 0.0003,
        0.0000, 0.0395, 0.0000, 0.2720, 0.0633, 0.0000, 0.0942])
[2026-06-08 22:28:00,446][root][INFO] - Epoch: 35 | train acc: 0.9445, train loss: 0.35678654, valid acc: 0.9273, valid loss: 0.27375623, test acc: 0.9245, test loss: 0.28518621
[2026-06-08 22:28:01,724][root][INFO] - reg loss: 5.992445028053139, entropy loss: 0.16440639616745822, leaf dev: 0.07965211570262909
[2026-06-08 22:28:01,724][root][INFO] - Val leaf stats: tensor([1.4950e-01, 1.3017e-01, 1.8333e-03, 9.0000e-03, 5.4500e-02, 1.3333e-02,
        1.8867e-01, 2.5500e-02, 1.6667e-04, 0.0000e+00, 4.6000e-02, 0.0000e+00,
        2.6383e-01, 4.7167e-02, 0.0000e+00, 7.0333e-02])
[2026-06-08 22:28:34,054][root][INFO] - Epoch: 36 | train acc: 0.9340, train loss: 0.39071324, valid acc: 0.9147, valid loss: 0.31984950, test acc: 0.9193, test loss: 0.30793711
[2026-06-08 22:28:34,913][root][INFO] - reg loss: 5.7561412847267, entropy loss: 0.153988002465581, leaf dev: 0.07935338467359543
[2026-06-08 22:28:34,914][root][INFO] - Val leaf stats: tensor([0.1223, 0.1085, 0.0007, 0.0090, 0.0640, 0.0318, 0.1842, 0.0398, 0.0005,
        0.0000, 0.0207, 0.0000, 0.2817, 0.0543, 0.0000, 0.0825])
[2026-06-08 22:29:07,970][root][INFO] - Epoch: 37 | train acc: 0.9409, train loss: 0.35686515, valid acc: 0.9135, valid loss: 0.30027424, test acc: 0.9181, test loss: 0.30681276
[2026-06-08 22:29:08,833][root][INFO] - reg loss: 5.693217021114421, entropy loss: 0.15039065691097728, leaf dev: 0.07964418828487396
[2026-06-08 22:29:08,833][root][INFO] - Val leaf stats: tensor([0.0752, 0.1352, 0.0003, 0.0078, 0.0662, 0.0260, 0.1708, 0.0528, 0.0005,
        0.0000, 0.0142, 0.0000, 0.2860, 0.0598, 0.0000, 0.1052])
[2026-06-08 22:29:40,141][root][INFO] - Epoch: 38 | train acc: 0.9450, train loss: 0.33368294, valid acc: 0.9267, valid loss: 0.27078331, test acc: 0.9268, test loss: 0.27413576
[2026-06-08 22:29:41,119][root][INFO] - reg loss: 5.6425824795129165, entropy loss: 0.14642273325402783, leaf dev: 0.0791802927851677
[2026-06-08 22:29:41,120][root][INFO] - Val leaf stats: tensor([0.1033, 0.1638, 0.0003, 0.0162, 0.0645, 0.0223, 0.1675, 0.0178, 0.0005,
        0.0000, 0.0183, 0.0000, 0.2688, 0.0573, 0.0000, 0.0992])
[2026-06-08 22:30:12,690][root][INFO] - Epoch: 39 | train acc: 0.9480, train loss: 0.32288836, valid acc: 0.9258, valid loss: 0.26380740, test acc: 0.9263, test loss: 0.28446314
[2026-06-08 22:30:13,982][root][INFO] - reg loss: 5.691850306852809, entropy loss: 0.14579584280837257, leaf dev: 0.07794278860092163
[2026-06-08 22:30:13,983][root][INFO] - Val leaf stats: tensor([0.1112, 0.1240, 0.0003, 0.0150, 0.0650, 0.0228, 0.1637, 0.0242, 0.0007,
        0.0000, 0.0200, 0.0000, 0.2762, 0.0638, 0.0000, 0.1132])
[2026-06-08 22:30:47,514][root][INFO] - Epoch: 40 | train acc: 0.9403, train loss: 0.35538574, valid acc: 0.9135, valid loss: 0.31454135, test acc: 0.9151, test loss: 0.32339247
[2026-06-08 22:30:48,717][root][INFO] - reg loss: 5.6238537689424914, entropy loss: 0.14957439604232897, leaf dev: 0.08652516454458237
[2026-06-08 22:30:48,718][root][INFO] - Val leaf stats: tensor([0.0592, 0.0618, 0.0000, 0.0078, 0.0655, 0.0220, 0.1593, 0.0350, 0.0013,
        0.0000, 0.0593, 0.0000, 0.3378, 0.0863, 0.0000, 0.1045])
[2026-06-08 22:31:20,912][root][INFO] - Epoch: 41 | train acc: 0.9421, train loss: 0.35265828, valid acc: 0.9025, valid loss: 0.35673828, test acc: 0.9091, test loss: 0.35203940
[2026-06-08 22:31:21,723][root][INFO] - reg loss: 5.562226484406669, entropy loss: 0.15204065222785157, leaf dev: 0.08034050464630127
[2026-06-08 22:31:21,724][root][INFO] - Val leaf stats: tensor([0.0440, 0.0367, 0.0000, 0.0053, 0.0955, 0.0450, 0.1882, 0.0608, 0.0010,
        0.0000, 0.0323, 0.0000, 0.2898, 0.0858, 0.0000, 0.1155])
[2026-06-08 22:31:53,700][root][INFO] - Epoch: 42 | train acc: 0.9379, train loss: 0.36781686, valid acc: 0.9220, valid loss: 0.27993146, test acc: 0.9244, test loss: 0.27682420
[2026-06-08 22:31:55,007][root][INFO] - reg loss: 5.613551958551946, entropy loss: 0.1527184489763008, leaf dev: 0.07053937762975693
[2026-06-08 22:31:55,007][root][INFO] - Val leaf stats: tensor([9.2667e-02, 1.1017e-01, 1.6667e-04, 1.9833e-02, 1.2567e-01, 3.8167e-02,
        1.2050e-01, 2.1667e-02, 6.6667e-04, 0.0000e+00, 3.1667e-02, 0.0000e+00,
        2.5600e-01, 7.5167e-02, 0.0000e+00, 1.0767e-01])
[2026-06-08 22:32:26,633][root][INFO] - Epoch: 43 | train acc: 0.9474, train loss: 0.32401117, valid acc: 0.9295, valid loss: 0.25855004, test acc: 0.9262, test loss: 0.27807323
[2026-06-08 22:32:27,550][root][INFO] - reg loss: 5.6210068711694685, entropy loss: 0.1491996741519784, leaf dev: 0.07606564462184906
[2026-06-08 22:32:27,551][root][INFO] - Val leaf stats: tensor([0.0978, 0.1130, 0.0005, 0.0208, 0.0732, 0.0300, 0.1748, 0.0110, 0.0007,
        0.0000, 0.0383, 0.0000, 0.2720, 0.0882, 0.0000, 0.0797])
[2026-06-08 22:33:00,540][root][INFO] - Epoch: 44 | train acc: 0.9523, train loss: 0.31129766, valid acc: 0.9298, valid loss: 0.24907615, test acc: 0.9265, test loss: 0.27353837
[2026-06-08 22:33:01,403][root][INFO] - reg loss: 5.602401301545917, entropy loss: 0.14763796399786788, leaf dev: 0.07464054971933365
[2026-06-08 22:33:01,404][root][INFO] - Val leaf stats: tensor([0.0793, 0.1045, 0.0003, 0.0178, 0.0663, 0.0397, 0.1750, 0.0160, 0.0007,
        0.0000, 0.0392, 0.0000, 0.2668, 0.0915, 0.0000, 0.1028])
[2026-06-08 22:33:32,910][root][INFO] - Epoch: 45 | train acc: 0.9546, train loss: 0.30511008, valid acc: 0.9322, valid loss: 0.24830921, test acc: 0.9306, test loss: 0.26013059
[2026-06-08 22:33:33,786][root][INFO] - reg loss: 5.605834245681763, entropy loss: 0.1490340031824022, leaf dev: 0.06886398047208786
[2026-06-08 22:33:33,787][root][INFO] - Val leaf stats: tensor([0.1138, 0.1193, 0.0012, 0.0273, 0.0765, 0.0293, 0.1737, 0.0235, 0.0007,
        0.0000, 0.0302, 0.0000, 0.2257, 0.0747, 0.0000, 0.1042])
[2026-06-08 22:34:05,918][root][INFO] - Epoch: 46 | train acc: 0.9549, train loss: 0.30165892, valid acc: 0.9188, valid loss: 0.28692991, test acc: 0.9149, test loss: 0.31888173
[2026-06-08 22:34:06,746][root][INFO] - reg loss: 5.613243935243139, entropy loss: 0.1490914671207374, leaf dev: 0.07535368204116821
[2026-06-08 22:34:06,747][root][INFO] - Val leaf stats: tensor([0.0342, 0.1793, 0.0007, 0.0228, 0.0690, 0.0297, 0.1753, 0.0237, 0.0007,
        0.0000, 0.0350, 0.0000, 0.2382, 0.0785, 0.0000, 0.1130])
[2026-06-08 22:34:37,565][root][INFO] - Epoch: 47 | train acc: 0.9325, train loss: 0.37216436, valid acc: 0.9227, valid loss: 0.28245655, test acc: 0.9187, test loss: 0.31416627
[2026-06-08 22:34:38,424][root][INFO] - reg loss: 5.493024218757197, entropy loss: 0.14268815334675447, leaf dev: 0.07468650490045547
[2026-06-08 22:34:38,425][root][INFO] - Val leaf stats: tensor([0.0408, 0.1210, 0.0013, 0.0205, 0.0658, 0.0200, 0.1550, 0.0287, 0.0012,
        0.0000, 0.0585, 0.0000, 0.2698, 0.1065, 0.0000, 0.1108])
[2026-06-08 22:35:10,079][root][INFO] - Epoch: 48 | train acc: 0.9458, train loss: 0.33028091, valid acc: 0.9203, valid loss: 0.28970414, test acc: 0.9241, test loss: 0.28786163
[2026-06-08 22:35:10,911][root][INFO] - reg loss: 5.520528658381048, entropy loss: 0.14734818702036478, leaf dev: 0.07532155513763428
[2026-06-08 22:35:10,912][root][INFO] - Val leaf stats: tensor([0.0602, 0.0920, 0.0010, 0.0215, 0.0637, 0.0227, 0.1655, 0.0360, 0.0015,
        0.0000, 0.0480, 0.0000, 0.2783, 0.1095, 0.0000, 0.1002])
[2026-06-08 22:35:41,911][root][INFO] - Epoch: 49 | train acc: 0.9504, train loss: 0.31404108, valid acc: 0.9245, valid loss: 0.27117078, test acc: 0.9285, test loss: 0.26669403
[2026-06-08 22:35:42,761][root][INFO] - reg loss: 5.513895786033486, entropy loss: 0.1476304979538018, leaf dev: 0.07085821032524109
[2026-06-08 22:35:42,762][root][INFO] - Val leaf stats: tensor([0.0793, 0.0885, 0.0022, 0.0288, 0.0707, 0.0262, 0.1717, 0.0357, 0.0008,
        0.0000, 0.0380, 0.0000, 0.2523, 0.1110, 0.0000, 0.0948])
[2026-06-08 22:35:43,501][root][INFO] - Val leaf stats: tensor([0.0793, 0.0885, 0.0022, 0.0288, 0.0707, 0.0262, 0.1717, 0.0357, 0.0008,
        0.0000, 0.0380, 0.0000, 0.2523, 0.1110, 0.0000, 0.0948])
[2026-06-08 22:35:44,787][root][INFO] - Test leaf std: 0.06784581393003464, Val leaf std: 0.07085821032524109
[2026-06-08 22:35:46,150][root][INFO] - FINAL TEST | acc: 0.9285, loss: 0.2667, 
