[2026-06-22 18:02:59,493][root][INFO] - MLFlow server is starting on LOCAL with experiment STM_all_iafff08_stdreg_seed...
[2026-06-22 18:02:59,526][root][INFO] - MLFlow run ID: 13820bc6cd4b4873b688906ea3fa65d6, status: RUNNING
[2026-06-22 18:02:59,666][root][INFO] - Starting experiment IATrain...
[2026-06-22 18:03:13,682][root][INFO] - Epoch: 0 | train acc: 0.5012, train loss: 27.12240060, valid acc: 0.7177, valid loss: 0.84507491, test acc: 0.7518, test loss: 0.89364962
[2026-06-22 18:03:15,260][root][INFO] - reg loss: 6.480318024044945, entropy loss: 0.3357572579194629, leaf dev: 0.1377130150794983
[2026-06-22 18:03:15,261][root][INFO] - Val leaf stats: tensor([5.4707e-01, 1.8678e-04, 5.0243e-02, 2.8016e-04, 5.6033e-04, 1.8678e-04,
        1.8678e-04, 1.3149e-01, 2.8016e-04, 0.0000e+00, 6.7333e-02, 1.4083e-01,
        5.9208e-02, 2.8016e-04, 9.3388e-05, 1.7744e-03])
[2026-06-22 18:03:29,601][root][INFO] - Epoch: 1 | train acc: 0.7742, train loss: 20.15437325, valid acc: 0.7850, valid loss: 0.67733144, test acc: 0.8096, test loss: 0.77524438
[2026-06-22 18:03:30,767][root][INFO] - reg loss: 4.860822258802949, entropy loss: 0.2545524600637022, leaf dev: 0.15332989394664764
[2026-06-22 18:03:30,768][root][INFO] - Val leaf stats: tensor([6.1459e-01, 9.3388e-05, 8.4049e-03, 5.6033e-04, 2.8016e-04, 4.6694e-04,
        3.7355e-04, 8.9653e-02, 2.8016e-04, 0.0000e+00, 6.8267e-02, 1.3523e-01,
        7.9847e-02, 9.3388e-05, 3.7355e-04, 1.4942e-03])
[2026-06-22 18:03:44,424][root][INFO] - Epoch: 2 | train acc: 0.8051, train loss: 19.24317289, valid acc: 0.8042, valid loss: 0.60679519, test acc: 0.8190, test loss: 0.75808721
[2026-06-22 18:03:45,797][root][INFO] - reg loss: 4.6582838542877685, entropy loss: 0.22188515149096333, leaf dev: 0.16241049766540527
[2026-06-22 18:03:45,798][root][INFO] - Val leaf stats: tensor([6.5456e-01, 1.8678e-04, 4.6694e-03, 7.4710e-04, 9.3388e-05, 2.8016e-04,
        9.3388e-05, 1.1412e-01, 3.7355e-04, 0.0000e+00, 6.7706e-02, 7.1255e-02,
        8.3676e-02, 9.3388e-05, 4.6694e-04, 1.6810e-03])
[2026-06-22 18:03:58,953][root][INFO] - Epoch: 3 | train acc: 0.8265, train loss: 18.55317611, valid acc: 0.8279, valid loss: 0.54858464, test acc: 0.8337, test loss: 0.83792205
[2026-06-22 18:04:00,108][root][INFO] - reg loss: 4.503473130483476, entropy loss: 0.20346201223040383, leaf dev: 0.1641930341720581
[2026-06-22 18:04:00,109][root][INFO] - Val leaf stats: tensor([6.6306e-01, 2.8016e-04, 8.3115e-03, 1.0273e-03, 2.8016e-04, 9.3388e-05,
        2.8950e-03, 7.9006e-02, 1.8678e-04, 0.0000e+00, 6.7613e-02, 6.4718e-02,
        1.1029e-01, 9.3388e-05, 6.5372e-04, 1.4942e-03])
[2026-06-22 18:04:13,783][root][INFO] - Epoch: 4 | train acc: 0.8498, train loss: 18.62445615, valid acc: 0.8502, valid loss: 0.50276272, test acc: 0.8358, test loss: 1.02081308
[2026-06-22 18:04:15,246][root][INFO] - reg loss: 4.536144799025601, entropy loss: 0.19426191231561085, leaf dev: 0.14215850830078125
[2026-06-22 18:04:15,247][root][INFO] - Val leaf stats: tensor([5.6640e-01, 5.6033e-04, 2.1759e-02, 7.4710e-04, 2.8016e-04, 3.7355e-04,
        3.4554e-03, 7.5084e-02, 9.3388e-05, 9.3388e-05, 6.8080e-02, 1.3121e-01,
        1.2981e-01, 9.3388e-05, 6.5372e-04, 1.3074e-03])
[2026-06-22 18:04:29,053][root][INFO] - Epoch: 5 | train acc: 0.8637, train loss: 18.50399936, valid acc: 0.8603, valid loss: 0.46140824, test acc: 0.8405, test loss: 1.12204357
[2026-06-22 18:04:30,133][root][INFO] - reg loss: 4.512776500964291, entropy loss: 0.1786034416269373, leaf dev: 0.14169304072856903
[2026-06-22 18:04:30,135][root][INFO] - Val leaf stats: tensor([5.6481e-01, 8.4049e-04, 1.7650e-02, 8.4049e-04, 1.8678e-04, 2.8016e-04,
        4.9496e-03, 8.6197e-02, 9.3388e-05, 0.0000e+00, 6.7613e-02, 1.2439e-01,
        1.2972e-01, 9.3388e-05, 8.4049e-04, 1.4942e-03])
[2026-06-22 18:04:44,833][root][INFO] - Epoch: 6 | train acc: 0.8748, train loss: 18.32657386, valid acc: 0.8644, valid loss: 0.43322821, test acc: 0.8551, test loss: 1.25519988
[2026-06-22 18:04:46,269][root][INFO] - reg loss: 4.478202131059435, entropy loss: 0.16897157591486733, leaf dev: 0.14598941802978516
[2026-06-22 18:04:46,270][root][INFO] - Val leaf stats: tensor([5.8592e-01, 6.5372e-04, 1.8584e-02, 9.3388e-04, 9.3388e-05, 2.8016e-04,
        6.4438e-03, 9.8711e-02, 9.3388e-05, 0.0000e+00, 6.7426e-02, 9.5443e-02,
        1.2290e-01, 1.8678e-04, 8.4049e-04, 1.4942e-03])
[2026-06-22 18:05:01,517][root][INFO] - Epoch: 7 | train acc: 0.8797, train loss: 18.15071442, valid acc: 0.8584, valid loss: 0.59688679, test acc: 0.8434, test loss: 1.45778137
[2026-06-22 18:05:02,757][root][INFO] - reg loss: 4.44101618458985, entropy loss: 0.16070815242787517, leaf dev: 0.13289180397987366
[2026-06-22 18:05:02,759][root][INFO] - Val leaf stats: tensor([5.2260e-01, 7.4710e-04, 1.8864e-02, 9.3388e-04, 1.8678e-04, 2.8016e-04,
        7.5644e-03, 9.5536e-02, 0.0000e+00, 9.3388e-05, 6.7800e-02, 1.3728e-01,
        1.4597e-01, 0.0000e+00, 1.0273e-03, 1.1207e-03])
[2026-06-22 18:05:16,767][root][INFO] - Epoch: 8 | train acc: 0.8836, train loss: 18.37073672, valid acc: 0.8752, valid loss: 0.40663415, test acc: 0.8665, test loss: 1.35236555
[2026-06-22 18:05:18,390][root][INFO] - reg loss: 4.493994745627913, entropy loss: 0.15479568687696305, leaf dev: 0.13599452376365662
[2026-06-22 18:05:18,391][root][INFO] - Val leaf stats: tensor([5.3614e-01, 5.6033e-04, 2.0639e-02, 8.4049e-04, 9.3388e-04, 1.8678e-04,
        5.6967e-03, 8.1061e-02, 1.8678e-04, 2.8016e-04, 6.7426e-02, 1.5913e-01,
        1.2477e-01, 0.0000e+00, 7.4710e-04, 1.4008e-03])
[2026-06-22 18:05:32,926][root][INFO] - Epoch: 9 | train acc: 0.8935, train loss: 18.20533557, valid acc: 0.8808, valid loss: 0.38307130, test acc: 0.8591, test loss: 1.69867949
[2026-06-22 18:05:34,502][root][INFO] - reg loss: 4.461526159256223, entropy loss: 0.14612597936675661, leaf dev: 0.133013054728508
[2026-06-22 18:05:34,503][root][INFO] - Val leaf stats: tensor([5.2596e-01, 4.6694e-04, 2.5308e-02, 9.3388e-04, 1.0273e-03, 1.8678e-04,
        8.6851e-03, 1.0254e-01, 0.0000e+00, 9.3388e-05, 6.6492e-02, 1.4634e-01,
        1.1907e-01, 0.0000e+00, 1.0273e-03, 1.8678e-03])
[2026-06-22 18:05:49,515][root][INFO] - Epoch: 10 | train acc: 0.8960, train loss: 18.18968989, valid acc: 0.8852, valid loss: 0.36835661, test acc: 0.8780, test loss: 1.44602163
[2026-06-22 18:05:50,730][root][INFO] - reg loss: 4.461253479044274, entropy loss: 0.13953607083943786, leaf dev: 0.13325168192386627
[2026-06-22 18:05:50,732][root][INFO] - Val leaf stats: tensor([5.2634e-01, 4.6694e-04, 2.1479e-02, 9.3388e-04, 1.3074e-03, 2.8016e-04,
        9.0586e-03, 9.8338e-02, 9.3388e-05, 2.8016e-04, 6.6306e-02, 1.4447e-01,
        1.2775e-01, 0.0000e+00, 9.3388e-04, 1.9612e-03])
[2026-06-22 18:06:04,758][root][INFO] - Epoch: 11 | train acc: 0.9007, train loss: 18.08232159, valid acc: 0.8865, valid loss: 0.37954327, test acc: 0.8739, test loss: 1.72299045
[2026-06-22 18:06:06,038][root][INFO] - reg loss: 4.437015881614079, entropy loss: 0.13174451710212798, leaf dev: 0.1279575526714325
[2026-06-22 18:06:06,040][root][INFO] - Val leaf stats: tensor([5.0000e-01, 4.6694e-04, 2.3160e-02, 9.3388e-04, 8.4049e-04, 3.7355e-04,
        1.1954e-02, 1.0450e-01, 1.8678e-04, 1.1207e-03, 6.6679e-02, 1.6315e-01,
        1.2421e-01, 0.0000e+00, 9.3388e-04, 1.4942e-03])
[2026-06-22 18:06:19,645][root][INFO] - Epoch: 12 | train acc: 0.8992, train loss: 18.09255449, valid acc: 0.8871, valid loss: 0.36675847, test acc: 0.8760, test loss: 1.66959393
[2026-06-22 18:06:21,130][root][INFO] - reg loss: 4.439845304640513, entropy loss: 0.12685064108125746, leaf dev: 0.14351992309093475
[2026-06-22 18:06:21,131][root][INFO] - Val leaf stats: tensor([5.7798e-01, 6.5372e-04, 2.4468e-02, 9.3388e-04, 9.3388e-05, 4.6694e-04,
        1.3915e-02, 1.0469e-01, 1.8678e-04, 8.4049e-04, 6.6212e-02, 9.6563e-02,
        1.0926e-01, 0.0000e+00, 1.0273e-03, 2.7083e-03])
[2026-06-22 18:06:35,312][root][INFO] - Epoch: 13 | train acc: 0.9014, train loss: 17.91546774, valid acc: 0.8881, valid loss: 0.37044836, test acc: 0.8816, test loss: 1.71309832
[2026-06-22 18:06:36,859][root][INFO] - reg loss: 4.398261178738226, entropy loss: 0.12367913288571847, leaf dev: 0.12454808503389359
[2026-06-22 18:06:36,860][root][INFO] - Val leaf stats: tensor([4.8609e-01, 6.5372e-04, 2.2787e-02, 9.3388e-04, 0.0000e+00, 2.8016e-04,
        3.2592e-02, 1.7501e-01, 1.8678e-04, 7.4710e-04, 6.6492e-02, 9.6563e-02,
        1.1375e-01, 0.0000e+00, 1.2140e-03, 2.7083e-03])
[2026-06-22 18:06:51,677][root][INFO] - Epoch: 14 | train acc: 0.9035, train loss: 17.96651994, valid acc: 0.8925, valid loss: 0.34135829, test acc: 0.8891, test loss: 1.84360715
[2026-06-22 18:06:53,264][root][INFO] - reg loss: 4.412754058837891, entropy loss: 0.12157856188123188, leaf dev: 0.12660735845565796
[2026-06-22 18:06:53,266][root][INFO] - Val leaf stats: tensor([4.9953e-01, 9.3388e-05, 3.3433e-02, 9.3388e-04, 0.0000e+00, 1.8678e-04,
        2.7269e-02, 1.5792e-01, 1.8678e-04, 6.5372e-04, 6.6212e-02, 9.3482e-02,
        1.1608e-01, 0.0000e+00, 1.3074e-03, 2.7083e-03])
[2026-06-22 18:07:07,286][root][INFO] - Epoch: 15 | train acc: 0.9086, train loss: 17.87716297, valid acc: 0.8935, valid loss: 0.34065052, test acc: 0.8922, test loss: 1.90784363
[2026-06-22 18:07:08,694][root][INFO] - reg loss: 4.394927917964875, entropy loss: 0.11903875057028715, leaf dev: 0.14433906972408295
[2026-06-22 18:07:08,695][root][INFO] - Val leaf stats: tensor([5.8125e-01, 1.8678e-04, 2.9044e-02, 8.4049e-04, 1.8678e-04, 1.8678e-04,
        1.3821e-02, 8.6944e-02, 6.5372e-04, 9.3388e-04, 6.6399e-02, 8.7505e-02,
        1.2841e-01, 0.0000e+00, 1.4008e-03, 2.2413e-03])
[2026-06-22 18:07:23,720][root][INFO] - Epoch: 16 | train acc: 0.9096, train loss: 17.86779567, valid acc: 0.8944, valid loss: 0.34051015, test acc: 0.8927, test loss: 2.04175738
[2026-06-22 18:07:25,179][root][INFO] - reg loss: 4.392518341225922, entropy loss: 0.11610873985700507, leaf dev: 0.14426347613334656
[2026-06-22 18:07:25,180][root][INFO] - Val leaf stats: tensor([5.8097e-01, 4.6694e-04, 2.6896e-02, 8.4049e-04, 1.8678e-04, 1.8678e-04,
        1.4942e-02, 9.4602e-02, 4.6694e-04, 4.6694e-04, 6.6399e-02, 8.4329e-02,
        1.2542e-01, 0.0000e+00, 1.4008e-03, 2.4281e-03])
[2026-06-22 18:07:38,294][root][INFO] - Epoch: 17 | train acc: 0.9120, train loss: 17.81142386, valid acc: 0.8987, valid loss: 0.32559275, test acc: 0.8947, test loss: 2.49911217
[2026-06-22 18:07:39,716][root][INFO] - reg loss: 4.381057454164697, entropy loss: 0.11221528281925847, leaf dev: 0.14138410985469818
[2026-06-22 18:07:39,718][root][INFO] - Val leaf stats: tensor([5.6864e-01, 6.5372e-04, 2.6149e-02, 8.4049e-04, 3.7355e-04, 1.8678e-04,
        1.6343e-02, 1.0077e-01, 3.7355e-04, 7.4710e-04, 6.6119e-02, 9.4229e-02,
        1.2094e-01, 0.0000e+00, 1.4008e-03, 2.2413e-03])
[2026-06-22 18:07:52,823][root][INFO] - Epoch: 18 | train acc: 0.9149, train loss: 17.93199235, valid acc: 0.9014, valid loss: 0.31228251, test acc: 0.8965, test loss: 2.59891074
[2026-06-22 18:07:54,370][root][INFO] - reg loss: 4.413448073876598, entropy loss: 0.1127047889998981, leaf dev: 0.13225823640823364
[2026-06-22 18:07:54,371][root][INFO] - Val leaf stats: tensor([5.2830e-01, 8.4049e-04, 3.1472e-02, 7.4710e-04, 4.6694e-04, 0.0000e+00,
        2.0919e-02, 1.2589e-01, 1.8678e-04, 1.4008e-03, 6.6399e-02, 1.0768e-01,
        1.1179e-01, 0.0000e+00, 1.4942e-03, 2.4281e-03])
[2026-06-22 18:08:09,102][root][INFO] - Epoch: 19 | train acc: 0.9198, train loss: 17.81730273, valid acc: 0.9024, valid loss: 0.31973603, test acc: 0.8987, test loss: 2.63518694
[2026-06-22 18:08:10,509][root][INFO] - reg loss: 4.387861297244117, entropy loss: 0.11038790863973123, leaf dev: 0.13230915367603302
[2026-06-22 18:08:10,522][root][INFO] - Val leaf stats: tensor([5.2792e-01, 2.4281e-03, 2.7083e-02, 7.4710e-04, 5.6033e-04, 0.0000e+00,
        1.9985e-02, 1.2962e-01, 1.8678e-04, 1.4008e-03, 6.8267e-02, 1.0469e-01,
        1.1319e-01, 0.0000e+00, 1.4942e-03, 2.4281e-03])
[2026-06-22 18:08:25,405][root][INFO] - Epoch: 20 | train acc: 0.9204, train loss: 17.69677537, valid acc: 0.9072, valid loss: 0.30265639, test acc: 0.8974, test loss: 2.54658939
[2026-06-22 18:08:26,628][root][INFO] - reg loss: 4.358353201043669, entropy loss: 0.11065016982574312, leaf dev: 0.13163498044013977
[2026-06-22 18:08:26,630][root][INFO] - Val leaf stats: tensor([5.2587e-01, 4.2025e-03, 2.6616e-02, 7.4710e-04, 3.7355e-04, 0.0000e+00,
        2.3907e-02, 1.3205e-01, 1.8678e-04, 1.6810e-03, 6.8827e-02, 1.0235e-01,
        1.0917e-01, 0.0000e+00, 1.4942e-03, 2.5215e-03])
[2026-06-22 18:08:41,044][root][INFO] - Epoch: 21 | train acc: 0.9229, train loss: 17.64990509, valid acc: 0.9077, valid loss: 0.30365840, test acc: 0.9005, test loss: 2.56297418
[2026-06-22 18:08:42,458][root][INFO] - reg loss: 4.349030075880585, entropy loss: 0.10884210467338562, leaf dev: 0.13038307428359985
[2026-06-22 18:08:42,459][root][INFO] - Val leaf stats: tensor([5.1877e-01, 1.6810e-03, 2.4468e-02, 7.4710e-04, 9.3388e-04, 0.0000e+00,
        2.4748e-02, 1.3607e-01, 2.8016e-04, 1.2140e-03, 6.8173e-02, 1.1132e-01,
        1.0768e-01, 0.0000e+00, 1.4942e-03, 2.4281e-03])
[2026-06-22 18:08:56,583][root][INFO] - Epoch: 22 | train acc: 0.9227, train loss: 17.54731873, valid acc: 0.9076, valid loss: 0.29864998, test acc: 0.8989, test loss: 2.76530415
[2026-06-22 18:08:58,032][root][INFO] - reg loss: 4.323265204353938, entropy loss: 0.10790843390440814, leaf dev: 0.13130584359169006
[2026-06-22 18:08:58,034][root][INFO] - Val leaf stats: tensor([5.2344e-01, 2.8016e-03, 2.7269e-02, 7.4710e-04, 6.5372e-04, 0.0000e+00,
        2.4001e-02, 1.3934e-01, 3.7355e-04, 1.2140e-03, 6.7893e-02, 9.7777e-02,
        1.1048e-01, 0.0000e+00, 1.4008e-03, 2.6149e-03])
[2026-06-22 18:09:11,742][root][INFO] - Epoch: 23 | train acc: 0.9264, train loss: 17.63293606, valid acc: 0.9111, valid loss: 0.33822789, test acc: 0.9014, test loss: 2.92134178
[2026-06-22 18:09:13,056][root][INFO] - reg loss: 4.34684461008304, entropy loss: 0.10862346592718962, leaf dev: 0.12867489457130432
[2026-06-22 18:09:13,058][root][INFO] - Val leaf stats: tensor([0.5124, 0.0026, 0.0335, 0.0010, 0.0008, 0.0000, 0.0247, 0.1391, 0.0006,
        0.0009, 0.0679, 0.1024, 0.1098, 0.0000, 0.0014, 0.0026])
[2026-06-22 18:09:26,935][root][INFO] - Epoch: 24 | train acc: 0.9279, train loss: 17.55852570, valid acc: 0.9125, valid loss: 0.33613834, test acc: 0.9010, test loss: 2.94916869
[2026-06-22 18:09:28,175][root][INFO] - reg loss: 4.330136892026063, entropy loss: 0.11110940465220699, leaf dev: 0.12991830706596375
[2026-06-22 18:09:28,176][root][INFO] - Val leaf stats: tensor([0.5177, 0.0031, 0.0281, 0.0012, 0.0007, 0.0000, 0.0256, 0.1390, 0.0009,
        0.0013, 0.0677, 0.0996, 0.1111, 0.0000, 0.0013, 0.0026])
[2026-06-22 18:09:42,013][root][INFO] - Epoch: 25 | train acc: 0.9285, train loss: 17.53069672, valid acc: 0.9100, valid loss: 0.29522335, test acc: 0.9035, test loss: 3.03666159
[2026-06-22 18:09:43,465][root][INFO] - reg loss: 4.323559347283903, entropy loss: 0.10447654687853718, leaf dev: 0.129842147231102
[2026-06-22 18:09:43,467][root][INFO] - Val leaf stats: tensor([0.5180, 0.0048, 0.0260, 0.0012, 0.0007, 0.0000, 0.0255, 0.1391, 0.0008,
        0.0040, 0.0680, 0.0972, 0.1106, 0.0000, 0.0014, 0.0026])
[2026-06-22 18:09:56,879][root][INFO] - Epoch: 26 | train acc: 0.9299, train loss: 17.49329708, valid acc: 0.9120, valid loss: 0.28916887, test acc: 0.9029, test loss: 3.13489900
[2026-06-22 18:09:58,285][root][INFO] - reg loss: 4.315632471962581, entropy loss: 0.10359796373144028, leaf dev: 0.1298026591539383
[2026-06-22 18:09:58,286][root][INFO] - Val leaf stats: tensor([5.1774e-01, 2.7083e-03, 2.7549e-02, 1.2140e-03, 7.4710e-04, 9.3388e-05,
        2.6149e-02, 1.3607e-01, 7.4710e-04, 3.1752e-03, 6.8547e-02, 1.1589e-01,
        9.5162e-02, 0.0000e+00, 1.5876e-03, 2.6149e-03])
[2026-06-22 18:10:10,328][root][INFO] - Epoch: 27 | train acc: 0.9310, train loss: 17.46992673, valid acc: 0.9108, valid loss: 0.30521004, test acc: 0.9015, test loss: 3.20282572
[2026-06-22 18:10:11,749][root][INFO] - reg loss: 4.309740159877394, entropy loss: 0.10278025927840087, leaf dev: 0.1282503455877304
[2026-06-22 18:10:11,751][root][INFO] - Val leaf stats: tensor([5.1177e-01, 3.4554e-03, 2.6616e-02, 1.1207e-03, 7.4710e-04, 9.3388e-05,
        3.4834e-02, 1.3495e-01, 6.5372e-04, 1.5876e-03, 6.8547e-02, 1.0198e-01,
        1.0982e-01, 0.0000e+00, 1.3074e-03, 2.5215e-03])
[2026-06-22 18:10:25,686][root][INFO] - Epoch: 28 | train acc: 0.9281, train loss: 17.52527991, valid acc: 0.9072, valid loss: 0.30121872, test acc: 0.9002, test loss: 4.75693442
[2026-06-22 18:10:27,264][root][INFO] - reg loss: 4.321517790436114, entropy loss: 0.10092950080122266, leaf dev: 0.13399852812290192
[2026-06-22 18:10:27,265][root][INFO] - Val leaf stats: tensor([5.3670e-01, 4.5760e-03, 2.8016e-02, 1.1207e-03, 6.5372e-04, 1.8678e-04,
        1.6343e-02, 1.3625e-01, 6.5372e-04, 7.1909e-03, 6.7426e-02, 9.1240e-02,
        1.0590e-01, 0.0000e+00, 1.4008e-03, 2.3347e-03])
[2026-06-22 18:10:39,956][root][INFO] - Epoch: 29 | train acc: 0.9274, train loss: 17.40304532, valid acc: 0.9081, valid loss: 0.30524730, test acc: 0.9010, test loss: 4.98668507
[2026-06-22 18:10:41,303][root][INFO] - reg loss: 4.291256624554831, entropy loss: 0.09799449185214976, leaf dev: 0.1303028017282486
[2026-06-22 18:10:41,304][root][INFO] - Val leaf stats: tensor([5.1877e-01, 3.4554e-03, 2.5495e-02, 1.1207e-03, 1.0273e-03, 9.3388e-05,
        1.7931e-02, 1.3915e-01, 1.0273e-03, 6.7239e-03, 6.7613e-02, 9.8151e-02,
        1.1599e-01, 0.0000e+00, 1.3074e-03, 2.1479e-03])
[2026-06-22 18:10:54,208][root][INFO] - Epoch: 30 | train acc: 0.9296, train loss: 17.42386513, valid acc: 0.9124, valid loss: 0.28608631, test acc: 0.9028, test loss: 4.55039967
[2026-06-22 18:10:55,348][root][INFO] - reg loss: 4.298235941185522, entropy loss: 0.0982213559999037, leaf dev: 0.128831148147583
[2026-06-22 18:10:55,350][root][INFO] - Val leaf stats: tensor([5.1214e-01, 4.9496e-03, 2.8764e-02, 9.3388e-04, 1.2140e-03, 9.3388e-05,
        2.0452e-02, 1.4615e-01, 9.3388e-04, 5.6967e-03, 6.7613e-02, 9.0400e-02,
        1.1730e-01, 0.0000e+00, 1.3074e-03, 2.0545e-03])
[2026-06-22 18:11:08,933][root][INFO] - Epoch: 31 | train acc: 0.9331, train loss: 17.42189964, valid acc: 0.9131, valid loss: 0.28150565, test acc: 0.9033, test loss: 3.13470213
[2026-06-22 18:11:10,528][root][INFO] - reg loss: 4.300513053066516, entropy loss: 0.0979628855825732, leaf dev: 0.12825994193553925
[2026-06-22 18:11:10,529][root][INFO] - Val leaf stats: tensor([5.0981e-01, 3.7355e-03, 2.7923e-02, 1.2140e-03, 1.3074e-03, 1.8678e-04,
        2.1199e-02, 1.4531e-01, 1.0273e-03, 6.2570e-03, 6.8453e-02, 9.3855e-02,
        1.1599e-01, 0.0000e+00, 1.4008e-03, 2.3347e-03])
[2026-06-22 18:11:25,427][root][INFO] - Epoch: 32 | train acc: 0.9351, train loss: 17.40507629, valid acc: 0.9160, valid loss: 0.27806143, test acc: 0.9046, test loss: 3.12993163
[2026-06-22 18:11:26,479][root][INFO] - reg loss: 4.297411199599978, entropy loss: 0.09814971247835765, leaf dev: 0.12728632986545563
[2026-06-22 18:11:26,481][root][INFO] - Val leaf stats: tensor([5.0560e-01, 4.2025e-03, 2.5869e-02, 1.1207e-03, 1.4008e-03, 9.3388e-05,
        2.2787e-02, 1.4643e-01, 9.3388e-04, 7.4710e-03, 6.8360e-02, 1.0189e-01,
        1.1010e-01, 1.8678e-04, 1.2140e-03, 2.3347e-03])
[2026-06-22 18:11:39,662][root][INFO] - Epoch: 33 | train acc: 0.9373, train loss: 17.41029607, valid acc: 0.9177, valid loss: 0.27516618, test acc: 0.9033, test loss: 3.36017373
[2026-06-22 18:11:40,723][root][INFO] - reg loss: 4.299752550781088, entropy loss: 0.09652263844612415, leaf dev: 0.12427397072315216
[2026-06-22 18:11:40,725][root][INFO] - Val leaf stats: tensor([4.9225e-01, 4.4826e-03, 2.9044e-02, 1.2140e-03, 1.0273e-03, 1.8678e-04,
        2.6989e-02, 1.4961e-01, 1.1207e-03, 6.6306e-03, 6.9014e-02, 1.0497e-01,
        1.0973e-01, 9.3388e-05, 1.4008e-03, 2.2413e-03])
[2026-06-22 18:11:54,952][root][INFO] - Epoch: 34 | train acc: 0.9375, train loss: 17.37998801, valid acc: 0.9173, valid loss: 0.27968493, test acc: 0.9064, test loss: 3.21837691
[2026-06-22 18:11:56,437][root][INFO] - reg loss: 4.292180359048188, entropy loss: 0.0938914975240117, leaf dev: 0.12594152987003326
[2026-06-22 18:11:56,438][root][INFO] - Val leaf stats: tensor([4.9869e-01, 6.2570e-03, 2.4935e-02, 1.2140e-03, 1.2140e-03, 1.8678e-04,
        2.3160e-02, 1.4494e-01, 1.4942e-03, 3.0818e-03, 6.9854e-02, 1.0273e-01,
        1.1860e-01, 1.8678e-04, 1.2140e-03, 2.2413e-03])
[2026-06-22 18:12:11,009][root][INFO] - Epoch: 35 | train acc: 0.9381, train loss: 17.42746261, valid acc: 0.9142, valid loss: 0.28553626, test acc: 0.9023, test loss: 4.14363153
[2026-06-22 18:12:12,336][root][INFO] - reg loss: 4.304093484525327, entropy loss: 0.09378581730619309, leaf dev: 0.12435223907232285
[2026-06-22 18:12:12,337][root][INFO] - Val leaf stats: tensor([4.9234e-01, 5.6033e-03, 3.3993e-02, 1.0273e-03, 1.4008e-03, 1.8678e-04,
        2.6989e-02, 1.5437e-01, 9.3388e-04, 2.4281e-03, 7.2656e-02, 9.3388e-02,
        1.1085e-01, 9.3388e-05, 1.3074e-03, 2.4281e-03])
[2026-06-22 18:12:26,633][root][INFO] - Epoch: 36 | train acc: 0.9364, train loss: 17.42743486, valid acc: 0.9196, valid loss: 0.28787012, test acc: 0.9057, test loss: 7.13850912
[2026-06-22 18:12:28,115][root][INFO] - reg loss: 4.302768389383952, entropy loss: 0.09232086392622145, leaf dev: 0.12131943553686142
[2026-06-22 18:12:28,117][root][INFO] - Val leaf stats: tensor([4.7460e-01, 4.9496e-03, 3.0911e-02, 1.1207e-03, 1.4008e-03, 1.8678e-04,
        3.1472e-02, 1.7361e-01, 8.4049e-04, 2.5215e-03, 7.0134e-02, 9.6283e-02,
        1.0824e-01, 9.3388e-05, 1.3074e-03, 2.3347e-03])
[2026-06-22 18:12:42,802][root][INFO] - Epoch: 37 | train acc: 0.9412, train loss: 17.33796676, valid acc: 0.9193, valid loss: 0.28850156, test acc: 0.9066, test loss: 3.41079394
[2026-06-22 18:12:44,062][root][INFO] - reg loss: 4.283918436242159, entropy loss: 0.08928212018870803, leaf dev: 0.12356171756982803
[2026-06-22 18:12:44,063][root][INFO] - Val leaf stats: tensor([4.8590e-01, 5.7901e-03, 2.8203e-02, 1.2140e-03, 1.5876e-03, 0.0000e+00,
        2.5308e-02, 1.6165e-01, 1.0273e-03, 2.7083e-03, 7.0788e-02, 9.3482e-02,
        1.1851e-01, 2.8016e-04, 1.3074e-03, 2.2413e-03])
[2026-06-22 18:12:56,946][root][INFO] - Epoch: 38 | train acc: 0.9403, train loss: 17.26209320, valid acc: 0.9220, valid loss: 0.26786873, test acc: 0.9058, test loss: 2.37178309
[2026-06-22 18:12:58,467][root][INFO] - reg loss: 4.2643023369804265, entropy loss: 0.08822907310314279, leaf dev: 0.12370236963033676
[2026-06-22 18:12:58,468][root][INFO] - Val leaf stats: tensor([4.8814e-01, 5.2297e-03, 2.8764e-02, 1.3074e-03, 9.3388e-04, 9.3388e-05,
        2.8016e-02, 1.5857e-01, 1.7744e-03, 2.8950e-03, 7.1068e-02, 9.8431e-02,
        1.1048e-01, 9.3388e-05, 1.4008e-03, 2.8016e-03])
[2026-06-22 18:13:13,963][root][INFO] - Epoch: 39 | train acc: 0.9397, train loss: 17.31876869, valid acc: 0.9201, valid loss: 0.26754132, test acc: 0.9008, test loss: 3.70996174
[2026-06-22 18:13:15,225][root][INFO] - reg loss: 4.275845704255281, entropy loss: 0.08823158588043596, leaf dev: 0.12026391923427582
[2026-06-22 18:13:15,226][root][INFO] - Val leaf stats: tensor([4.7591e-01, 1.9798e-02, 2.8297e-02, 1.3074e-03, 1.3074e-03, 9.3388e-05,
        2.9697e-02, 1.5372e-01, 1.5876e-03, 2.5215e-03, 7.0601e-02, 1.0207e-01,
        1.0880e-01, 2.8016e-04, 1.4942e-03, 2.5215e-03])
[2026-06-22 18:13:29,544][root][INFO] - Epoch: 40 | train acc: 0.9410, train loss: 17.41306263, valid acc: 0.9243, valid loss: 0.25665745, test acc: 0.9044, test loss: 3.57592008
[2026-06-22 18:13:31,161][root][INFO] - reg loss: 4.302918542629827, entropy loss: 0.0864772071677541, leaf dev: 0.12008171528577805
[2026-06-22 18:13:31,162][root][INFO] - Val leaf stats: tensor([4.7479e-01, 1.6903e-02, 2.9978e-02, 1.4008e-03, 1.5876e-03, 9.3388e-05,
        2.8670e-02, 1.5110e-01, 1.4008e-03, 2.7083e-03, 6.8827e-02, 1.0338e-01,
        1.1440e-01, 7.4710e-04, 1.4942e-03, 2.5215e-03])
[2026-06-22 18:13:46,536][root][INFO] - Epoch: 41 | train acc: 0.9425, train loss: 17.47346841, valid acc: 0.9249, valid loss: 0.26092562, test acc: 0.9036, test loss: 1.92315004
[2026-06-22 18:13:48,110][root][INFO] - reg loss: 4.319406090590058, entropy loss: 0.08647928118863434, leaf dev: 0.119300976395607
[2026-06-22 18:13:48,111][root][INFO] - Val leaf stats: tensor([4.7152e-01, 1.2607e-02, 3.7355e-02, 1.2140e-03, 1.4008e-03, 9.3388e-05,
        2.6989e-02, 1.4718e-01, 1.7744e-03, 2.8016e-03, 6.8920e-02, 1.0740e-01,
        1.1580e-01, 7.4710e-04, 1.5876e-03, 2.6149e-03])
[2026-06-22 18:14:02,378][root][INFO] - Epoch: 42 | train acc: 0.9434, train loss: 17.33078370, valid acc: 0.9247, valid loss: 0.25667649, test acc: 0.9038, test loss: 3.77673608
[2026-06-22 18:14:03,748][root][INFO] - reg loss: 4.284752987049244, entropy loss: 0.08411375488396045, leaf dev: 0.1217314675450325
[2026-06-22 18:14:03,750][root][INFO] - Val leaf stats: tensor([4.8170e-01, 1.4569e-02, 2.6802e-02, 1.4008e-03, 1.4942e-03, 9.3388e-05,
        2.8203e-02, 1.5110e-01, 1.8678e-03, 2.4281e-03, 7.0134e-02, 9.9832e-02,
        1.1524e-01, 1.0273e-03, 1.4942e-03, 2.6149e-03])
[2026-06-22 18:14:19,318][root][INFO] - Epoch: 43 | train acc: 0.9450, train loss: 17.26047417, valid acc: 0.9263, valid loss: 0.25760561, test acc: 0.9058, test loss: 4.00507372
[2026-06-22 18:14:20,483][root][INFO] - reg loss: 4.268116882869175, entropy loss: 0.08187262185666927, leaf dev: 0.11976215243339539
[2026-06-22 18:14:20,485][root][INFO] - Val leaf stats: tensor([4.7170e-01, 1.3074e-02, 2.7549e-02, 1.2140e-03, 1.5876e-03, 9.3388e-05,
        3.1472e-02, 1.5895e-01, 2.0545e-03, 2.7083e-03, 7.0415e-02, 1.0357e-01,
        1.1066e-01, 1.0273e-03, 1.4008e-03, 2.5215e-03])
[2026-06-22 18:14:36,483][root][INFO] - Epoch: 44 | train acc: 0.9454, train loss: 17.23986014, valid acc: 0.9273, valid loss: 0.25844673, test acc: 0.9044, test loss: 4.03060793
[2026-06-22 18:14:38,027][root][INFO] - reg loss: 4.263650861366716, entropy loss: 0.08101288016353335, leaf dev: 0.1202225461602211
[2026-06-22 18:14:38,028][root][INFO] - Val leaf stats: tensor([4.7525e-01, 1.4942e-02, 2.8110e-02, 1.4008e-03, 1.1207e-03, 1.8678e-04,
        3.2592e-02, 1.5334e-01, 1.6810e-03, 2.5215e-03, 7.0508e-02, 9.9365e-02,
        1.1393e-01, 1.1207e-03, 1.4942e-03, 2.4281e-03])
[2026-06-22 18:14:53,128][root][INFO] - Epoch: 45 | train acc: 0.9466, train loss: 17.25830448, valid acc: 0.9280, valid loss: 0.25409674, test acc: 0.9069, test loss: 3.99800156
[2026-06-22 18:14:54,677][root][INFO] - reg loss: 4.269114047761947, entropy loss: 0.08063529707767346, leaf dev: 0.11713557690382004
[2026-06-22 18:14:54,678][root][INFO] - Val leaf stats: tensor([4.5882e-01, 1.2888e-02, 2.9697e-02, 1.2140e-03, 1.1207e-03, 9.3388e-05,
        3.7168e-02, 1.6511e-01, 1.9612e-03, 2.4281e-03, 7.0321e-02, 9.9739e-02,
        1.1487e-01, 7.4710e-04, 1.4008e-03, 2.4281e-03])
[2026-06-22 18:15:09,007][root][INFO] - Epoch: 46 | train acc: 0.9473, train loss: 17.34504423, valid acc: 0.9298, valid loss: 0.24297839, test acc: 0.9078, test loss: 4.08058754
[2026-06-22 18:15:10,592][root][INFO] - reg loss: 4.2909973689488, entropy loss: 0.0803885866331045, leaf dev: 0.11863256245851517
[2026-06-22 18:15:10,593][root][INFO] - Val leaf stats: tensor([4.6806e-01, 1.3728e-02, 2.9697e-02, 1.2140e-03, 1.0273e-03, 9.3388e-05,
        3.5207e-02, 1.5390e-01, 2.3347e-03, 2.4281e-03, 7.0695e-02, 1.0553e-01,
        1.1123e-01, 1.1207e-03, 1.4008e-03, 2.3347e-03])
[2026-06-22 18:15:25,177][root][INFO] - Epoch: 47 | train acc: 0.9479, train loss: 17.22535965, valid acc: 0.9273, valid loss: 0.24741956, test acc: 0.9078, test loss: 6.62488459
[2026-06-22 18:15:26,738][root][INFO] - reg loss: 4.262018864747708, entropy loss: 0.07893213097538267, leaf dev: 0.12074936181306839
[2026-06-22 18:15:26,739][root][INFO] - Val leaf stats: tensor([4.7759e-01, 9.8991e-03, 3.1005e-02, 1.2140e-03, 1.0273e-03, 9.3388e-05,
        3.2312e-02, 1.4942e-01, 2.2413e-03, 2.2413e-03, 7.0041e-02, 1.0749e-01,
        1.1048e-01, 1.1207e-03, 1.4008e-03, 2.4281e-03])
[2026-06-22 18:15:40,546][root][INFO] - Epoch: 48 | train acc: 0.9487, train loss: 17.23472713, valid acc: 0.9273, valid loss: 0.24778197, test acc: 0.9083, test loss: 4.11471470
[2026-06-22 18:15:41,859][root][INFO] - reg loss: 4.263777334223349, entropy loss: 0.07854427688966983, leaf dev: 0.11883914470672607
[2026-06-22 18:15:41,861][root][INFO] - Val leaf stats: tensor([4.6787e-01, 1.3074e-02, 3.0818e-02, 1.2140e-03, 7.4710e-04, 9.3388e-05,
        3.3340e-02, 1.5941e-01, 1.9612e-03, 1.9612e-03, 7.0975e-02, 1.0002e-01,
        1.1281e-01, 1.4008e-03, 1.4942e-03, 2.8016e-03])
[2026-06-22 18:15:55,543][root][INFO] - Epoch: 49 | train acc: 0.9484, train loss: 17.26937538, valid acc: 0.9272, valid loss: 0.24744764, test acc: 0.9080, test loss: 6.50208285
[2026-06-22 18:15:56,913][root][INFO] - reg loss: 4.27321391635471, entropy loss: 0.07881948099565253, leaf dev: 0.1253429502248764
[2026-06-22 18:15:56,914][root][INFO] - Val leaf stats: tensor([5.0103e-01, 8.9653e-03, 3.6515e-02, 1.2140e-03, 5.6033e-04, 9.3388e-05,
        2.6242e-02, 1.2906e-01, 2.1479e-03, 1.9612e-03, 7.0134e-02, 1.0693e-01,
        1.0954e-01, 1.2140e-03, 1.4942e-03, 2.8950e-03])
[2026-06-22 18:15:57,992][root][INFO] - Val leaf stats: tensor([5.0103e-01, 8.9653e-03, 3.6515e-02, 1.2140e-03, 5.6033e-04, 9.3388e-05,
        2.6242e-02, 1.2906e-01, 2.1479e-03, 1.9612e-03, 7.0134e-02, 1.0693e-01,
        1.0954e-01, 1.2140e-03, 1.4942e-03, 2.8950e-03])
[2026-06-22 18:16:00,016][root][INFO] - Test leaf std: 0.13183584809303284, Val leaf std: 0.1253429502248764
[2026-06-22 18:16:02,486][root][INFO] - FINAL TEST | acc: 0.9080, loss: 6.5021, 
