[2026-06-19 15:04:06,689][root][INFO] - MLFlow server is starting on LOCAL with experiment STM_all_iafff08_stdreg_seed...
[2026-06-19 15:04:06,708][root][INFO] - MLFlow run ID: f0f48cdb4c05492e92c3f1d415c2996e, status: RUNNING
[2026-06-19 15:04:06,972][root][INFO] - Starting experiment IATrain...
[2026-06-19 15:04:34,619][root][INFO] - Epoch: 0 | train acc: 0.5994, train loss: 15.60330934, valid acc: 0.6761, valid loss: 0.94593883, test acc: 0.7179, test loss: 0.96357111
[2026-06-19 15:04:38,056][root][INFO] - reg loss: 7.19896654098753, entropy loss: 0.3462746766193834, leaf dev: 0.11009649932384491
[2026-06-19 15:04:38,057][root][INFO] - Val leaf stats: tensor([1.8678e-04, 3.3620e-03, 4.2099e-01, 2.8203e-02, 1.2318e-01, 0.0000e+00,
        2.8016e-04, 1.8678e-04, 5.1363e-02, 1.8678e-04, 1.8752e-01, 7.2749e-02,
        2.2880e-02, 9.3388e-05, 8.6477e-02, 2.3347e-03])
[2026-06-19 15:05:02,095][root][INFO] - Epoch: 1 | train acc: 0.7768, train loss: 12.01426850, valid acc: 0.7837, valid loss: 0.67686930, test acc: 0.8178, test loss: 0.73215292
[2026-06-19 15:05:05,235][root][INFO] - reg loss: 5.657192429537496, entropy loss: 0.27479320244183614, leaf dev: 0.11947248876094818
[2026-06-19 15:05:05,241][root][INFO] - Val leaf stats: tensor([5.6033e-04, 1.2514e-02, 4.7441e-01, 5.9021e-02, 1.4419e-01, 0.0000e+00,
        9.3388e-05, 9.3388e-05, 3.5207e-02, 9.3388e-05, 1.3093e-01, 6.2850e-02,
        8.2182e-03, 3.7355e-04, 6.8547e-02, 2.8950e-03])
[2026-06-19 15:05:29,554][root][INFO] - Epoch: 2 | train acc: 0.8185, train loss: 11.29175115, valid acc: 0.8058, valid loss: 0.59463206, test acc: 0.8085, test loss: 0.95413882
[2026-06-19 15:05:31,623][root][INFO] - reg loss: 5.371979385456711, entropy loss: 0.24524559025411252, leaf dev: 0.09460274875164032
[2026-06-19 15:05:31,624][root][INFO] - Val leaf stats: tensor([1.1207e-03, 6.3411e-02, 3.5721e-01, 1.2028e-01, 1.5446e-01, 9.3388e-05,
        9.3388e-05, 0.0000e+00, 4.0064e-02, 0.0000e+00, 1.3289e-01, 5.4445e-02,
        4.9496e-03, 6.5372e-04, 6.7333e-02, 2.9884e-03])
[2026-06-19 15:05:58,346][root][INFO] - Epoch: 3 | train acc: 0.8474, train loss: 11.03275345, valid acc: 0.8377, valid loss: 0.46884989, test acc: 0.8460, test loss: 0.56194881
[2026-06-19 15:06:00,433][root][INFO] - reg loss: 5.284399544751203, entropy loss: 0.22665759077463202, leaf dev: 0.09340063482522964
[2026-06-19 15:06:00,434][root][INFO] - Val leaf stats: tensor([1.0273e-03, 5.6967e-02, 3.3722e-01, 1.1263e-01, 1.9378e-01, 9.3388e-05,
        1.8678e-04, 0.0000e+00, 3.6515e-02, 9.3388e-05, 1.3149e-01, 5.3511e-02,
        4.7628e-03, 7.4710e-04, 6.8080e-02, 2.8950e-03])
[2026-06-19 15:06:28,635][root][INFO] - Epoch: 4 | train acc: 0.8683, train loss: 10.59886346, valid acc: 0.8615, valid loss: 0.41788492, test acc: 0.8562, test loss: 0.57547376
[2026-06-19 15:06:32,357][root][INFO] - reg loss: 5.096045403253465, entropy loss: 0.20672167813967143, leaf dev: 0.0979684591293335
[2026-06-19 15:06:32,358][root][INFO] - Val leaf stats: tensor([1.1207e-03, 7.0695e-02, 3.7589e-01, 1.2449e-01, 1.4690e-01, 0.0000e+00,
        1.8678e-04, 0.0000e+00, 4.0624e-02, 0.0000e+00, 1.2299e-01, 4.2772e-02,
        2.9884e-03, 8.4049e-04, 6.6866e-02, 3.6421e-03])
[2026-06-19 15:06:59,876][root][INFO] - Epoch: 5 | train acc: 0.8822, train loss: 10.34902098, valid acc: 0.8742, valid loss: 0.38822697, test acc: 0.8640, test loss: 0.55345136
[2026-06-19 15:07:02,638][root][INFO] - reg loss: 4.990768806013481, entropy loss: 0.19525845979571974, leaf dev: 0.09653599560260773
[2026-06-19 15:07:02,640][root][INFO] - Val leaf stats: tensor([0.0009, 0.0829, 0.3698, 0.1405, 0.1310, 0.0000, 0.0005, 0.0000, 0.0459,
        0.0000, 0.1186, 0.0336, 0.0043, 0.0008, 0.0664, 0.0048])
[2026-06-19 15:07:31,214][root][INFO] - Epoch: 6 | train acc: 0.8863, train loss: 10.24179719, valid acc: 0.8801, valid loss: 0.36877472, test acc: 0.8697, test loss: 0.59386084
[2026-06-19 15:07:32,542][root][INFO] - reg loss: 4.9436564167971335, entropy loss: 0.18830420139920775, leaf dev: 0.09006261825561523
[2026-06-19 15:07:32,543][root][INFO] - Val leaf stats: tensor([8.4049e-04, 1.0431e-01, 3.2882e-01, 1.4681e-01, 1.3840e-01, 0.0000e+00,
        2.8016e-04, 0.0000e+00, 3.8943e-02, 0.0000e+00, 1.3158e-01, 3.2779e-02,
        4.2959e-03, 8.4049e-04, 6.7146e-02, 4.9496e-03])
[2026-06-19 15:08:02,034][root][INFO] - Epoch: 7 | train acc: 0.8946, train loss: 9.98597022, valid acc: 0.8789, valid loss: 0.36463285, test acc: 0.8701, test loss: 0.62744134
[2026-06-19 15:08:05,053][root][INFO] - reg loss: 4.828908819370169, entropy loss: 0.17945193905363638, leaf dev: 0.09237778186798096
[2026-06-19 15:08:05,054][root][INFO] - Val leaf stats: tensor([8.4049e-04, 9.9458e-02, 3.4638e-01, 1.4139e-01, 1.0852e-01, 9.3388e-05,
        2.8016e-04, 0.0000e+00, 5.1737e-02, 0.0000e+00, 1.4400e-01, 2.7269e-02,
        6.4438e-03, 8.4049e-04, 6.8173e-02, 4.5760e-03])
[2026-06-19 15:08:38,453][root][INFO] - Epoch: 8 | train acc: 0.9000, train loss: 9.83356045, valid acc: 0.8905, valid loss: 0.33578701, test acc: 0.8739, test loss: 0.67881877
[2026-06-19 15:08:42,005][root][INFO] - reg loss: 4.761541563367087, entropy loss: 0.17310216967706327, leaf dev: 0.08970790356397629
[2026-06-19 15:08:42,007][root][INFO] - Val leaf stats: tensor([9.3388e-04, 9.3575e-02, 3.3031e-01, 1.4578e-01, 1.2775e-01, 0.0000e+00,
        2.8016e-04, 0.0000e+00, 5.2951e-02, 9.3388e-05, 1.3962e-01, 2.7083e-02,
        7.9380e-03, 7.4710e-04, 6.8267e-02, 4.6694e-03])
[2026-06-19 15:09:12,850][root][INFO] - Epoch: 9 | train acc: 0.9038, train loss: 9.80929886, valid acc: 0.8891, valid loss: 0.34899402, test acc: 0.8780, test loss: 0.70446949
[2026-06-19 15:09:16,166][root][INFO] - reg loss: 4.754619043340128, entropy loss: 0.16777786107921094, leaf dev: 0.09691357612609863
[2026-06-19 15:09:16,167][root][INFO] - Val leaf stats: tensor([5.2297e-03, 1.0880e-01, 3.6151e-01, 1.6240e-01, 1.5316e-01, 9.3388e-05,
        3.7355e-04, 0.0000e+00, 3.5021e-02, 9.3388e-05, 6.3971e-02, 2.2320e-02,
        1.0459e-02, 5.6033e-04, 7.1068e-02, 4.9496e-03])
[2026-06-19 15:09:42,680][root][INFO] - Epoch: 10 | train acc: 0.9029, train loss: 9.84004219, valid acc: 0.8912, valid loss: 0.32856231, test acc: 0.8851, test loss: 0.75182695
[2026-06-19 15:09:46,261][root][INFO] - reg loss: 4.768213842280958, entropy loss: 0.16518607830244397, leaf dev: 0.0993368923664093
[2026-06-19 15:09:46,263][root][INFO] - Val leaf stats: tensor([1.7744e-03, 1.1188e-01, 3.7140e-01, 1.4839e-01, 1.6754e-01, 5.6033e-04,
        1.8678e-04, 0.0000e+00, 3.8289e-02, 9.3388e-05, 5.7994e-02, 1.9518e-02,
        8.3115e-03, 7.4710e-04, 6.8267e-02, 5.0430e-03])
[2026-06-19 15:10:14,010][root][INFO] - Epoch: 11 | train acc: 0.9093, train loss: 9.67343024, valid acc: 0.8970, valid loss: 0.32565689, test acc: 0.8900, test loss: 0.72083163
[2026-06-19 15:10:17,094][root][INFO] - reg loss: 4.693490845816476, entropy loss: 0.15968868893290322, leaf dev: 0.10085009783506393
[2026-06-19 15:10:17,096][root][INFO] - Val leaf stats: tensor([1.6810e-03, 1.0562e-01, 3.7962e-01, 1.7137e-01, 1.4111e-01, 2.5215e-03,
        1.8678e-04, 0.0000e+00, 3.1098e-02, 9.3388e-05, 6.8640e-02, 1.9612e-02,
        6.6306e-03, 7.4710e-04, 6.6119e-02, 4.9496e-03])
[2026-06-19 15:10:44,985][root][INFO] - Epoch: 12 | train acc: 0.9114, train loss: 9.61442143, valid acc: 0.8580, valid loss: 0.43885624, test acc: 0.8499, test loss: 0.86024423
[2026-06-19 15:10:48,031][root][INFO] - reg loss: 4.666722703863074, entropy loss: 0.15275174032443414, leaf dev: 0.09213770925998688
[2026-06-19 15:10:48,033][root][INFO] - Val leaf stats: tensor([1.7744e-03, 1.0329e-01, 3.1220e-01, 1.5671e-01, 2.1554e-01, 5.7901e-03,
        4.6694e-04, 0.0000e+00, 4.0811e-02, 9.3388e-05, 6.4718e-02, 1.9612e-02,
        7.5644e-03, 7.4710e-04, 6.5839e-02, 4.8562e-03])
[2026-06-19 15:11:12,625][root][INFO] - Epoch: 13 | train acc: 0.9023, train loss: 9.85489594, valid acc: 0.8990, valid loss: 0.31371275, test acc: 0.8973, test loss: 0.55235349
[2026-06-19 15:11:15,858][root][INFO] - reg loss: 4.773414200575894, entropy loss: 0.15074745750931837, leaf dev: 0.09356927126646042
[2026-06-19 15:11:15,859][root][INFO] - Val leaf stats: tensor([2.1479e-03, 1.0674e-01, 3.4133e-01, 1.5736e-01, 1.6408e-01, 7.6578e-03,
        9.3388e-05, 7.4710e-04, 4.1278e-02, 9.3388e-05, 8.9279e-02, 1.2701e-02,
        6.0702e-03, 7.4710e-04, 6.5465e-02, 4.2025e-03])
[2026-06-19 15:11:43,466][root][INFO] - Epoch: 14 | train acc: 0.9078, train loss: 9.57139795, valid acc: 0.8891, valid loss: 0.34038300, test acc: 0.8842, test loss: 0.65763635
[2026-06-19 15:11:46,600][root][INFO] - reg loss: 4.64335985032339, entropy loss: 0.14284459016625844, leaf dev: 0.08064788579940796
[2026-06-19 15:11:46,602][root][INFO] - Val leaf stats: tensor([1.4008e-03, 9.0026e-02, 2.6251e-01, 1.7893e-01, 9.7030e-02, 5.9768e-03,
        3.7355e-04, 1.8678e-04, 7.2936e-02, 9.3388e-05, 1.7146e-01, 9.8058e-03,
        2.6802e-02, 6.5372e-04, 7.7606e-02, 4.2025e-03])
[2026-06-19 15:12:14,639][root][INFO] - Epoch: 15 | train acc: 0.9082, train loss: 9.46878643, valid acc: 0.8947, valid loss: 0.31858385, test acc: 0.8937, test loss: 0.86535507
[2026-06-19 15:12:16,422][root][INFO] - reg loss: 4.591059884066304, entropy loss: 0.13900993772284695, leaf dev: 0.07972745597362518
[2026-06-19 15:12:16,423][root][INFO] - Val leaf stats: tensor([1.5876e-03, 9.3295e-02, 2.6373e-01, 1.7931e-01, 9.3855e-02, 6.0702e-03,
        4.6694e-04, 9.3388e-05, 6.2944e-02, 9.3388e-05, 1.4541e-01, 9.8058e-03,
        2.5402e-02, 8.4049e-04, 1.1281e-01, 4.2959e-03])
[2026-06-19 15:12:39,050][root][INFO] - Epoch: 16 | train acc: 0.9170, train loss: 9.35901032, valid acc: 0.9019, valid loss: 0.30538750, test acc: 0.8980, test loss: 0.77505305
[2026-06-19 15:12:40,797][root][INFO] - reg loss: 4.545003255208333, entropy loss: 0.13677252631969553, leaf dev: 0.08339797705411911
[2026-06-19 15:12:40,798][root][INFO] - Val leaf stats: tensor([0.0015, 0.1139, 0.2573, 0.1888, 0.1751, 0.0136, 0.0004, 0.0012, 0.0526,
        0.0000, 0.1170, 0.0007, 0.0049, 0.0010, 0.0682, 0.0037])
[2026-06-19 15:13:04,374][root][INFO] - Epoch: 17 | train acc: 0.9210, train loss: 9.38887410, valid acc: 0.9076, valid loss: 0.28883572, test acc: 0.9015, test loss: 0.79382303
[2026-06-19 15:13:06,966][root][INFO] - reg loss: 4.5664466499651555, entropy loss: 0.13651004969758332, leaf dev: 0.08459606766700745
[2026-06-19 15:13:06,967][root][INFO] - Val leaf stats: tensor([1.6810e-03, 1.0282e-01, 2.6999e-01, 1.9705e-01, 1.6390e-01, 1.3448e-02,
        4.6694e-04, 1.0273e-03, 5.9395e-02, 1.8678e-04, 1.1057e-01, 8.4049e-04,
        4.9496e-03, 9.3388e-04, 6.8640e-02, 4.1091e-03])
[2026-06-19 15:13:30,454][root][INFO] - Epoch: 18 | train acc: 0.9262, train loss: 9.32775433, valid acc: 0.9134, valid loss: 0.27453246, test acc: 0.9035, test loss: 0.92932747
[2026-06-19 15:13:33,065][root][INFO] - reg loss: 4.54535367249181, entropy loss: 0.13104250092828085, leaf dev: 0.08798941224813461
[2026-06-19 15:13:33,066][root][INFO] - Val leaf stats: tensor([1.7744e-03, 1.0263e-01, 3.0043e-01, 2.0256e-01, 1.2626e-01, 1.4288e-02,
        9.3388e-04, 7.4710e-04, 5.7714e-02, 9.3388e-05, 1.1169e-01, 7.4710e-04,
        5.6967e-03, 8.4049e-04, 6.9294e-02, 4.2959e-03])
[2026-06-19 15:13:57,662][root][INFO] - Epoch: 19 | train acc: 0.9197, train loss: 9.32399101, valid acc: 0.8593, valid loss: 0.39070689, test acc: 0.8381, test loss: 1.00972404
[2026-06-19 15:14:00,947][root][INFO] - reg loss: 4.535433572436136, entropy loss: 0.12875044184229362, leaf dev: 0.08907322585582733
[2026-06-19 15:14:00,948][root][INFO] - Val leaf stats: tensor([2.0545e-03, 1.0207e-01, 1.9854e-01, 3.0968e-01, 1.2122e-01, 1.1393e-02,
        1.4942e-03, 6.5372e-04, 5.8368e-02, 9.3388e-05, 1.1272e-01, 6.5372e-04,
        7.0041e-03, 8.4049e-04, 6.9014e-02, 4.2025e-03])
[2026-06-19 15:14:23,286][root][INFO] - Epoch: 20 | train acc: 0.9193, train loss: 9.49300460, valid acc: 0.9108, valid loss: 0.28737089, test acc: 0.9016, test loss: 0.89039023
[2026-06-19 15:14:26,524][root][INFO] - reg loss: 4.611207475107183, entropy loss: 0.12921132281343772, leaf dev: 0.08505483716726303
[2026-06-19 15:14:26,526][root][INFO] - Val leaf stats: tensor([4.7628e-03, 1.0161e-01, 2.4645e-01, 2.5019e-01, 1.2551e-01, 1.2701e-02,
        2.0545e-03, 5.6033e-04, 5.9301e-02, 1.8678e-04, 1.1412e-01, 6.5372e-04,
        7.4710e-03, 8.4049e-04, 6.9294e-02, 4.2959e-03])
[2026-06-19 15:14:56,889][root][INFO] - Epoch: 21 | train acc: 0.9307, train loss: 9.43139263, valid acc: 0.9160, valid loss: 0.27272947, test acc: 0.9001, test loss: 0.88922133
[2026-06-19 15:15:00,288][root][INFO] - reg loss: 4.601632733824392, entropy loss: 0.12704674698530682, leaf dev: 0.08596333116292953
[2026-06-19 15:15:00,289][root][INFO] - Val leaf stats: tensor([6.1636e-03, 9.4322e-02, 2.6849e-01, 2.3478e-01, 1.2430e-01, 1.3448e-02,
        1.0273e-03, 4.6694e-04, 5.9301e-02, 1.8678e-04, 1.1477e-01, 5.6033e-04,
        7.6578e-03, 8.4049e-04, 6.9294e-02, 4.3892e-03])
[2026-06-19 15:15:24,619][root][INFO] - Epoch: 22 | train acc: 0.9288, train loss: 9.33389508, valid acc: 0.9160, valid loss: 0.26969918, test acc: 0.8877, test loss: 0.81855796
[2026-06-19 15:15:27,617][root][INFO] - reg loss: 4.551301645854163, entropy loss: 0.12006075644776934, leaf dev: 0.0888318344950676
[2026-06-19 15:15:27,619][root][INFO] - Val leaf stats: tensor([6.7239e-03, 1.0459e-01, 2.8960e-01, 2.3123e-01, 1.2150e-01, 1.2514e-02,
        1.1207e-03, 4.6694e-04, 4.5854e-02, 0.0000e+00, 1.0366e-01, 1.8678e-04,
        8.3115e-03, 8.4049e-04, 6.8453e-02, 4.9496e-03])
[2026-06-19 15:15:55,466][root][INFO] - Epoch: 23 | train acc: 0.9326, train loss: 9.30903703, valid acc: 0.9194, valid loss: 0.26231335, test acc: 0.8880, test loss: 0.82036253
[2026-06-19 15:15:58,801][root][INFO] - reg loss: 4.544265562895114, entropy loss: 0.1227567291685513, leaf dev: 0.08740474283695221
[2026-06-19 15:15:58,802][root][INFO] - Val leaf stats: tensor([7.6578e-03, 1.0375e-01, 2.8390e-01, 2.2899e-01, 1.2589e-01, 1.3728e-02,
        1.5876e-03, 8.4049e-04, 5.1830e-02, 9.3388e-05, 9.8618e-02, 1.8678e-04,
        8.4049e-03, 8.4049e-04, 6.8453e-02, 5.2297e-03])
[2026-06-19 15:16:23,138][root][INFO] - Epoch: 24 | train acc: 0.9358, train loss: 9.25794345, valid acc: 0.9216, valid loss: 0.25866495, test acc: 0.8899, test loss: 0.81031007
[2026-06-19 15:16:26,273][root][INFO] - reg loss: 4.524459240928529, entropy loss: 0.12258822317161257, leaf dev: 0.08685991168022156
[2026-06-19 15:16:26,275][root][INFO] - Val leaf stats: tensor([0.0084, 0.1040, 0.2804, 0.2280, 0.1292, 0.0127, 0.0020, 0.0008, 0.0517,
        0.0000, 0.0992, 0.0004, 0.0086, 0.0008, 0.0685, 0.0052])
[2026-06-19 15:16:53,233][root][INFO] - Epoch: 25 | train acc: 0.9380, train loss: 9.22758704, valid acc: 0.9243, valid loss: 0.25479758, test acc: 0.8815, test loss: 0.87716074
[2026-06-19 15:16:56,055][root][INFO] - reg loss: 4.512320975147227, entropy loss: 0.12146955271246572, leaf dev: 0.08613958954811096
[2026-06-19 15:16:56,056][root][INFO] - Val leaf stats: tensor([9.7124e-03, 1.1010e-01, 2.7774e-01, 2.2665e-01, 1.2495e-01, 1.2701e-02,
        1.9612e-03, 8.4049e-04, 5.2297e-02, 1.8678e-04, 9.8991e-02, 3.7355e-04,
        9.1520e-03, 8.4049e-04, 6.8173e-02, 5.3231e-03])
[2026-06-19 15:17:22,722][root][INFO] - Epoch: 26 | train acc: 0.9394, train loss: 9.21597139, valid acc: 0.9238, valid loss: 0.25320937, test acc: 0.8823, test loss: 0.92204941
[2026-06-19 15:17:25,791][root][INFO] - reg loss: 4.508479471559878, entropy loss: 0.11929959169140568, leaf dev: 0.08568970859050751
[2026-06-19 15:17:25,792][root][INFO] - Val leaf stats: tensor([1.0459e-02, 1.1449e-01, 2.7587e-01, 2.2441e-01, 1.2505e-01, 1.2607e-02,
        1.9612e-03, 7.4710e-04, 5.2204e-02, 1.8678e-04, 9.7871e-02, 3.7355e-04,
        8.6851e-03, 8.4049e-04, 6.8920e-02, 5.3231e-03])
[2026-06-19 15:17:52,566][root][INFO] - Epoch: 27 | train acc: 0.9349, train loss: 9.35849671, valid acc: 0.9216, valid loss: 0.25614274, test acc: 0.8851, test loss: 1.07096013
[2026-06-19 15:17:55,480][root][INFO] - reg loss: 4.571622288416302, entropy loss: 0.12318504140490577, leaf dev: 0.08369050920009613
[2026-06-19 15:17:55,481][root][INFO] - Val leaf stats: tensor([1.1300e-02, 1.3046e-01, 2.6942e-01, 2.1685e-01, 1.1533e-01, 1.9238e-02,
        2.2413e-03, 3.7355e-04, 5.2204e-02, 1.8678e-04, 9.7404e-02, 5.6033e-04,
        8.8719e-03, 8.4049e-04, 6.9294e-02, 5.4165e-03])
[2026-06-19 15:18:20,362][root][INFO] - Epoch: 28 | train acc: 0.9289, train loss: 9.36768509, valid acc: 0.9166, valid loss: 0.27486492, test acc: 0.8899, test loss: 1.00788260
[2026-06-19 15:18:23,618][root][INFO] - reg loss: 4.568716836354089, entropy loss: 0.12088265553826377, leaf dev: 0.07944581657648087
[2026-06-19 15:18:23,620][root][INFO] - Val leaf stats: tensor([8.8719e-03, 1.1328e-01, 2.1227e-01, 2.0555e-01, 1.9555e-01, 1.9705e-02,
        2.7083e-03, 3.7355e-04, 5.3978e-02, 1.8678e-04, 1.0226e-01, 9.3388e-05,
        9.4322e-03, 8.4049e-04, 6.9481e-02, 5.4165e-03])
[2026-06-19 15:18:45,243][root][INFO] - Epoch: 29 | train acc: 0.9337, train loss: 9.35414559, valid acc: 0.9202, valid loss: 0.28570048, test acc: 0.8898, test loss: 1.11542797
[2026-06-19 15:18:48,521][root][INFO] - reg loss: 4.568031136951749, entropy loss: 0.11707477173004201, leaf dev: 0.07592079043388367
[2026-06-19 15:18:48,523][root][INFO] - Val leaf stats: tensor([0.0078, 0.1043, 0.1838, 0.2060, 0.1797, 0.0181, 0.0038, 0.0003, 0.0649,
        0.0003, 0.1402, 0.0004, 0.0126, 0.0007, 0.0715, 0.0055])
[2026-06-19 15:19:12,422][root][INFO] - Epoch: 30 | train acc: 0.9387, train loss: 9.32457430, valid acc: 0.9225, valid loss: 0.27914971, test acc: 0.8883, test loss: 1.09553008
[2026-06-19 15:19:15,176][root][INFO] - reg loss: 4.560342972871488, entropy loss: 0.11413391557320085, leaf dev: 0.07595237344503403
[2026-06-19 15:19:15,178][root][INFO] - Val leaf stats: tensor([0.0085, 0.1055, 0.1959, 0.2086, 0.1690, 0.0146, 0.0039, 0.0004, 0.0634,
        0.0005, 0.1286, 0.0011, 0.0143, 0.0007, 0.0795, 0.0054])
[2026-06-19 15:19:38,674][root][INFO] - Epoch: 31 | train acc: 0.9408, train loss: 9.31550078, valid acc: 0.9255, valid loss: 0.26393511, test acc: 0.8896, test loss: 1.09410005
[2026-06-19 15:19:40,946][root][INFO] - reg loss: 4.558716996006234, entropy loss: 0.11121477896258944, leaf dev: 0.07678097486495972
[2026-06-19 15:19:40,947][root][INFO] - Val leaf stats: tensor([0.0089, 0.1043, 0.2086, 0.2116, 0.1518, 0.0143, 0.0039, 0.0004, 0.0645,
        0.0004, 0.1377, 0.0004, 0.0170, 0.0007, 0.0704, 0.0050])
[2026-06-19 15:20:03,983][root][INFO] - Epoch: 32 | train acc: 0.9422, train loss: 9.25605058, valid acc: 0.9269, valid loss: 0.26138343, test acc: 0.8915, test loss: 1.12465284
[2026-06-19 15:20:06,712][root][INFO] - reg loss: 4.533013802987558, entropy loss: 0.10709211060767451, leaf dev: 0.07702488452196121
[2026-06-19 15:20:06,713][root][INFO] - Val leaf stats: tensor([0.0087, 0.1034, 0.2140, 0.2097, 0.1476, 0.0153, 0.0039, 0.0004, 0.0647,
        0.0003, 0.1395, 0.0004, 0.0150, 0.0007, 0.0709, 0.0055])
[2026-06-19 15:20:29,062][root][INFO] - Epoch: 33 | train acc: 0.9424, train loss: 9.22149535, valid acc: 0.9243, valid loss: 0.25083797, test acc: 0.8895, test loss: 1.14782846
[2026-06-19 15:20:30,792][root][INFO] - reg loss: 4.516298495903217, entropy loss: 0.10491548998961372, leaf dev: 0.07825873792171478
[2026-06-19 15:20:30,793][root][INFO] - Val leaf stats: tensor([0.0079, 0.1017, 0.2209, 0.2116, 0.1425, 0.0156, 0.0039, 0.0004, 0.0674,
        0.0007, 0.1437, 0.0005, 0.0101, 0.0007, 0.0671, 0.0053])
[2026-06-19 15:20:59,360][root][INFO] - Epoch: 34 | train acc: 0.9413, train loss: 9.25010993, valid acc: 0.9258, valid loss: 0.26902210, test acc: 0.8915, test loss: 1.18649255
[2026-06-19 15:21:01,482][root][INFO] - reg loss: 4.528874967464064, entropy loss: 0.10624120415991577, leaf dev: 0.07806966453790665
[2026-06-19 15:21:01,483][root][INFO] - Val leaf stats: tensor([0.0082, 0.1030, 0.2249, 0.2080, 0.1421, 0.0167, 0.0041, 0.0005, 0.0647,
        0.0007, 0.1419, 0.0020, 0.0103, 0.0007, 0.0669, 0.0053])
[2026-06-19 15:21:23,608][root][INFO] - Epoch: 35 | train acc: 0.9436, train loss: 9.20787673, valid acc: 0.9265, valid loss: 0.26486993, test acc: 0.8928, test loss: 1.24833922
[2026-06-19 15:21:26,658][root][INFO] - reg loss: 4.510802112559162, entropy loss: 0.10404269121311328, leaf dev: 0.0785769671201706
[2026-06-19 15:21:26,659][root][INFO] - Val leaf stats: tensor([0.0079, 0.1028, 0.2280, 0.2123, 0.1351, 0.0170, 0.0043, 0.0004, 0.0633,
        0.0006, 0.1419, 0.0007, 0.0118, 0.0007, 0.0677, 0.0055])
[2026-06-19 15:21:47,318][root][INFO] - Epoch: 36 | train acc: 0.9306, train loss: 9.16520167, valid acc: 0.9138, valid loss: 0.28233479, test acc: 0.8840, test loss: 1.34495310
[2026-06-19 15:21:48,430][root][INFO] - reg loss: 4.472002077354956, entropy loss: 0.09896346796599645, leaf dev: 0.07496411353349686
[2026-06-19 15:21:48,431][root][INFO] - Val leaf stats: tensor([0.0062, 0.0827, 0.1744, 0.2027, 0.1201, 0.0120, 0.0048, 0.0004, 0.0841,
        0.0049, 0.2017, 0.0026, 0.0246, 0.0003, 0.0734, 0.0051])
[2026-06-19 15:22:10,412][root][INFO] - Epoch: 37 | train acc: 0.9331, train loss: 9.21637180, valid acc: 0.9017, valid loss: 0.31705257, test acc: 0.8727, test loss: 1.37146452
[2026-06-19 15:22:12,187][root][INFO] - reg loss: 4.500702479529003, entropy loss: 0.10012821908350344, leaf dev: 0.07024410367012024
[2026-06-19 15:22:12,188][root][INFO] - Val leaf stats: tensor([0.0037, 0.0839, 0.1901, 0.1981, 0.1150, 0.0129, 0.0049, 0.0003, 0.1044,
        0.0044, 0.1061, 0.0012, 0.0393, 0.0004, 0.1301, 0.0053])
[2026-06-19 15:22:30,526][root][INFO] - Epoch: 38 | train acc: 0.9375, train loss: 9.28778577, valid acc: 0.9166, valid loss: 0.26885362, test acc: 0.8884, test loss: 1.36151320
[2026-06-19 15:22:33,909][root][INFO] - reg loss: 4.541473368488291, entropy loss: 0.10109975011575789, leaf dev: 0.07105214148759842
[2026-06-19 15:22:33,910][root][INFO] - Val leaf stats: tensor([0.0038, 0.0861, 0.1730, 0.2076, 0.1227, 0.0138, 0.0049, 0.0003, 0.0849,
        0.0033, 0.1496, 0.0015, 0.0347, 0.0004, 0.1081, 0.0053])
[2026-06-19 15:22:57,376][root][INFO] - Epoch: 39 | train acc: 0.9414, train loss: 9.24822255, valid acc: 0.9241, valid loss: 0.25635353, test acc: 0.8961, test loss: 1.40390906
[2026-06-19 15:22:59,437][root][INFO] - reg loss: 4.528932712696217, entropy loss: 0.10061438113608688, leaf dev: 0.07251042872667313
[2026-06-19 15:22:59,439][root][INFO] - Val leaf stats: tensor([0.0044, 0.0886, 0.1814, 0.2069, 0.1154, 0.0135, 0.0064, 0.0007, 0.0825,
        0.0034, 0.1678, 0.0007, 0.0314, 0.0004, 0.0910, 0.0056])
[2026-06-19 15:23:24,526][root][INFO] - Epoch: 40 | train acc: 0.9435, train loss: 9.16106003, valid acc: 0.9252, valid loss: 0.25458830, test acc: 0.9005, test loss: 1.35877338
[2026-06-19 15:23:26,673][root][INFO] - reg loss: 4.4892897025617975, entropy loss: 0.09878191533227446, leaf dev: 0.07385526597499847
[2026-06-19 15:23:26,674][root][INFO] - Val leaf stats: tensor([0.0047, 0.0911, 0.1878, 0.2095, 0.1075, 0.0139, 0.0049, 0.0004, 0.0836,
        0.0025, 0.1748, 0.0024, 0.0302, 0.0004, 0.0811, 0.0053])
[2026-06-19 15:23:50,786][root][INFO] - Epoch: 41 | train acc: 0.9452, train loss: 9.11052281, valid acc: 0.9265, valid loss: 0.24339127, test acc: 0.8920, test loss: 1.42340973
[2026-06-19 15:23:53,854][root][INFO] - reg loss: 4.466391298505995, entropy loss: 0.10363615659021196, leaf dev: 0.07398979365825653
[2026-06-19 15:23:53,855][root][INFO] - Val leaf stats: tensor([0.0053, 0.0947, 0.1899, 0.2080, 0.1059, 0.0143, 0.0053, 0.0004, 0.0778,
        0.0058, 0.1782, 0.0010, 0.0290, 0.0004, 0.0785, 0.0056])
[2026-06-19 15:24:19,416][root][INFO] - Epoch: 42 | train acc: 0.9473, train loss: 9.08489108, valid acc: 0.9279, valid loss: 0.24316023, test acc: 0.8920, test loss: 1.44419210
[2026-06-19 15:24:21,490][root][INFO] - reg loss: 4.4564399820156195, entropy loss: 0.10349226557703876, leaf dev: 0.07383143156766891
[2026-06-19 15:24:21,491][root][INFO] - Val leaf stats: tensor([0.0056, 0.0962, 0.1879, 0.2099, 0.1067, 0.0147, 0.0054, 0.0004, 0.0790,
        0.0060, 0.1756, 0.0010, 0.0279, 0.0004, 0.0778, 0.0055])
[2026-06-19 15:24:46,746][root][INFO] - Epoch: 43 | train acc: 0.9493, train loss: 9.05729728, valid acc: 0.9304, valid loss: 0.24084428, test acc: 0.9087, test loss: 1.42509959
[2026-06-19 15:24:48,177][root][INFO] - reg loss: 4.444738062601241, entropy loss: 0.10105067191931305, leaf dev: 0.07659120112657547
[2026-06-19 15:24:48,178][root][INFO] - Val leaf stats: tensor([0.0066, 0.1115, 0.2110, 0.2167, 0.1166, 0.0153, 0.0031, 0.0003, 0.0623,
        0.0023, 0.1517, 0.0006, 0.0247, 0.0007, 0.0721, 0.0046])
[2026-06-19 15:25:10,427][root][INFO] - Epoch: 44 | train acc: 0.9473, train loss: 9.07082399, valid acc: 0.9195, valid loss: 0.31683834, test acc: 0.8996, test loss: 1.63758053
[2026-06-19 15:25:13,529][root][INFO] - reg loss: 4.446764862726605, entropy loss: 0.0981584664375063, leaf dev: 0.08528193831443787
[2026-06-19 15:25:13,531][root][INFO] - Val leaf stats: tensor([0.0075, 0.1124, 0.1095, 0.3188, 0.1113, 0.0171, 0.0040, 0.0004, 0.0617,
        0.0019, 0.1507, 0.0006, 0.0255, 0.0007, 0.0732, 0.0047])
[2026-06-19 15:25:42,260][root][INFO] - Epoch: 45 | train acc: 0.9273, train loss: 9.32077470, valid acc: 0.9104, valid loss: 0.31087044, test acc: 0.8970, test loss: 1.69637895
[2026-06-19 15:25:44,621][root][INFO] - reg loss: 4.540048740528248, entropy loss: 0.09931568805345152, leaf dev: 0.09111010283231735
[2026-06-19 15:25:44,622][root][INFO] - Val leaf stats: tensor([1.1113e-02, 1.2477e-01, 1.4849e-01, 3.4852e-01, 7.6111e-02, 1.2794e-02,
        3.5487e-03, 9.3388e-04, 7.0695e-02, 2.5215e-03, 1.0702e-01, 1.8678e-04,
        1.6250e-02, 7.4710e-04, 7.1349e-02, 4.9496e-03])
[2026-06-19 15:26:10,769][root][INFO] - Epoch: 46 | train acc: 0.9347, train loss: 9.28596353, valid acc: 0.9145, valid loss: 0.29187702, test acc: 0.8977, test loss: 1.71569804
[2026-06-19 15:26:11,863][root][INFO] - reg loss: 4.535619390073907, entropy loss: 0.09903376541598133, leaf dev: 0.09023059159517288
[2026-06-19 15:26:11,864][root][INFO] - Val leaf stats: tensor([0.0091, 0.1467, 0.1321, 0.3397, 0.0763, 0.0130, 0.0039, 0.0009, 0.0589,
        0.0018, 0.1241, 0.0006, 0.0168, 0.0007, 0.0704, 0.0049])
[2026-06-19 15:26:41,295][root][INFO] - Epoch: 47 | train acc: 0.9363, train loss: 9.27581191, valid acc: 0.9195, valid loss: 0.28198237, test acc: 0.9023, test loss: 1.63179228
[2026-06-19 15:26:44,430][root][INFO] - reg loss: 4.533327274221592, entropy loss: 0.09667444063557519, leaf dev: 0.0908089354634285
[2026-06-19 15:26:44,431][root][INFO] - Val leaf stats: tensor([0.0079, 0.1051, 0.1678, 0.3398, 0.0767, 0.0127, 0.0046, 0.0011, 0.0596,
        0.0018, 0.1283, 0.0006, 0.0172, 0.0008, 0.0710, 0.0050])
[2026-06-19 15:27:13,770][root][INFO] - Epoch: 48 | train acc: 0.9386, train loss: 9.22349468, valid acc: 0.9219, valid loss: 0.26914069, test acc: 0.9061, test loss: 1.67086439
[2026-06-19 15:27:17,311][root][INFO] - reg loss: 4.511487779163179, entropy loss: 0.09515767343460567, leaf dev: 0.08862541615962982
[2026-06-19 15:27:17,312][root][INFO] - Val leaf stats: tensor([0.0082, 0.1042, 0.1785, 0.3241, 0.0785, 0.0124, 0.0052, 0.0010, 0.0600,
        0.0019, 0.1312, 0.0006, 0.0176, 0.0007, 0.0709, 0.0051])
[2026-06-19 15:27:48,396][root][INFO] - Epoch: 49 | train acc: 0.9412, train loss: 9.21085058, valid acc: 0.9250, valid loss: 0.25977343, test acc: 0.9063, test loss: 1.71817856
[2026-06-19 15:27:52,114][root][INFO] - reg loss: 4.509969370705741, entropy loss: 0.09601106770612576, leaf dev: 0.08668456226587296
[2026-06-19 15:27:52,115][root][INFO] - Val leaf stats: tensor([0.0083, 0.1024, 0.1889, 0.3086, 0.0797, 0.0124, 0.0050, 0.0008, 0.0614,
        0.0022, 0.1345, 0.0007, 0.0186, 0.0007, 0.0707, 0.0051])
[2026-06-19 15:27:55,173][root][INFO] - Val leaf stats: tensor([0.0083, 0.1024, 0.1889, 0.3086, 0.0797, 0.0124, 0.0050, 0.0008, 0.0614,
        0.0022, 0.1345, 0.0007, 0.0186, 0.0007, 0.0707, 0.0051])
[2026-06-19 15:27:59,614][root][INFO] - Test leaf std: 0.09391330182552338, Val leaf std: 0.08668456226587296
[2026-06-19 15:28:03,714][root][INFO] - FINAL TEST | acc: 0.9063, loss: 1.7182, 
