[2026-06-25 23:42:25,183][root][INFO] - MLFlow server is starting on LOCAL with experiment STM_MS_hard_seeded...
[2026-06-25 23:42:25,324][root][INFO] - MLFlow run ID: 26a5a9c13ce849258f95ddea2c593503, status: RUNNING
[2026-06-25 23:42:25,467][root][INFO] - Starting experiment IATrain...
[2026-06-25 23:42:26,248][root][INFO] - MLFlow server is starting on LOCAL with experiment STM_MS_hard_seeded...
[2026-06-25 23:42:26,408][root][INFO] - MLFlow run ID: 320f6af93cac4f52b2b9f8342f4eb5dc, status: RUNNING
[2026-06-25 23:42:26,503][root][INFO] - Starting experiment IATrain...
[2026-06-25 23:42:54,636][root][INFO] - Epoch: 0 | train acc: 0.6701, train loss: 1.19665499, valid acc: 0.7685, valid loss: 0.66546715, test acc: 0.7754, test loss: 0.64242949
[2026-06-25 23:42:55,734][root][INFO] - Epoch: 0 | train acc: 0.6802, train loss: 0.90167400, valid acc: 0.7767, valid loss: 0.62353575, test acc: 0.8115, test loss: 0.53318917
[2026-06-25 23:42:57,958][root][INFO] - reg loss: 14.443603550946271, entropy loss: 0.531737357378006, leaf dev: 0.09778271615505219
[2026-06-25 23:42:57,959][root][INFO] - Val leaf stats: tensor([0.0051, 0.0004, 0.0017, 0.1404, 0.0703, 0.0207, 0.3578, 0.0202, 0.0023,
        0.0029, 0.1596, 0.1608, 0.0109, 0.0073, 0.0125, 0.0271])
[2026-06-25 23:42:58,464][root][INFO] - reg loss: 14.628706967389142, entropy loss: 0.5495534504532184, leaf dev: 0.10382386296987534
[2026-06-25 23:42:58,465][root][INFO] - Val leaf stats: tensor([1.2981e-02, 8.4049e-04, 5.2297e-03, 5.3418e-02, 6.8453e-02, 4.6040e-02,
        4.2874e-01, 1.1113e-02, 3.1752e-03, 6.5372e-04, 7.3310e-02, 7.7232e-02,
        9.1240e-02, 3.7355e-04, 9.9832e-02, 2.7363e-02])
[2026-06-25 23:43:27,761][root][INFO] - Epoch: 1 | train acc: 0.8160, train loss: 0.54158060, valid acc: 0.8340, valid loss: 0.51207912, test acc: 0.8346, test loss: 0.48642801
[2026-06-25 23:43:30,184][root][INFO] - reg loss: 10.386039723794926, entropy loss: 0.4559194579641655, leaf dev: 0.07303831726312637
[2026-06-25 23:43:30,186][root][INFO] - Val leaf stats: tensor([2.3347e-02, 9.3388e-05, 2.3347e-03, 2.9978e-02, 6.8640e-02, 6.6025e-02,
        2.9258e-01, 4.8375e-02, 2.7083e-03, 2.3347e-03, 9.0306e-02, 6.4811e-02,
        1.0366e-01, 1.8678e-04, 1.0067e-01, 1.0394e-01])
[2026-06-25 23:43:30,596][root][INFO] - Epoch: 1 | train acc: 0.8087, train loss: 0.78439693, valid acc: 0.8135, valid loss: 0.53708557, test acc: 0.8503, test loss: 0.43525931
[2026-06-25 23:43:33,679][root][INFO] - reg loss: 10.705080996114742, entropy loss: 0.440376444783791, leaf dev: 0.10186644643545151
[2026-06-25 23:43:33,680][root][INFO] - Val leaf stats: tensor([0.1424, 0.0005, 0.0018, 0.0134, 0.0697, 0.0263, 0.4014, 0.0391, 0.0041,
        0.0109, 0.1410, 0.0858, 0.0122, 0.0048, 0.0026, 0.0440])
[2026-06-25 23:43:59,654][root][INFO] - Epoch: 2 | train acc: 0.8701, train loss: 0.41187179, valid acc: 0.8766, valid loss: 0.39945646, test acc: 0.8409, test loss: 0.52582565
[2026-06-25 23:44:02,346][root][INFO] - reg loss: 10.016450130119525, entropy loss: 0.42543222822209514, leaf dev: 0.08842290192842484
[2026-06-25 23:44:02,348][root][INFO] - Val leaf stats: tensor([9.7124e-03, 6.5372e-04, 7.3777e-03, 4.9589e-02, 6.9107e-02, 6.9014e-02,
        3.5721e-01, 2.3627e-02, 2.8950e-03, 1.4942e-03, 8.7505e-02, 5.7247e-02,
        1.1795e-01, 2.8016e-04, 1.1739e-01, 2.8950e-02])
[2026-06-25 23:44:02,870][root][INFO] - Epoch: 2 | train acc: 0.7933, train loss: 0.74144046, valid acc: 0.7616, valid loss: 0.59127917, test acc: 0.7466, test loss: 0.65945293
[2026-06-25 23:44:05,827][root][INFO] - reg loss: 8.873257677391093, entropy loss: 0.3861394023138379, leaf dev: 0.07927008718252182
[2026-06-25 23:44:05,828][root][INFO] - Val leaf stats: tensor([0.0338, 0.0003, 0.0021, 0.0075, 0.0705, 0.0363, 0.2229, 0.2293, 0.0061,
        0.0155, 0.1712, 0.1012, 0.0103, 0.0071, 0.0022, 0.0838])
[2026-06-25 23:44:31,274][root][INFO] - Epoch: 3 | train acc: 0.8891, train loss: 0.35783682, valid acc: 0.8756, valid loss: 0.39428616, test acc: 0.8779, test loss: 0.41559602
[2026-06-25 23:44:34,096][root][INFO] - reg loss: 9.358523822966076, entropy loss: 0.39265997558043747, leaf dev: 0.06860119849443436
[2026-06-25 23:44:34,097][root][INFO] - Val leaf stats: tensor([3.0071e-02, 0.0000e+00, 5.4165e-03, 3.2873e-02, 5.7807e-02, 1.8687e-01,
        2.0966e-01, 4.7721e-02, 1.2140e-03, 2.8950e-03, 4.3052e-02, 5.4819e-02,
        1.1888e-01, 1.8678e-04, 1.5829e-01, 5.0243e-02])
[2026-06-25 23:44:35,500][root][INFO] - Epoch: 3 | train acc: 0.8463, train loss: 0.68308492, valid acc: 0.8480, valid loss: 0.50387549, test acc: 0.8543, test loss: 0.55599898
[2026-06-25 23:44:37,994][root][INFO] - reg loss: 8.008128128354512, entropy loss: 0.3566138633975276, leaf dev: 0.07874946296215057
[2026-06-25 23:44:37,995][root][INFO] - Val leaf stats: tensor([0.0684, 0.0009, 0.0020, 0.0099, 0.0749, 0.0824, 0.2722, 0.1321, 0.0056,
        0.0216, 0.1871, 0.1026, 0.0053, 0.0064, 0.0020, 0.0267])
[2026-06-25 23:45:01,820][root][INFO] - Epoch: 4 | train acc: 0.8881, train loss: 0.36259148, valid acc: 0.8013, valid loss: 0.59568045, test acc: 0.8003, test loss: 0.67283961
[2026-06-25 23:45:04,112][root][INFO] - reg loss: 8.595532790693657, entropy loss: 0.3607477843761444, leaf dev: 0.0884418860077858
[2026-06-25 23:45:04,113][root][INFO] - Val leaf stats: tensor([0.0117, 0.0007, 0.0030, 0.0233, 0.0132, 0.0323, 0.1501, 0.0225, 0.0011,
        0.0021, 0.0021, 0.0280, 0.1640, 0.0467, 0.2355, 0.2637])
[2026-06-25 23:45:08,106][root][INFO] - Epoch: 4 | train acc: 0.8844, train loss: 0.56433930, valid acc: 0.8738, valid loss: 0.41665373, test acc: 0.8579, test loss: 0.53741742
[2026-06-25 23:45:10,450][root][INFO] - reg loss: 7.692540539635552, entropy loss: 0.3408600910315438, leaf dev: 0.07541797310113907
[2026-06-25 23:45:10,451][root][INFO] - Val leaf stats: tensor([0.1044, 0.0007, 0.0019, 0.0185, 0.0716, 0.0966, 0.2660, 0.0595, 0.0026,
        0.0377, 0.1904, 0.0876, 0.0035, 0.0079, 0.0022, 0.0489])
[2026-06-25 23:45:35,309][root][INFO] - Epoch: 5 | train acc: 0.8655, train loss: 0.44009944, valid acc: 0.8592, valid loss: 0.44754582, test acc: 0.8545, test loss: 0.58815100
[2026-06-25 23:45:37,378][root][INFO] - reg loss: 7.608971282918617, entropy loss: 0.3299826222752768, leaf dev: 0.08902815729379654
[2026-06-25 23:45:37,379][root][INFO] - Val leaf stats: tensor([0.0170, 0.0017, 0.0049, 0.0152, 0.0685, 0.0765, 0.1241, 0.0275, 0.0011,
        0.0030, 0.0015, 0.0287, 0.1036, 0.0085, 0.1954, 0.3230])
[2026-06-25 23:45:39,253][root][INFO] - Epoch: 5 | train acc: 0.8923, train loss: 0.52337521, valid acc: 0.8922, valid loss: 0.35397382, test acc: 0.8589, test loss: 0.48500293
[2026-06-25 23:45:42,282][root][INFO] - reg loss: 7.620003008968616, entropy loss: 0.32571497354557905, leaf dev: 0.06996532529592514
[2026-06-25 23:45:42,283][root][INFO] - Val leaf stats: tensor([0.0922, 0.0005, 0.0021, 0.0157, 0.0695, 0.1196, 0.2514, 0.0443, 0.0031,
        0.0437, 0.1665, 0.0938, 0.0014, 0.0067, 0.0311, 0.0586])
[2026-06-25 23:46:07,520][root][INFO] - Epoch: 6 | train acc: 0.8988, train loss: 0.33177753, valid acc: 0.8887, valid loss: 0.36415998, test acc: 0.8869, test loss: 0.43520019
[2026-06-25 23:46:09,937][root][INFO] - reg loss: 7.311783122007178, entropy loss: 0.3203424787710583, leaf dev: 0.0695946142077446
[2026-06-25 23:46:09,938][root][INFO] - Val leaf stats: tensor([0.0190, 0.0021, 0.0044, 0.0203, 0.0684, 0.0715, 0.1601, 0.0538, 0.0011,
        0.0046, 0.0089, 0.0817, 0.0952, 0.0087, 0.2005, 0.1999])
[2026-06-25 23:46:12,828][root][INFO] - Epoch: 6 | train acc: 0.9065, train loss: 0.46774876, valid acc: 0.8985, valid loss: 0.34210724, test acc: 0.8727, test loss: 0.47619956
[2026-06-25 23:46:15,280][root][INFO] - reg loss: 7.4334318070184615, entropy loss: 0.31379627471878413, leaf dev: 0.06536878645420074
[2026-06-25 23:46:15,281][root][INFO] - Val leaf stats: tensor([0.1153, 0.0006, 0.0021, 0.0155, 0.0699, 0.1067, 0.2232, 0.0635, 0.0056,
        0.0530, 0.1688, 0.0934, 0.0051, 0.0088, 0.0196, 0.0490])
[2026-06-25 23:46:40,396][root][INFO] - Epoch: 7 | train acc: 0.9012, train loss: 0.30979510, valid acc: 0.9044, valid loss: 0.32561327, test acc: 0.8944, test loss: 0.43078830
[2026-06-25 23:46:43,362][root][INFO] - reg loss: 7.233698373118406, entropy loss: 0.3162277899091206, leaf dev: 0.07390232384204865
[2026-06-25 23:46:43,363][root][INFO] - Val leaf stats: tensor([0.0029, 0.0013, 0.0034, 0.0077, 0.0685, 0.1486, 0.1114, 0.0374, 0.0022,
        0.0043, 0.0026, 0.0767, 0.1086, 0.0098, 0.2078, 0.2069])
[2026-06-25 23:46:45,702][root][INFO] - Epoch: 7 | train acc: 0.9174, train loss: 0.43483950, valid acc: 0.9018, valid loss: 0.31987867, test acc: 0.8653, test loss: 0.50561790
[2026-06-25 23:46:47,966][root][INFO] - reg loss: 7.311511660379077, entropy loss: 0.3046543424722379, leaf dev: 0.06609410047531128
[2026-06-25 23:46:47,967][root][INFO] - Val leaf stats: tensor([0.1242, 0.0007, 0.0021, 0.0162, 0.0688, 0.1325, 0.2032, 0.0418, 0.0060,
        0.0208, 0.1790, 0.0936, 0.0051, 0.0097, 0.0260, 0.0701])
[2026-06-25 23:47:14,153][root][INFO] - Epoch: 8 | train acc: 0.8997, train loss: 0.30708950, valid acc: 0.9090, valid loss: 0.29798250, test acc: 0.8917, test loss: 0.43229611
[2026-06-25 23:47:16,649][root][INFO] - reg loss: 6.858197631028594, entropy loss: 0.29852977410826104, leaf dev: 0.0693744421005249
[2026-06-25 23:47:16,651][root][INFO] - Val leaf stats: tensor([0.0035, 0.0012, 0.0037, 0.0097, 0.0683, 0.1340, 0.1500, 0.0473, 0.0023,
        0.0044, 0.0006, 0.1129, 0.0948, 0.0076, 0.1986, 0.1611])
[2026-06-25 23:47:18,397][root][INFO] - Epoch: 8 | train acc: 0.9213, train loss: 0.40799776, valid acc: 0.9129, valid loss: 0.28732436, test acc: 0.8939, test loss: 0.39011204
[2026-06-25 23:47:20,743][root][INFO] - reg loss: 7.097871707230018, entropy loss: 0.2895986617557586, leaf dev: 0.06990019232034683
[2026-06-25 23:47:20,744][root][INFO] - Val leaf stats: tensor([0.1222, 0.0010, 0.0021, 0.0204, 0.0686, 0.1081, 0.2268, 0.0357, 0.0046,
        0.0238, 0.1902, 0.0729, 0.0135, 0.0102, 0.0054, 0.0942])
[2026-06-25 23:47:45,974][root][INFO] - Epoch: 9 | train acc: 0.8903, train loss: 0.34580845, valid acc: 0.8894, valid loss: 0.36963499, test acc: 0.8847, test loss: 0.44890528
[2026-06-25 23:47:48,361][root][INFO] - reg loss: 6.633246015619348, entropy loss: 0.28410944736823834, leaf dev: 0.07671616226434708
[2026-06-25 23:47:48,362][root][INFO] - Val leaf stats: tensor([0.0168, 0.0017, 0.0027, 0.0139, 0.0693, 0.0380, 0.2739, 0.1193, 0.0020,
        0.0497, 0.0071, 0.1485, 0.0428, 0.0029, 0.1606, 0.0509])
[2026-06-25 23:47:49,410][root][INFO] - Epoch: 9 | train acc: 0.9075, train loss: 0.45307164, valid acc: 0.8178, valid loss: 0.59876477, test acc: 0.8321, test loss: 0.68112639
[2026-06-25 23:47:51,951][root][INFO] - reg loss: 6.806202880919925, entropy loss: 0.2787855940836447, leaf dev: 0.07513327896595001
[2026-06-25 23:47:51,953][root][INFO] - Val leaf stats: tensor([0.1894, 0.1851, 0.0017, 0.0251, 0.0717, 0.0458, 0.0205, 0.0144, 0.0058,
        0.0536, 0.2351, 0.0496, 0.0043, 0.0083, 0.0011, 0.0885])
[2026-06-25 23:48:18,221][root][INFO] - Epoch: 10 | train acc: 0.9151, train loss: 0.28479217, valid acc: 0.9091, valid loss: 0.29958701, test acc: 0.8910, test loss: 0.54091987
[2026-06-25 23:48:21,235][root][INFO] - reg loss: 6.403174203539652, entropy loss: 0.27053181913794666, leaf dev: 0.06844552606344223
[2026-06-25 23:48:21,236][root][INFO] - Val leaf stats: tensor([0.0048, 0.0008, 0.0030, 0.0136, 0.0700, 0.0495, 0.2114, 0.1230, 0.0011,
        0.0468, 0.0015, 0.1185, 0.0665, 0.0057, 0.1889, 0.0948])
[2026-06-25 23:48:22,066][root][INFO] - Epoch: 10 | train acc: 0.8693, train loss: 0.53411593, valid acc: 0.8976, valid loss: 0.35645930, test acc: 0.8589, test loss: 0.49111951
[2026-06-25 23:48:24,608][root][INFO] - reg loss: 6.573772813908007, entropy loss: 0.26154569453663296, leaf dev: 0.0753382220864296
[2026-06-25 23:48:24,609][root][INFO] - Val leaf stats: tensor([0.2386, 0.0817, 0.0013, 0.0276, 0.0721, 0.0501, 0.0318, 0.0182, 0.0065,
        0.0499, 0.2430, 0.0543, 0.0173, 0.0100, 0.0012, 0.0964])
[2026-06-25 23:48:51,863][root][INFO] - Epoch: 11 | train acc: 0.9064, train loss: 0.30823988, valid acc: 0.8995, valid loss: 0.33176358, test acc: 0.8907, test loss: 0.41684993
[2026-06-25 23:48:54,231][root][INFO] - reg loss: 6.512509916194532, entropy loss: 0.26857950944433767, leaf dev: 0.06323684006929398
[2026-06-25 23:48:54,232][root][INFO] - Val leaf stats: tensor([0.0177, 0.1593, 0.0067, 0.0189, 0.0023, 0.0474, 0.0541, 0.1319, 0.0014,
        0.0466, 0.0014, 0.1221, 0.0728, 0.0045, 0.1916, 0.1212])
[2026-06-25 23:48:55,163][root][INFO] - Epoch: 11 | train acc: 0.9193, train loss: 0.40512281, valid acc: 0.9125, valid loss: 0.29609682, test acc: 0.8924, test loss: 0.42166169
[2026-06-25 23:48:57,969][root][INFO] - reg loss: 6.6129087316926825, entropy loss: 0.255958488851628, leaf dev: 0.07086946070194244
[2026-06-25 23:48:57,970][root][INFO] - Val leaf stats: tensor([0.2198, 0.0727, 0.0016, 0.0301, 0.0763, 0.0666, 0.0338, 0.0197, 0.0077,
        0.0490, 0.2352, 0.0719, 0.0129, 0.0101, 0.0014, 0.0912])
[2026-06-25 23:49:25,577][root][INFO] - Epoch: 12 | train acc: 0.9208, train loss: 0.26435629, valid acc: 0.9063, valid loss: 0.31226326, test acc: 0.8930, test loss: 0.45156748
[2026-06-25 23:49:28,296][root][INFO] - reg loss: 6.573342065962534, entropy loss: 0.2797489185181875, leaf dev: 0.06405314058065414
[2026-06-25 23:49:28,297][root][INFO] - Val leaf stats: tensor([0.0143, 0.1425, 0.0072, 0.0167, 0.0160, 0.0389, 0.0476, 0.1211, 0.0019,
        0.0360, 0.0013, 0.1076, 0.0863, 0.0087, 0.2041, 0.1497])
[2026-06-25 23:49:29,005][root][INFO] - Epoch: 12 | train acc: 0.9166, train loss: 0.40785830, valid acc: 0.9081, valid loss: 0.30779901, test acc: 0.8896, test loss: 0.44761186
[2026-06-25 23:49:31,585][root][INFO] - reg loss: 6.770937092089779, entropy loss: 0.2516207050867182, leaf dev: 0.06070636212825775
[2026-06-25 23:49:31,586][root][INFO] - Val leaf stats: tensor([0.0978, 0.0636, 0.0012, 0.1344, 0.0792, 0.0541, 0.0422, 0.0242, 0.0085,
        0.0578, 0.2396, 0.0717, 0.0159, 0.0092, 0.0105, 0.0901])
[2026-06-25 23:49:58,678][root][INFO] - Epoch: 13 | train acc: 0.9084, train loss: 0.31436724, valid acc: 0.9000, valid loss: 0.33963361, test acc: 0.8829, test loss: 0.74852368
[2026-06-25 23:50:01,093][root][INFO] - reg loss: 6.366193907601493, entropy loss: 0.27639929611216146, leaf dev: 0.06391795724630356
[2026-06-25 23:50:01,094][root][INFO] - Val leaf stats: tensor([0.0050, 0.0558, 0.0038, 0.0123, 0.0087, 0.0467, 0.0684, 0.1556, 0.0021,
        0.0356, 0.0062, 0.1532, 0.0952, 0.0231, 0.1873, 0.1409])
[2026-06-25 23:50:02,201][root][INFO] - Epoch: 13 | train acc: 0.9259, train loss: 0.36884610, valid acc: 0.9167, valid loss: 0.28268325, test acc: 0.9021, test loss: 0.44251444
[2026-06-25 23:50:04,720][root][INFO] - reg loss: 6.893766680722514, entropy loss: 0.2473180879833837, leaf dev: 0.0576331727206707
[2026-06-25 23:50:04,721][root][INFO] - Val leaf stats: tensor([0.1092, 0.0620, 0.0013, 0.1063, 0.0786, 0.0594, 0.0527, 0.0276, 0.0086,
        0.0655, 0.2324, 0.0734, 0.0149, 0.0092, 0.0104, 0.0884])
[2026-06-25 23:50:31,056][root][INFO] - Epoch: 14 | train acc: 0.9106, train loss: 0.29411374, valid acc: 0.9009, valid loss: 0.32559949, test acc: 0.8808, test loss: 0.73543949
[2026-06-25 23:50:33,981][root][INFO] - reg loss: 6.27068834960776, entropy loss: 0.26894441515049605, leaf dev: 0.06664633750915527
[2026-06-25 23:50:33,982][root][INFO] - Val leaf stats: tensor([0.0045, 0.0580, 0.0040, 0.0144, 0.0148, 0.0452, 0.0647, 0.1443, 0.0022,
        0.0363, 0.0048, 0.1192, 0.0700, 0.0247, 0.1944, 0.1984])
[2026-06-25 23:50:35,120][root][INFO] - Epoch: 14 | train acc: 0.9112, train loss: 0.41324936, valid acc: 0.8695, valid loss: 0.40816245, test acc: 0.8773, test loss: 0.48795410
[2026-06-25 23:50:38,138][root][INFO] - reg loss: 6.907467322374778, entropy loss: 0.2498734140837634, leaf dev: 0.04715108871459961
[2026-06-25 23:50:38,140][root][INFO] - Val leaf stats: tensor([0.1254, 0.0990, 0.0012, 0.0982, 0.0431, 0.0463, 0.0877, 0.0251, 0.0067,
        0.0179, 0.0789, 0.0360, 0.0535, 0.0100, 0.1150, 0.1558])
[2026-06-25 23:51:04,796][root][INFO] - Epoch: 15 | train acc: 0.9209, train loss: 0.26327151, valid acc: 0.9109, valid loss: 0.30246997, test acc: 0.8842, test loss: 0.73643209
[2026-06-25 23:51:07,477][root][INFO] - reg loss: 6.254064249613928, entropy loss: 0.26202558296382744, leaf dev: 0.07096035033464432
[2026-06-25 23:51:07,478][root][INFO] - Val leaf stats: tensor([0.0047, 0.0545, 0.0040, 0.0142, 0.0148, 0.0641, 0.0522, 0.1297, 0.0024,
        0.0253, 0.0039, 0.1047, 0.1101, 0.0201, 0.2635, 0.1317])
[2026-06-25 23:51:08,123][root][INFO] - Epoch: 15 | train acc: 0.9199, train loss: 0.38473073, valid acc: 0.9094, valid loss: 0.29684544, test acc: 0.8987, test loss: 0.48920440
[2026-06-25 23:51:10,827][root][INFO] - reg loss: 6.900741723479417, entropy loss: 0.25115356700760977, leaf dev: 0.05188347399234772
[2026-06-25 23:51:10,829][root][INFO] - Val leaf stats: tensor([0.0769, 0.0047, 0.0018, 0.0878, 0.0725, 0.1719, 0.0878, 0.0276, 0.0080,
        0.0241, 0.0767, 0.0416, 0.0443, 0.0103, 0.1128, 0.1514])
[2026-06-25 23:51:37,892][root][INFO] - Epoch: 16 | train acc: 0.9268, train loss: 0.24598324, valid acc: 0.9181, valid loss: 0.27553104, test acc: 0.8988, test loss: 0.72709202
[2026-06-25 23:51:40,284][root][INFO] - reg loss: 6.336439150351065, entropy loss: 0.2520963867347707, leaf dev: 0.06546296924352646
[2026-06-25 23:51:40,285][root][INFO] - Val leaf stats: tensor([0.0077, 0.0717, 0.0048, 0.0176, 0.0080, 0.0855, 0.0543, 0.1460, 0.0021,
        0.0241, 0.0039, 0.0919, 0.1132, 0.0069, 0.2132, 0.1492])
[2026-06-25 23:51:41,109][root][INFO] - Epoch: 16 | train acc: 0.9286, train loss: 0.36327846, valid acc: 0.9186, valid loss: 0.26909916, test acc: 0.8977, test loss: 0.47687550
[2026-06-25 23:51:44,336][root][INFO] - reg loss: 6.808513666586901, entropy loss: 0.25217861623044996, leaf dev: 0.04807370901107788
[2026-06-25 23:51:44,337][root][INFO] - Val leaf stats: tensor([0.0887, 0.0066, 0.0016, 0.0826, 0.0792, 0.1706, 0.0968, 0.0363, 0.0081,
        0.0253, 0.0781, 0.0464, 0.0428, 0.0113, 0.1109, 0.1146])
[2026-06-25 23:52:11,569][root][INFO] - Epoch: 17 | train acc: 0.9353, train loss: 0.21941233, valid acc: 0.9228, valid loss: 0.26865131, test acc: 0.9017, test loss: 0.47352043
[2026-06-25 23:52:14,278][root][INFO] - Epoch: 17 | train acc: 0.9354, train loss: 0.34055566, valid acc: 0.9180, valid loss: 0.28169070, test acc: 0.8984, test loss: 0.50308696
[2026-06-25 23:52:14,314][root][INFO] - reg loss: 6.309834409643103, entropy loss: 0.24800286004467617, leaf dev: 0.06831131130456924
[2026-06-25 23:52:14,316][root][INFO] - Val leaf stats: tensor([0.0092, 0.0731, 0.0044, 0.0159, 0.0130, 0.0810, 0.0473, 0.1660, 0.0022,
        0.0203, 0.0036, 0.0645, 0.1081, 0.0093, 0.2128, 0.1691])
[2026-06-25 23:52:17,095][root][INFO] - reg loss: 6.831598677963176, entropy loss: 0.24796308064586903, leaf dev: 0.04553039371967316
[2026-06-25 23:52:17,097][root][INFO] - Val leaf stats: tensor([0.0990, 0.0284, 0.0016, 0.0600, 0.0772, 0.1357, 0.1185, 0.0346, 0.0081,
        0.0171, 0.1046, 0.0530, 0.0335, 0.0098, 0.0937, 0.1251])
[2026-06-25 23:52:43,434][root][INFO] - Epoch: 18 | train acc: 0.9349, train loss: 0.22030865, valid acc: 0.9263, valid loss: 0.25499583, test acc: 0.9050, test loss: 0.55462235
[2026-06-25 23:52:46,099][root][INFO] - reg loss: 6.265545592736945, entropy loss: 0.25411654819571783, leaf dev: 0.06919676065444946
[2026-06-25 23:52:46,100][root][INFO] - Val leaf stats: tensor([0.0122, 0.0739, 0.0046, 0.0153, 0.0034, 0.1089, 0.0236, 0.1290, 0.0024,
        0.0206, 0.0031, 0.0843, 0.1079, 0.0114, 0.2123, 0.1871])
[2026-06-25 23:52:48,142][root][INFO] - Epoch: 18 | train acc: 0.9386, train loss: 0.32995994, valid acc: 0.9230, valid loss: 0.26133169, test acc: 0.8959, test loss: 0.53092352
[2026-06-25 23:52:50,934][root][INFO] - reg loss: 6.764581369975256, entropy loss: 0.24225575646395406, leaf dev: 0.0474516861140728
[2026-06-25 23:52:50,935][root][INFO] - Val leaf stats: tensor([0.0884, 0.0039, 0.0016, 0.0660, 0.0773, 0.1468, 0.1140, 0.0321, 0.0088,
        0.0222, 0.1091, 0.0573, 0.0398, 0.0096, 0.1007, 0.1222])
[2026-06-25 23:53:16,528][root][INFO] - Epoch: 19 | train acc: 0.9409, train loss: 0.20316688, valid acc: 0.9171, valid loss: 0.29955840, test acc: 0.8936, test loss: 0.57172913
[2026-06-25 23:53:19,280][root][INFO] - reg loss: 6.35750095932572, entropy loss: 0.25530208994156467, leaf dev: 0.06662371754646301
[2026-06-25 23:53:19,282][root][INFO] - Val leaf stats: tensor([0.0264, 0.1408, 0.0046, 0.0233, 0.0206, 0.0856, 0.0382, 0.1900, 0.0023,
        0.0166, 0.0021, 0.0524, 0.0899, 0.0083, 0.2080, 0.0906])
[2026-06-25 23:53:21,498][root][INFO] - Epoch: 19 | train acc: 0.9400, train loss: 0.32299961, valid acc: 0.9139, valid loss: 0.29399124, test acc: 0.8886, test loss: 0.99446835
[2026-06-25 23:53:23,575][root][INFO] - reg loss: 6.636047151353624, entropy loss: 0.2357702058932138, leaf dev: 0.05379529297351837
[2026-06-25 23:53:23,576][root][INFO] - Val leaf stats: tensor([0.0502, 0.0014, 0.0021, 0.0402, 0.0808, 0.1874, 0.1228, 0.0445, 0.0077,
        0.0248, 0.1105, 0.0484, 0.0546, 0.0063, 0.0872, 0.1311])
[2026-06-25 23:53:48,798][root][INFO] - Epoch: 20 | train acc: 0.9179, train loss: 0.26944248, valid acc: 0.8799, valid loss: 0.34994274, test acc: 0.8825, test loss: 0.53203762
[2026-06-25 23:53:51,687][root][INFO] - reg loss: 6.48489703072442, entropy loss: 0.2546749509200848, leaf dev: 0.06468094885349274
[2026-06-25 23:53:51,688][root][INFO] - Val leaf stats: tensor([0.0184, 0.1382, 0.0052, 0.0263, 0.0078, 0.1457, 0.0200, 0.1999, 0.0013,
        0.1376, 0.0328, 0.0791, 0.0249, 0.0028, 0.1235, 0.0366])
[2026-06-25 23:53:54,577][root][INFO] - Epoch: 20 | train acc: 0.9335, train loss: 0.33115821, valid acc: 0.9211, valid loss: 0.26288555, test acc: 0.8933, test loss: 0.97971070
[2026-06-25 23:53:57,309][root][INFO] - reg loss: 6.280896058158269, entropy loss: 0.21951295530039167, leaf dev: 0.0520295575261116
[2026-06-25 23:53:57,310][root][INFO] - Val leaf stats: tensor([0.0638, 0.0012, 0.0023, 0.0343, 0.0825, 0.1765, 0.1205, 0.0381, 0.0088,
        0.0263, 0.1286, 0.0534, 0.0583, 0.0092, 0.0755, 0.1208])
[2026-06-25 23:54:23,251][root][INFO] - Epoch: 21 | train acc: 0.9239, train loss: 0.24740530, valid acc: 0.9157, valid loss: 0.27822311, test acc: 0.9005, test loss: 0.48964949
[2026-06-25 23:54:26,443][root][INFO] - reg loss: 6.456361881639592, entropy loss: 0.2523630507408626, leaf dev: 0.06239263340830803
[2026-06-25 23:54:26,444][root][INFO] - Val leaf stats: tensor([0.0283, 0.1264, 0.0051, 0.0234, 0.0054, 0.0956, 0.0497, 0.2130, 0.0014,
        0.1048, 0.0247, 0.0805, 0.0312, 0.0031, 0.1583, 0.0489])
[2026-06-25 23:54:27,360][root][INFO] - Epoch: 21 | train acc: 0.9366, train loss: 0.31855613, valid acc: 0.9262, valid loss: 0.24856049, test acc: 0.8960, test loss: 0.90644571
[2026-06-25 23:54:29,758][root][INFO] - reg loss: 6.412561757223947, entropy loss: 0.22001198612192951, leaf dev: 0.04853776842355728
[2026-06-25 23:54:29,759][root][INFO] - Val leaf stats: tensor([0.0666, 0.0016, 0.0022, 0.0352, 0.0866, 0.1631, 0.1215, 0.0457, 0.0086,
        0.0377, 0.1235, 0.0559, 0.0566, 0.0106, 0.0699, 0.1147])
[2026-06-25 23:54:56,862][root][INFO] - Epoch: 22 | train acc: 0.9300, train loss: 0.23044387, valid acc: 0.9160, valid loss: 0.27354158, test acc: 0.9024, test loss: 0.43647897
[2026-06-25 23:54:59,251][root][INFO] - reg loss: 6.378934083161531, entropy loss: 0.25188005096697935, leaf dev: 0.06008562445640564
[2026-06-25 23:54:59,252][root][INFO] - Val leaf stats: tensor([0.0233, 0.1161, 0.0057, 0.0251, 0.0044, 0.1368, 0.0156, 0.1511, 0.0015,
        0.1111, 0.0194, 0.0677, 0.0386, 0.0037, 0.1730, 0.1069])
[2026-06-25 23:55:00,216][root][INFO] - Epoch: 22 | train acc: 0.9435, train loss: 0.30084207, valid acc: 0.9294, valid loss: 0.24164422, test acc: 0.8976, test loss: 0.66154509
[2026-06-25 23:55:02,460][root][INFO] - reg loss: 6.362607045148415, entropy loss: 0.21746129609604992, leaf dev: 0.05142564699053764
[2026-06-25 23:55:02,461][root][INFO] - Val leaf stats: tensor([0.0674, 0.0016, 0.0022, 0.0355, 0.0823, 0.1631, 0.1162, 0.0459, 0.0094,
        0.0216, 0.1341, 0.0624, 0.0446, 0.0095, 0.0701, 0.1340])
[2026-06-25 23:55:29,660][root][INFO] - Epoch: 23 | train acc: 0.9357, train loss: 0.21054876, valid acc: 0.9241, valid loss: 0.25318040, test acc: 0.9048, test loss: 0.44401574
[2026-06-25 23:55:32,360][root][INFO] - reg loss: 6.2818889996362115, entropy loss: 0.25324405635160113, leaf dev: 0.060880713164806366
[2026-06-25 23:55:32,361][root][INFO] - Val leaf stats: tensor([0.0199, 0.0996, 0.0057, 0.0247, 0.0047, 0.1179, 0.0170, 0.1663, 0.0031,
        0.1039, 0.0158, 0.0644, 0.0483, 0.0048, 0.1795, 0.1244])
[2026-06-25 23:55:32,594][root][INFO] - Epoch: 23 | train acc: 0.9459, train loss: 0.29243654, valid acc: 0.9236, valid loss: 0.25983561, test acc: 0.9078, test loss: 0.84309001
[2026-06-25 23:55:34,433][root][INFO] - reg loss: 6.328869923081978, entropy loss: 0.2159797668299347, leaf dev: 0.05217674374580383
[2026-06-25 23:55:34,434][root][INFO] - Val leaf stats: tensor([0.0708, 0.0008, 0.0021, 0.0394, 0.0791, 0.1787, 0.1559, 0.0331, 0.0092,
        0.0493, 0.0949, 0.0600, 0.0411, 0.0113, 0.0644, 0.1099])
[2026-06-25 23:56:02,621][root][INFO] - Epoch: 24 | train acc: 0.9395, train loss: 0.20394097, valid acc: 0.9259, valid loss: 0.25070286, test acc: 0.9075, test loss: 0.44784392
[2026-06-25 23:56:05,047][root][INFO] - reg loss: 6.223820802395936, entropy loss: 0.2516074283886208, leaf dev: 0.06419306248426437
[2026-06-25 23:56:05,049][root][INFO] - Val leaf stats: tensor([0.0130, 0.0725, 0.0047, 0.0177, 0.0035, 0.1081, 0.0252, 0.1666, 0.0015,
        0.0977, 0.0062, 0.0858, 0.0506, 0.0042, 0.1819, 0.1607])
[2026-06-25 23:56:05,420][root][INFO] - Epoch: 24 | train acc: 0.9454, train loss: 0.29195441, valid acc: 0.9318, valid loss: 0.23684255, test acc: 0.9056, test loss: 0.51619179
[2026-06-25 23:56:08,322][root][INFO] - reg loss: 6.2856142760584595, entropy loss: 0.21414433317209677, leaf dev: 0.049490731209516525
[2026-06-25 23:56:08,323][root][INFO] - Val leaf stats: tensor([0.0742, 0.0007, 0.0020, 0.0394, 0.0784, 0.1737, 0.1434, 0.0643, 0.0097,
        0.0280, 0.0738, 0.0533, 0.0536, 0.0120, 0.0849, 0.1085])
[2026-06-25 23:56:35,425][root][INFO] - Epoch: 25 | train acc: 0.9433, train loss: 0.19337137, valid acc: 0.9296, valid loss: 0.23974540, test acc: 0.8971, test loss: 0.46740443
[2026-06-25 23:56:38,069][root][INFO] - reg loss: 6.2551521346682595, entropy loss: 0.24907167673741698, leaf dev: 0.059332069009542465
[2026-06-25 23:56:38,070][root][INFO] - Val leaf stats: tensor([0.0207, 0.1251, 0.0049, 0.0239, 0.0276, 0.1662, 0.0534, 0.1247, 0.0016,
        0.0846, 0.0068, 0.0745, 0.0457, 0.0038, 0.1854, 0.0510])
[2026-06-25 23:56:38,809][root][INFO] - Epoch: 25 | train acc: 0.9488, train loss: 0.28523907, valid acc: 0.9319, valid loss: 0.23536153, test acc: 0.9130, test loss: 0.63212607
[2026-06-25 23:56:41,344][root][INFO] - reg loss: 6.35548348906179, entropy loss: 0.22095171515903775, leaf dev: 0.04539679363369942
[2026-06-25 23:56:41,345][root][INFO] - Val leaf stats: tensor([0.0760, 0.0013, 0.0021, 0.0385, 0.0799, 0.1448, 0.1318, 0.0577, 0.0089,
        0.0431, 0.0990, 0.0632, 0.0430, 0.0108, 0.0855, 0.1145])
[2026-06-25 23:57:06,302][root][INFO] - Epoch: 26 | train acc: 0.9463, train loss: 0.18171202, valid acc: 0.9332, valid loss: 0.22753782, test acc: 0.9124, test loss: 0.44987752
[2026-06-25 23:57:08,940][root][INFO] - reg loss: 6.405885840219165, entropy loss: 0.2524556845584244, leaf dev: 0.06105051934719086
[2026-06-25 23:57:08,941][root][INFO] - Val leaf stats: tensor([0.0184, 0.0942, 0.0059, 0.0231, 0.0059, 0.1086, 0.0502, 0.1804, 0.0019,
        0.0895, 0.0068, 0.0700, 0.0498, 0.0043, 0.1898, 0.1012])
[2026-06-25 23:57:12,590][root][INFO] - Epoch: 26 | train acc: 0.9497, train loss: 0.28196001, valid acc: 0.9308, valid loss: 0.23896188, test acc: 0.9088, test loss: 0.63312683
[2026-06-25 23:57:15,486][root][INFO] - reg loss: 6.169157613522161, entropy loss: 0.21610349590185457, leaf dev: 0.05551009252667427
[2026-06-25 23:57:15,486][root][INFO] - Val leaf stats: tensor([0.0754, 0.0014, 0.0021, 0.0415, 0.0799, 0.1504, 0.1198, 0.0676, 0.0107,
        0.0584, 0.1925, 0.0881, 0.0244, 0.0101, 0.0131, 0.0648])
[2026-06-25 23:57:38,897][root][INFO] - Epoch: 27 | train acc: 0.9475, train loss: 0.17881148, valid acc: 0.9234, valid loss: 0.25033610, test acc: 0.8982, test loss: 0.58587480
[2026-06-25 23:57:41,280][root][INFO] - reg loss: 6.161341346760906, entropy loss: 0.23770138053666978, leaf dev: 0.06810370832681656
[2026-06-25 23:57:41,281][root][INFO] - Val leaf stats: tensor([0.0166, 0.0743, 0.0049, 0.0302, 0.0041, 0.1030, 0.0224, 0.2325, 0.0031,
        0.0778, 0.0061, 0.0666, 0.0620, 0.0069, 0.1885, 0.1010])
[2026-06-25 23:57:47,769][root][INFO] - Epoch: 27 | train acc: 0.9508, train loss: 0.27347776, valid acc: 0.9346, valid loss: 0.22723607, test acc: 0.9060, test loss: 0.63345810
[2026-06-25 23:57:50,656][root][INFO] - reg loss: 5.9788624748351085, entropy loss: 0.2103955001427383, leaf dev: 0.05590279400348663
[2026-06-25 23:57:50,657][root][INFO] - Val leaf stats: tensor([0.0780, 0.0015, 0.0021, 0.0390, 0.0817, 0.1459, 0.1326, 0.0591, 0.0109,
        0.0506, 0.1913, 0.0866, 0.0240, 0.0110, 0.0146, 0.0712])
[2026-06-25 23:58:11,761][root][INFO] - Epoch: 28 | train acc: 0.9366, train loss: 0.22082906, valid acc: 0.9231, valid loss: 0.25713165, test acc: 0.8945, test loss: 0.47241712
[2026-06-25 23:58:14,243][root][INFO] - reg loss: 5.9953877307750565, entropy loss: 0.22122095927359567, leaf dev: 0.05727677047252655
[2026-06-25 23:58:14,245][root][INFO] - Val leaf stats: tensor([0.0169, 0.0724, 0.0079, 0.0234, 0.0672, 0.1814, 0.0409, 0.0880, 0.0027,
        0.0812, 0.0056, 0.0712, 0.0558, 0.0065, 0.1895, 0.0895])
[2026-06-25 23:58:22,881][root][INFO] - Epoch: 28 | train acc: 0.9506, train loss: 0.26938935, valid acc: 0.9315, valid loss: 0.23179193, test acc: 0.9016, test loss: 0.68899071
[2026-06-25 23:58:25,854][root][INFO] - reg loss: 5.915814841235125, entropy loss: 0.2050957343092671, leaf dev: 0.05769120156764984
[2026-06-25 23:58:25,855][root][INFO] - Val leaf stats: tensor([0.0803, 0.0015, 0.0024, 0.0488, 0.0792, 0.1413, 0.1559, 0.0292, 0.0111,
        0.0470, 0.1897, 0.0869, 0.0286, 0.0121, 0.0140, 0.0719])
[2026-06-25 23:58:44,313][root][INFO] - Epoch: 29 | train acc: 0.9461, train loss: 0.18477624, valid acc: 0.9282, valid loss: 0.24545933, test acc: 0.9111, test loss: 0.49081388
[2026-06-25 23:58:47,343][root][INFO] - reg loss: 6.152390147012378, entropy loss: 0.22565958794777985, leaf dev: 0.06107497960329056
[2026-06-25 23:58:47,344][root][INFO] - Val leaf stats: tensor([0.0192, 0.0719, 0.0059, 0.0209, 0.0345, 0.1835, 0.0291, 0.0828, 0.0031,
        0.0733, 0.0021, 0.0838, 0.0656, 0.0089, 0.1986, 0.1167])
[2026-06-25 23:58:57,517][root][INFO] - Epoch: 29 | train acc: 0.9392, train loss: 0.30444198, valid acc: 0.9215, valid loss: 0.29183449, test acc: 0.9054, test loss: 0.58823512
[2026-06-25 23:59:00,397][root][INFO] - reg loss: 5.895624117876487, entropy loss: 0.1962655099138381, leaf dev: 0.06371568888425827
[2026-06-25 23:59:00,398][root][INFO] - Val leaf stats: tensor([0.0669, 0.0019, 0.0019, 0.0369, 0.0795, 0.0645, 0.0650, 0.0247, 0.0092,
        0.0631, 0.2566, 0.0735, 0.1176, 0.0113, 0.0146, 0.1129])
[2026-06-25 23:59:16,245][root][INFO] - Epoch: 30 | train acc: 0.9477, train loss: 0.18347254, valid acc: 0.9236, valid loss: 0.27231906, test acc: 0.9026, test loss: 0.62911741
[2026-06-25 23:59:19,106][root][INFO] - reg loss: 6.112608780936589, entropy loss: 0.22807297654568204, leaf dev: 0.07179608941078186
[2026-06-25 23:59:19,106][root][INFO] - Val leaf stats: tensor([0.0219, 0.0441, 0.0052, 0.0191, 0.0569, 0.1789, 0.0267, 0.0801, 0.0045,
        0.0445, 0.0011, 0.0462, 0.0932, 0.0159, 0.2707, 0.0908])
[2026-06-25 23:59:31,269][root][INFO] - Epoch: 30 | train acc: 0.9422, train loss: 0.29030961, valid acc: 0.9300, valid loss: 0.24235215, test acc: 0.9122, test loss: 0.51452506
[2026-06-25 23:59:34,361][root][INFO] - reg loss: 5.782430298113949, entropy loss: 0.1899337173296661, leaf dev: 0.06357552111148834
[2026-06-25 23:59:34,362][root][INFO] - Val leaf stats: tensor([0.0822, 0.0020, 0.0019, 0.0414, 0.0856, 0.1465, 0.0650, 0.0252, 0.0090,
        0.0484, 0.2435, 0.0713, 0.0426, 0.0121, 0.0135, 0.1098])
[2026-06-25 23:59:50,333][root][INFO] - Epoch: 31 | train acc: 0.9407, train loss: 0.20319240, valid acc: 0.9277, valid loss: 0.26687735, test acc: 0.9062, test loss: 0.62146280
[2026-06-25 23:59:53,208][root][INFO] - reg loss: 5.916013964900264, entropy loss: 0.22143871751096514, leaf dev: 0.08236509561538696
[2026-06-25 23:59:53,209][root][INFO] - Val leaf stats: tensor([0.0148, 0.0350, 0.0055, 0.0179, 0.0603, 0.1899, 0.0318, 0.0860, 0.0056,
        0.0407, 0.0017, 0.0525, 0.1102, 0.0080, 0.3113, 0.0288])
[2026-06-26 00:00:03,925][root][INFO] - Epoch: 31 | train acc: 0.9428, train loss: 0.28796645, valid acc: 0.9261, valid loss: 0.25285093, test acc: 0.9087, test loss: 1.16342587
[2026-06-26 00:00:06,540][root][INFO] - reg loss: 5.718673842293875, entropy loss: 0.18807474243893194, leaf dev: 0.06396811455488205
[2026-06-26 00:00:06,541][root][INFO] - Val leaf stats: tensor([0.0696, 0.0032, 0.0021, 0.0285, 0.0832, 0.1236, 0.0521, 0.0274, 0.0113,
        0.0766, 0.2529, 0.0847, 0.0458, 0.0115, 0.0136, 0.1140])
[2026-06-26 00:00:20,818][root][INFO] - Epoch: 32 | train acc: 0.9422, train loss: 0.19850993, valid acc: 0.9258, valid loss: 0.26353513, test acc: 0.9025, test loss: 0.55920815
[2026-06-26 00:00:23,289][root][INFO] - reg loss: 5.907334574946651, entropy loss: 0.21308970790376108, leaf dev: 0.06810443103313446
[2026-06-26 00:00:23,290][root][INFO] - Val leaf stats: tensor([0.0163, 0.0619, 0.0068, 0.0201, 0.0160, 0.1895, 0.0286, 0.0947, 0.0030,
        0.0383, 0.0008, 0.0506, 0.1324, 0.0091, 0.2152, 0.1167])
[2026-06-26 00:00:34,379][root][INFO] - Epoch: 32 | train acc: 0.9452, train loss: 0.28019114, valid acc: 0.9296, valid loss: 0.24330115, test acc: 0.9143, test loss: 0.46951437
[2026-06-26 00:00:36,775][root][INFO] - reg loss: 5.630755649041877, entropy loss: 0.18640806277592978, leaf dev: 0.058879073709249496
[2026-06-26 00:00:36,780][root][INFO] - Val leaf stats: tensor([0.0757, 0.0040, 0.0020, 0.0308, 0.0745, 0.1483, 0.0572, 0.0302, 0.0120,
        0.1253, 0.2113, 0.0858, 0.0342, 0.0109, 0.0162, 0.0814])
[2026-06-26 00:00:50,603][root][INFO] - Epoch: 33 | train acc: 0.9470, train loss: 0.18378566, valid acc: 0.9335, valid loss: 0.24014561, test acc: 0.9132, test loss: 0.51922529
[2026-06-26 00:00:53,287][root][INFO] - reg loss: 5.768345116307496, entropy loss: 0.20617366215539357, leaf dev: 0.07022365927696228
[2026-06-26 00:00:53,288][root][INFO] - Val leaf stats: tensor([0.0199, 0.0614, 0.0072, 0.0202, 0.0122, 0.1924, 0.0315, 0.0995, 0.0033,
        0.0410, 0.0012, 0.0533, 0.1009, 0.0103, 0.2407, 0.1052])
[2026-06-26 00:01:03,824][root][INFO] - Epoch: 33 | train acc: 0.9487, train loss: 0.26753256, valid acc: 0.9280, valid loss: 0.24797925, test acc: 0.9143, test loss: 0.55213828
[2026-06-26 00:01:06,200][root][INFO] - reg loss: 5.618395601000104, entropy loss: 0.18638815987047064, leaf dev: 0.05603747442364693
[2026-06-26 00:01:06,202][root][INFO] - Val leaf stats: tensor([0.0889, 0.0074, 0.0017, 0.0279, 0.0751, 0.1373, 0.0615, 0.0407, 0.0139,
        0.1490, 0.1779, 0.0811, 0.0191, 0.0094, 0.0104, 0.0987])
[2026-06-26 00:01:21,555][root][INFO] - Epoch: 34 | train acc: 0.9507, train loss: 0.16871292, valid acc: 0.9375, valid loss: 0.22775721, test acc: 0.9152, test loss: 0.55200394
[2026-06-26 00:01:23,971][root][INFO] - reg loss: 5.8561714767779, entropy loss: 0.20980223201254689, leaf dev: 0.06317421793937683
[2026-06-26 00:01:23,972][root][INFO] - Val leaf stats: tensor([0.0348, 0.0688, 0.0088, 0.0210, 0.0048, 0.1624, 0.0466, 0.1141, 0.0035,
        0.0475, 0.0015, 0.0624, 0.0952, 0.0101, 0.2235, 0.0951])
[2026-06-26 00:01:36,595][root][INFO] - Epoch: 34 | train acc: 0.9511, train loss: 0.25922382, valid acc: 0.9345, valid loss: 0.22498899, test acc: 0.9182, test loss: 0.66576664
[2026-06-26 00:01:39,102][root][INFO] - reg loss: 5.697357155027843, entropy loss: 0.18601050294896282, leaf dev: 0.05445096641778946
[2026-06-26 00:01:39,103][root][INFO] - Val leaf stats: tensor([0.0826, 0.0040, 0.0021, 0.0285, 0.0767, 0.1290, 0.0653, 0.0408, 0.0135,
        0.1598, 0.1722, 0.0906, 0.0382, 0.0120, 0.0099, 0.0749])
[2026-06-26 00:01:54,480][root][INFO] - Epoch: 35 | train acc: 0.9464, train loss: 0.18110515, valid acc: 0.9305, valid loss: 0.24971519, test acc: 0.9122, test loss: 0.84043642
[2026-06-26 00:01:56,851][root][INFO] - reg loss: 5.78824251164835, entropy loss: 0.20557073894001188, leaf dev: 0.0675414502620697
[2026-06-26 00:01:56,853][root][INFO] - Val leaf stats: tensor([0.0046, 0.0010, 0.0049, 0.0172, 0.0699, 0.1738, 0.0540, 0.1424, 0.0038,
        0.0497, 0.0017, 0.0627, 0.0738, 0.0093, 0.2180, 0.1134])
[2026-06-26 00:02:12,025][root][INFO] - Epoch: 35 | train acc: 0.9543, train loss: 0.24726706, valid acc: 0.9376, valid loss: 0.21743677, test acc: 0.9194, test loss: 0.79056583
[2026-06-26 00:02:14,124][root][INFO] - reg loss: 5.685897511779947, entropy loss: 0.18343252243188324, leaf dev: 0.056037452071905136
[2026-06-26 00:02:14,125][root][INFO] - Val leaf stats: tensor([0.0856, 0.0029, 0.0020, 0.0311, 0.0773, 0.1283, 0.0684, 0.0437, 0.0131,
        0.1103, 0.2108, 0.0866, 0.0431, 0.0100, 0.0097, 0.0771])
[2026-06-26 00:02:27,270][root][INFO] - Epoch: 36 | train acc: 0.9357, train loss: 0.21928004, valid acc: 0.8950, valid loss: 0.34412220, test acc: 0.8986, test loss: 0.75836899
[2026-06-26 00:02:29,959][root][INFO] - reg loss: 5.603732964349171, entropy loss: 0.19993745468596302, leaf dev: 0.07720043510198593
[2026-06-26 00:02:29,960][root][INFO] - Val leaf stats: tensor([0.0157, 0.0035, 0.0049, 0.0375, 0.0757, 0.2581, 0.0256, 0.1710, 0.0030,
        0.0269, 0.0008, 0.0431, 0.0667, 0.0086, 0.1900, 0.0687])
[2026-06-26 00:02:44,509][root][INFO] - Epoch: 36 | train acc: 0.9563, train loss: 0.24722089, valid acc: 0.9335, valid loss: 0.24494953, test acc: 0.9056, test loss: 0.49236573
[2026-06-26 00:02:47,191][root][INFO] - reg loss: 5.802065932561481, entropy loss: 0.18646576874470586, leaf dev: 0.05799023434519768
[2026-06-26 00:02:47,192][root][INFO] - Val leaf stats: tensor([0.0997, 0.0064, 0.0020, 0.0336, 0.0763, 0.1156, 0.0783, 0.0448, 0.0120,
        0.0668, 0.2317, 0.0881, 0.0450, 0.0107, 0.0102, 0.0788])
[2026-06-26 00:03:02,168][root][INFO] - Epoch: 37 | train acc: 0.9341, train loss: 0.22276643, valid acc: 0.9206, valid loss: 0.26890116, test acc: 0.9099, test loss: 0.67307162
[2026-06-26 00:03:04,863][root][INFO] - reg loss: 5.543223045490406, entropy loss: 0.20017488143116077, leaf dev: 0.07223089039325714
[2026-06-26 00:03:04,864][root][INFO] - Val leaf stats: tensor([0.0233, 0.0476, 0.0071, 0.0346, 0.0370, 0.1539, 0.0293, 0.2404, 0.0030,
        0.0326, 0.0010, 0.0414, 0.0733, 0.0068, 0.2003, 0.0684])
[2026-06-26 00:03:18,031][root][INFO] - Epoch: 37 | train acc: 0.9335, train loss: 0.31371521, valid acc: 0.9069, valid loss: 0.32198039, test acc: 0.8964, test loss: 0.94119109
[2026-06-26 00:03:20,580][root][INFO] - reg loss: 5.535663743498464, entropy loss: 0.1798856199260742, leaf dev: 0.07125405967235565
[2026-06-26 00:03:20,581][root][INFO] - Val leaf stats: tensor([0.0515, 0.0029, 0.0021, 0.0265, 0.0816, 0.1020, 0.0333, 0.0380, 0.0117,
        0.0706, 0.2951, 0.0663, 0.1047, 0.0102, 0.0153, 0.0882])
[2026-06-26 00:03:35,762][root][INFO] - Epoch: 38 | train acc: 0.9405, train loss: 0.20204784, valid acc: 0.9277, valid loss: 0.25049618, test acc: 0.9097, test loss: 0.65473943
[2026-06-26 00:03:38,331][root][INFO] - reg loss: 5.664114311258629, entropy loss: 0.20639114854512391, leaf dev: 0.07296323031187057
[2026-06-26 00:03:38,332][root][INFO] - Val leaf stats: tensor([0.0277, 0.0373, 0.0079, 0.0329, 0.0466, 0.1632, 0.0269, 0.2209, 0.0029,
        0.0353, 0.0008, 0.0435, 0.0747, 0.0102, 0.2231, 0.0460])
[2026-06-26 00:03:51,049][root][INFO] - Epoch: 38 | train acc: 0.9317, train loss: 0.30938416, valid acc: 0.9075, valid loss: 0.30666960, test acc: 0.8928, test loss: 0.79888025
[2026-06-26 00:03:54,132][root][INFO] - reg loss: 5.423176505578258, entropy loss: 0.17394091819644605, leaf dev: 0.05980402231216431
[2026-06-26 00:03:54,133][root][INFO] - Val leaf stats: tensor([0.0567, 0.0035, 0.0021, 0.0258, 0.0824, 0.1010, 0.0193, 0.0487, 0.0090,
        0.0372, 0.1434, 0.0495, 0.1303, 0.0101, 0.0649, 0.2163])
[2026-06-26 00:04:09,672][root][INFO] - Epoch: 39 | train acc: 0.9423, train loss: 0.19282995, valid acc: 0.9218, valid loss: 0.27129854, test acc: 0.9036, test loss: 0.63253876
[2026-06-26 00:04:11,863][root][INFO] - reg loss: 5.636631052330057, entropy loss: 0.20541766672222703, leaf dev: 0.07656282186508179
[2026-06-26 00:04:11,864][root][INFO] - Val leaf stats: tensor([0.0130, 0.0268, 0.0053, 0.0079, 0.0619, 0.1942, 0.0291, 0.2167, 0.0036,
        0.0412, 0.0008, 0.0384, 0.0756, 0.0105, 0.2191, 0.0559])
[2026-06-26 00:04:25,493][root][INFO] - Epoch: 39 | train acc: 0.9373, train loss: 0.29502692, valid acc: 0.9242, valid loss: 0.26423239, test acc: 0.9092, test loss: 0.71291396
[2026-06-26 00:04:28,699][root][INFO] - reg loss: 5.600992447484738, entropy loss: 0.1788824426118659, leaf dev: 0.06626173853874207
[2026-06-26 00:04:28,700][root][INFO] - Val leaf stats: tensor([0.0611, 0.0039, 0.0021, 0.0283, 0.0803, 0.1020, 0.0184, 0.0446, 0.0103,
        0.0612, 0.2502, 0.0711, 0.0939, 0.0124, 0.0049, 0.1554])
[2026-06-26 00:04:42,402][root][INFO] - Epoch: 40 | train acc: 0.9425, train loss: 0.19420687, valid acc: 0.9259, valid loss: 0.24999015, test acc: 0.9098, test loss: 0.62848785
[2026-06-26 00:04:45,036][root][INFO] - reg loss: 5.462032426601995, entropy loss: 0.1979992421215804, leaf dev: 0.0736151710152626
[2026-06-26 00:04:45,037][root][INFO] - Val leaf stats: tensor([0.0157, 0.0415, 0.0068, 0.0093, 0.0468, 0.1799, 0.0344, 0.2179, 0.0039,
        0.0399, 0.0007, 0.0437, 0.0781, 0.0111, 0.2133, 0.0572])
[2026-06-26 00:05:01,800][root][INFO] - Epoch: 40 | train acc: 0.9420, train loss: 0.28075138, valid acc: 0.9260, valid loss: 0.26170528, test acc: 0.9115, test loss: 0.71422125
[2026-06-26 00:05:04,288][root][INFO] - reg loss: 5.558739359416659, entropy loss: 0.1719395204511269, leaf dev: 0.06705659627914429
[2026-06-26 00:05:04,289][root][INFO] - Val leaf stats: tensor([0.0764, 0.0036, 0.0034, 0.0102, 0.0788, 0.0992, 0.0207, 0.0485, 0.0098,
        0.0372, 0.2399, 0.0795, 0.1022, 0.0134, 0.0065, 0.1707])
[2026-06-26 00:05:15,544][root][INFO] - Epoch: 41 | train acc: 0.9481, train loss: 0.17675962, valid acc: 0.9315, valid loss: 0.23930013, test acc: 0.9101, test loss: 0.60290324
[2026-06-26 00:05:18,660][root][INFO] - reg loss: 5.508886130398543, entropy loss: 0.2017231570192115, leaf dev: 0.07296209782361984
[2026-06-26 00:05:18,661][root][INFO] - Val leaf stats: tensor([0.0212, 0.0571, 0.0080, 0.0121, 0.0298, 0.2023, 0.0295, 0.1838, 0.0038,
        0.0416, 0.0006, 0.0459, 0.0758, 0.0125, 0.2221, 0.0539])
[2026-06-26 00:05:35,534][root][INFO] - Epoch: 41 | train acc: 0.9467, train loss: 0.26267067, valid acc: 0.9284, valid loss: 0.24642772, test acc: 0.9133, test loss: 0.72701416
[2026-06-26 00:05:37,947][root][INFO] - reg loss: 5.589817362487631, entropy loss: 0.16936016776574353, leaf dev: 0.06450802832841873
[2026-06-26 00:05:37,948][root][INFO] - Val leaf stats: tensor([0.0765, 0.0042, 0.0034, 0.0102, 0.0802, 0.0938, 0.0227, 0.0511, 0.0093,
        0.0403, 0.2140, 0.0756, 0.1138, 0.0143, 0.0059, 0.1848])
[2026-06-26 00:05:47,191][root][INFO] - Epoch: 42 | train acc: 0.9471, train loss: 0.17975250, valid acc: 0.9275, valid loss: 0.25185737, test acc: 0.9093, test loss: 0.60065814
[2026-06-26 00:05:50,146][root][INFO] - reg loss: 5.471167269207182, entropy loss: 0.20113459521185154, leaf dev: 0.0686439573764801
[2026-06-26 00:05:50,147][root][INFO] - Val leaf stats: tensor([0.0360, 0.0676, 0.0084, 0.0195, 0.0431, 0.1532, 0.0322, 0.2080, 0.0035,
        0.0327, 0.0008, 0.0403, 0.0699, 0.0104, 0.2143, 0.0601])
[2026-06-26 00:06:09,190][root][INFO] - Epoch: 42 | train acc: 0.9474, train loss: 0.25972811, valid acc: 0.9241, valid loss: 0.26772812, test acc: 0.9112, test loss: 0.73958686
[2026-06-26 00:06:11,810][root][INFO] - reg loss: 5.535912501118171, entropy loss: 0.16774766691147336, leaf dev: 0.06873185932636261
[2026-06-26 00:06:11,811][root][INFO] - Val leaf stats: tensor([0.0713, 0.0020, 0.0034, 0.0104, 0.0812, 0.0973, 0.0267, 0.0505, 0.0114,
        0.0409, 0.2160, 0.0742, 0.0756, 0.0152, 0.0028, 0.2211])
[2026-06-26 00:06:19,588][root][INFO] - Epoch: 43 | train acc: 0.9494, train loss: 0.17485608, valid acc: 0.9357, valid loss: 0.23638301, test acc: 0.9117, test loss: 0.60297175
[2026-06-26 00:06:22,707][root][INFO] - reg loss: 5.475230893130025, entropy loss: 0.1990782618522644, leaf dev: 0.07065681368112564
[2026-06-26 00:06:22,708][root][INFO] - Val leaf stats: tensor([0.0264, 0.0477, 0.0065, 0.0199, 0.0635, 0.0992, 0.0465, 0.2480, 0.0041,
        0.0369, 0.0007, 0.0440, 0.0685, 0.0117, 0.2092, 0.0672])
[2026-06-26 00:06:42,124][root][INFO] - Epoch: 43 | train acc: 0.9499, train loss: 0.25350399, valid acc: 0.9322, valid loss: 0.24161560, test acc: 0.9131, test loss: 0.71058462
[2026-06-26 00:06:45,040][root][INFO] - reg loss: 5.51077463513329, entropy loss: 0.1673978660945539, leaf dev: 0.06403777748346329
[2026-06-26 00:06:45,041][root][INFO] - Val leaf stats: tensor([0.0744, 0.0032, 0.0034, 0.0124, 0.0814, 0.0936, 0.0256, 0.0479, 0.0105,
        0.0405, 0.2038, 0.0748, 0.1156, 0.0164, 0.0030, 0.1935])
[2026-06-26 00:06:52,441][root][INFO] - Epoch: 44 | train acc: 0.9523, train loss: 0.16210435, valid acc: 0.9208, valid loss: 0.28976215, test acc: 0.9116, test loss: 0.53778052
[2026-06-26 00:06:55,097][root][INFO] - reg loss: 5.539286277912281, entropy loss: 0.19925705355311196, leaf dev: 0.06183002144098282
[2026-06-26 00:06:55,098][root][INFO] - Val leaf stats: tensor([0.0256, 0.0502, 0.0078, 0.0205, 0.0700, 0.1111, 0.0489, 0.2198, 0.0030,
        0.0736, 0.0058, 0.0880, 0.0395, 0.0090, 0.1751, 0.0520])
[2026-06-26 00:07:15,382][root][INFO] - Epoch: 44 | train acc: 0.9487, train loss: 0.25758905, valid acc: 0.9208, valid loss: 0.27799265, test acc: 0.9077, test loss: 0.77377004
[2026-06-26 00:07:17,755][root][INFO] - reg loss: 5.500379534625503, entropy loss: 0.1672855928619072, leaf dev: 0.0645347312092781
[2026-06-26 00:07:17,756][root][INFO] - Val leaf stats: tensor([0.0692, 0.0030, 0.0034, 0.0123, 0.0815, 0.0969, 0.0351, 0.0425, 0.0110,
        0.0398, 0.2135, 0.0673, 0.1128, 0.0151, 0.0064, 0.1900])
[2026-06-26 00:07:24,547][root][INFO] - Epoch: 45 | train acc: 0.9454, train loss: 0.18630138, valid acc: 0.9304, valid loss: 0.24122038, test acc: 0.9267, test loss: 0.45889558
[2026-06-26 00:07:27,479][root][INFO] - reg loss: 5.753494323246063, entropy loss: 0.20113912264190653, leaf dev: 0.057177986949682236
[2026-06-26 00:07:27,481][root][INFO] - Val leaf stats: tensor([0.0278, 0.0566, 0.0089, 0.0205, 0.0559, 0.1546, 0.0513, 0.1811, 0.0020,
        0.0739, 0.0239, 0.0811, 0.0359, 0.0087, 0.1677, 0.0503])
[2026-06-26 00:07:46,452][root][INFO] - Epoch: 45 | train acc: 0.9471, train loss: 0.25656818, valid acc: 0.9244, valid loss: 0.26143821, test acc: 0.9100, test loss: 0.75729069
[2026-06-26 00:07:49,103][root][INFO] - reg loss: 5.310280883123005, entropy loss: 0.1606935283967427, leaf dev: 0.05967777594923973
[2026-06-26 00:07:49,105][root][INFO] - Val leaf stats: tensor([0.0776, 0.0054, 0.0033, 0.0155, 0.0744, 0.0954, 0.0320, 0.0416, 0.0116,
        0.0528, 0.2150, 0.0773, 0.0996, 0.0248, 0.0110, 0.1626])
[2026-06-26 00:07:57,682][root][INFO] - Epoch: 46 | train acc: 0.9481, train loss: 0.17636803, valid acc: 0.9228, valid loss: 0.26440929, test acc: 0.9175, test loss: 0.47945957
[2026-06-26 00:08:00,175][root][INFO] - reg loss: 5.608669735136486, entropy loss: 0.1937871829227165, leaf dev: 0.05393141880631447
[2026-06-26 00:08:00,176][root][INFO] - Val leaf stats: tensor([0.0398, 0.0773, 0.0076, 0.0250, 0.0107, 0.1220, 0.1159, 0.1549, 0.0033,
        0.0687, 0.0224, 0.0812, 0.0374, 0.0092, 0.1712, 0.0533])
[2026-06-26 00:08:20,067][root][INFO] - Epoch: 46 | train acc: 0.9493, train loss: 0.25156560, valid acc: 0.9202, valid loss: 0.29041944, test acc: 0.9093, test loss: 0.82677874
[2026-06-26 00:08:23,017][root][INFO] - reg loss: 5.40736590239106, entropy loss: 0.16454118001397955, leaf dev: 0.06249493733048439
[2026-06-26 00:08:23,018][root][INFO] - Val leaf stats: tensor([0.0305, 0.0013, 0.0033, 0.0086, 0.0763, 0.1236, 0.0512, 0.0533, 0.0116,
        0.0654, 0.2338, 0.0850, 0.0916, 0.0178, 0.0111, 0.1357])
[2026-06-26 00:08:31,381][root][INFO] - Epoch: 47 | train acc: 0.9474, train loss: 0.17698669, valid acc: 0.9334, valid loss: 0.23284062, test acc: 0.9134, test loss: 0.48785857
[2026-06-26 00:08:33,958][root][INFO] - reg loss: 5.6323747609658215, entropy loss: 0.20300309943459022, leaf dev: 0.05314861610531807
[2026-06-26 00:08:33,959][root][INFO] - Val leaf stats: tensor([0.0315, 0.0767, 0.0103, 0.0212, 0.0165, 0.1260, 0.0993, 0.1408, 0.0028,
        0.0732, 0.0193, 0.0834, 0.0410, 0.0112, 0.1811, 0.0657])
[2026-06-26 00:08:53,708][root][INFO] - Epoch: 47 | train acc: 0.9470, train loss: 0.25673902, valid acc: 0.9257, valid loss: 0.25823766, test acc: 0.9095, test loss: 0.82485665
[2026-06-26 00:08:55,831][root][INFO] - reg loss: 5.397945532723079, entropy loss: 0.16096738351400566, leaf dev: 0.06218766048550606
[2026-06-26 00:08:55,832][root][INFO] - Val leaf stats: tensor([0.0334, 0.0011, 0.0035, 0.0092, 0.0787, 0.1180, 0.0447, 0.0583, 0.0119,
        0.0614, 0.2314, 0.0836, 0.0880, 0.0189, 0.0128, 0.1451])
[2026-06-26 00:09:02,068][root][INFO] - Epoch: 48 | train acc: 0.9500, train loss: 0.17259506, valid acc: 0.9344, valid loss: 0.23329014, test acc: 0.9113, test loss: 0.52647380
[2026-06-26 00:09:04,610][root][INFO] - reg loss: 5.559092196207198, entropy loss: 0.20215149752046696, leaf dev: 0.05882951244711876
[2026-06-26 00:09:04,612][root][INFO] - Val leaf stats: tensor([0.0110, 0.0038, 0.0076, 0.0166, 0.0892, 0.1314, 0.0933, 0.1618, 0.0025,
        0.0695, 0.0177, 0.0891, 0.0425, 0.0117, 0.1852, 0.0671])
[2026-06-26 00:09:23,579][root][INFO] - Epoch: 48 | train acc: 0.9514, train loss: 0.24696606, valid acc: 0.9305, valid loss: 0.24418244, test acc: 0.9120, test loss: 0.82533037
[2026-06-26 00:09:26,196][root][INFO] - reg loss: 5.425251415797642, entropy loss: 0.1656193726907962, leaf dev: 0.06227370724081993
[2026-06-26 00:09:26,197][root][INFO] - Val leaf stats: tensor([0.0356, 0.0010, 0.0035, 0.0099, 0.0823, 0.1124, 0.0267, 0.0756, 0.0120,
        0.0606, 0.2338, 0.0849, 0.0949, 0.0212, 0.0108, 0.1349])
[2026-06-26 00:09:33,006][root][INFO] - Epoch: 49 | train acc: 0.9528, train loss: 0.16073271, valid acc: 0.9369, valid loss: 0.22922594, test acc: 0.9148, test loss: 0.47296338
[2026-06-26 00:09:35,664][root][INFO] - reg loss: 5.545900748520301, entropy loss: 0.20205121444015905, leaf dev: 0.05734648555517197
[2026-06-26 00:09:35,664][root][INFO] - Val leaf stats: tensor([0.0149, 0.0101, 0.0084, 0.0177, 0.0786, 0.1355, 0.0964, 0.1521, 0.0036,
        0.0807, 0.0154, 0.0754, 0.0444, 0.0109, 0.1866, 0.0693])
[2026-06-26 00:09:38,285][root][INFO] - Val leaf stats: tensor([0.0149, 0.0101, 0.0084, 0.0177, 0.0786, 0.1355, 0.0964, 0.1521, 0.0036,
        0.0807, 0.0154, 0.0754, 0.0444, 0.0109, 0.1866, 0.0693])
[2026-06-26 00:09:42,268][root][INFO] - Test leaf std: 0.06660883128643036, Val leaf std: 0.05734648555517197
[2026-06-26 00:09:46,649][root][INFO] - FINAL TEST | acc: 0.9148, loss: 0.4730, 
[2026-06-26 00:09:46,807][root][INFO] - MLFlow run ID: 320f6af93cac4f52b2b9f8342f4eb5dc, status: FINISHED
[2026-06-26 00:09:52,121][root][INFO] - Epoch: 49 | train acc: 0.9451, train loss: 0.27098153, valid acc: 0.9052, valid loss: 0.34793576, test acc: 0.9000, test loss: 0.88010023
[2026-06-26 00:09:54,312][root][INFO] - reg loss: 5.402435968792628, entropy loss: 0.1665810784965596, leaf dev: 0.06713692098855972
[2026-06-26 00:09:54,313][root][INFO] - Val leaf stats: tensor([0.0395, 0.0016, 0.0033, 0.0113, 0.0727, 0.0188, 0.1318, 0.0685, 0.0236,
        0.2171, 0.1955, 0.1013, 0.0547, 0.0220, 0.0064, 0.0319])
[2026-06-26 00:09:56,701][root][INFO] - Val leaf stats: tensor([0.0395, 0.0016, 0.0033, 0.0113, 0.0727, 0.0188, 0.1318, 0.0685, 0.0236,
        0.2171, 0.1955, 0.1013, 0.0547, 0.0220, 0.0064, 0.0319])
[2026-06-26 00:10:00,819][root][INFO] - Test leaf std: 0.07587375491857529, Val leaf std: 0.06713692098855972
[2026-06-26 00:10:05,560][root][INFO] - FINAL TEST | acc: 0.9000, loss: 0.8801, 
