[2026-06-20 00:00:14,381][root][INFO] - MLFlow server is starting on LOCAL with experiment STM_all_iafff08_stdreg_seed...
[2026-06-20 00:00:14,396][root][INFO] - MLFlow run ID: 377c7c3d8bb04619bfbeb7d99ac38ef1, status: RUNNING
[2026-06-20 00:00:14,524][root][INFO] - Starting experiment IATrain...
[2026-06-20 00:01:25,257][root][INFO] - Epoch: 0 | train acc: 0.4632, train loss: 7.54728458, valid acc: 0.6700, valid loss: 1.07750595, test acc: 0.6771, test loss: 1.04649331
[2026-06-20 00:01:33,786][root][INFO] - reg loss: 5.950036372778551, entropy loss: 0.26734312159835166, leaf dev: 0.21258462965488434
[2026-06-20 00:01:33,787][root][INFO] - Val leaf stats: tensor([0.0000e+00, 0.0000e+00, 0.0000e+00, 0.0000e+00, 0.0000e+00, 0.0000e+00,
        0.0000e+00, 0.0000e+00, 1.5250e-01, 0.0000e+00, 0.0000e+00, 0.0000e+00,
        6.6667e-04, 8.4683e-01, 0.0000e+00, 0.0000e+00])
[2026-06-20 00:02:45,362][root][INFO] - Epoch: 1 | train acc: 0.7906, train loss: 6.31117382, valid acc: 0.8115, valid loss: 0.70610619, test acc: 0.8220, test loss: 0.64176656
[2026-06-20 00:02:53,958][root][INFO] - reg loss: 5.55678557899763, entropy loss: 0.20984760784315612, leaf dev: 0.1548883616924286
[2026-06-20 00:02:53,959][root][INFO] - Val leaf stats: tensor([0.0000, 0.0000, 0.0000, 0.0000, 0.1167, 0.0000, 0.0000, 0.0000, 0.2155,
        0.0000, 0.0000, 0.0000, 0.0700, 0.5978, 0.0000, 0.0000])
[2026-06-20 00:04:06,402][root][INFO] - Epoch: 2 | train acc: 0.8544, train loss: 6.08126639, valid acc: 0.8325, valid loss: 0.59565671, test acc: 0.8459, test loss: 0.54946512
[2026-06-20 00:04:14,510][root][INFO] - reg loss: 5.53317779864905, entropy loss: 0.1969538464579942, leaf dev: 0.1555926501750946
[2026-06-20 00:04:14,511][root][INFO] - Val leaf stats: tensor([0.0000, 0.0000, 0.0000, 0.0000, 0.1363, 0.0000, 0.0000, 0.0000, 0.1983,
        0.0012, 0.0000, 0.0000, 0.0608, 0.6033, 0.0000, 0.0000])
[2026-06-20 00:05:27,575][root][INFO] - Epoch: 3 | train acc: 0.8554, train loss: 5.75211432, valid acc: 0.8392, valid loss: 0.54589682, test acc: 0.8506, test loss: 0.50444436
[2026-06-20 00:05:36,358][root][INFO] - reg loss: 5.236614096839473, entropy loss: 0.18018551733133928, leaf dev: 0.16073031723499298
[2026-06-20 00:05:36,359][root][INFO] - Val leaf stats: tensor([0.0000, 0.0000, 0.0000, 0.0000, 0.0553, 0.0000, 0.0000, 0.0000, 0.2385,
        0.0065, 0.0000, 0.0000, 0.0803, 0.6193, 0.0000, 0.0000])
[2026-06-20 00:06:45,504][root][INFO] - Epoch: 4 | train acc: 0.8765, train loss: 5.62296567, valid acc: 0.8595, valid loss: 0.48438510, test acc: 0.8682, test loss: 0.44115218
[2026-06-20 00:06:54,620][root][INFO] - reg loss: 5.182081240528035, entropy loss: 0.17897764607420508, leaf dev: 0.15494540333747864
[2026-06-20 00:06:54,621][root][INFO] - Val leaf stats: tensor([0.0000, 0.0000, 0.0000, 0.0000, 0.0907, 0.0000, 0.0000, 0.0000, 0.2252,
        0.0050, 0.0000, 0.0000, 0.0817, 0.5975, 0.0000, 0.0000])
[2026-06-20 00:08:07,666][root][INFO] - Epoch: 5 | train acc: 0.8862, train loss: 5.54177177, valid acc: 0.8697, valid loss: 0.44208288, test acc: 0.8777, test loss: 0.41700600
[2026-06-20 00:08:16,849][root][INFO] - reg loss: 5.14676970805762, entropy loss: 0.17530256059934507, leaf dev: 0.14293868839740753
[2026-06-20 00:08:16,851][root][INFO] - Val leaf stats: tensor([0.0000e+00, 0.0000e+00, 0.0000e+00, 0.0000e+00, 1.1817e-01, 0.0000e+00,
        0.0000e+00, 0.0000e+00, 2.5867e-01, 6.5000e-03, 0.0000e+00, 0.0000e+00,
        8.6667e-02, 5.2967e-01, 3.3333e-04, 0.0000e+00])
[2026-06-20 00:09:30,492][root][INFO] - Epoch: 6 | train acc: 0.8930, train loss: 5.60981097, valid acc: 0.8622, valid loss: 0.46166550, test acc: 0.8656, test loss: 0.44818831
[2026-06-20 00:09:39,386][root][INFO] - reg loss: 5.234029508986563, entropy loss: 0.16928656877211803, leaf dev: 0.1368231177330017
[2026-06-20 00:09:39,387][root][INFO] - Val leaf stats: tensor([0.0000, 0.0000, 0.0000, 0.0000, 0.1152, 0.0000, 0.0000, 0.0000, 0.3363,
        0.0122, 0.0000, 0.0000, 0.0613, 0.4613, 0.0137, 0.0000])
[2026-06-20 00:10:53,765][root][INFO] - Epoch: 7 | train acc: 0.8849, train loss: 5.64087384, valid acc: 0.8548, valid loss: 0.49351083, test acc: 0.8668, test loss: 0.45906797
[2026-06-20 00:11:02,691][root][INFO] - reg loss: 5.231231590486923, entropy loss: 0.15776439517174126, leaf dev: 0.13052381575107574
[2026-06-20 00:11:02,692][root][INFO] - Val leaf stats: tensor([0.0000e+00, 0.0000e+00, 1.6667e-04, 0.0000e+00, 2.0833e-01, 0.0000e+00,
        0.0000e+00, 0.0000e+00, 2.9583e-01, 7.5000e-03, 0.0000e+00, 0.0000e+00,
        4.6667e-02, 4.2983e-01, 1.1667e-02, 0.0000e+00])
[2026-06-20 00:12:23,723][root][INFO] - Epoch: 8 | train acc: 0.8895, train loss: 5.54792282, valid acc: 0.8605, valid loss: 0.49420518, test acc: 0.8750, test loss: 0.46661167
[2026-06-20 00:12:36,183][root][INFO] - reg loss: 5.158975218826869, entropy loss: 0.15385639540991694, leaf dev: 0.1281900554895401
[2026-06-20 00:12:36,185][root][INFO] - Val leaf stats: tensor([0.0000, 0.0000, 0.0005, 0.0000, 0.2867, 0.0000, 0.0000, 0.0000, 0.1950,
        0.0057, 0.0000, 0.0000, 0.0622, 0.4295, 0.0205, 0.0000])
[2026-06-20 00:13:55,843][root][INFO] - Epoch: 9 | train acc: 0.8986, train loss: 5.62035439, valid acc: 0.8862, valid loss: 0.42788015, test acc: 0.8900, test loss: 0.40582576
[2026-06-20 00:14:09,014][root][INFO] - reg loss: 5.242802147595388, entropy loss: 0.1720933125547643, leaf dev: 0.12717293202877045
[2026-06-20 00:14:09,016][root][INFO] - Val leaf stats: tensor([0.0000e+00, 1.6667e-04, 8.3333e-03, 0.0000e+00, 2.3083e-01, 0.0000e+00,
        0.0000e+00, 0.0000e+00, 2.0167e-01, 6.0000e-03, 0.0000e+00, 0.0000e+00,
        7.2000e-02, 4.5283e-01, 2.8167e-02, 0.0000e+00])
[2026-06-20 00:15:29,284][root][INFO] - Epoch: 10 | train acc: 0.9100, train loss: 5.52396528, valid acc: 0.8967, valid loss: 0.36847954, test acc: 0.8991, test loss: 0.34834438
[2026-06-20 00:15:42,711][root][INFO] - reg loss: 5.2019527273358035, entropy loss: 0.16328544872549344, leaf dev: 0.12541693449020386
[2026-06-20 00:15:42,712][root][INFO] - Val leaf stats: tensor([0.0000e+00, 0.0000e+00, 6.5000e-03, 0.0000e+00, 2.3167e-01, 1.4333e-02,
        0.0000e+00, 1.6667e-04, 2.1917e-01, 7.3333e-03, 0.0000e+00, 0.0000e+00,
        7.3167e-02, 4.3700e-01, 1.0667e-02, 0.0000e+00])
[2026-06-20 00:17:04,416][root][INFO] - Epoch: 11 | train acc: 0.9136, train loss: 5.49968186, valid acc: 0.8998, valid loss: 0.36333601, test acc: 0.8993, test loss: 0.34533597
[2026-06-20 00:17:17,670][root][INFO] - reg loss: 5.194149332226448, entropy loss: 0.15248183217251077, leaf dev: 0.12814845144748688
[2026-06-20 00:17:17,671][root][INFO] - Val leaf stats: tensor([0.0000, 0.0000, 0.0055, 0.0000, 0.2105, 0.0062, 0.0000, 0.0000, 0.2290,
        0.0077, 0.0000, 0.0000, 0.0692, 0.4548, 0.0172, 0.0000])
[2026-06-20 00:18:29,468][root][INFO] - Epoch: 12 | train acc: 0.9083, train loss: 5.35349108, valid acc: 0.8958, valid loss: 0.36298381, test acc: 0.8963, test loss: 0.35671874
[2026-06-20 00:18:37,554][root][INFO] - reg loss: 5.042513941818813, entropy loss: 0.13899567484293343, leaf dev: 0.13221462070941925
[2026-06-20 00:18:37,555][root][INFO] - Val leaf stats: tensor([0.0000, 0.0000, 0.0023, 0.0000, 0.1248, 0.0008, 0.0000, 0.0000, 0.2362,
        0.0072, 0.0000, 0.0000, 0.0803, 0.4938, 0.0545, 0.0000])
[2026-06-20 00:19:42,206][root][INFO] - Epoch: 13 | train acc: 0.9106, train loss: 5.31831909, valid acc: 0.8973, valid loss: 0.35713821, test acc: 0.8945, test loss: 0.35079438
[2026-06-20 00:19:51,372][root][INFO] - reg loss: 5.013069580186088, entropy loss: 0.13417025824200432, leaf dev: 0.1289929300546646
[2026-06-20 00:19:51,374][root][INFO] - Val leaf stats: tensor([0.0000, 0.0000, 0.0032, 0.0000, 0.1355, 0.0012, 0.0000, 0.0000, 0.2425,
        0.0048, 0.0000, 0.0000, 0.0783, 0.4745, 0.0600, 0.0000])
[2026-06-20 00:20:56,805][root][INFO] - Epoch: 14 | train acc: 0.8901, train loss: 5.41316187, valid acc: 0.8243, valid loss: 0.53243450, test acc: 0.8284, test loss: 0.52306614
[2026-06-20 00:21:02,243][root][INFO] - reg loss: 5.035666101383713, entropy loss: 0.13047405606452026, leaf dev: 0.13006360828876495
[2026-06-20 00:21:02,244][root][INFO] - Val leaf stats: tensor([0.0000, 0.0000, 0.0000, 0.0000, 0.0013, 0.0000, 0.0000, 0.0000, 0.2400,
        0.0112, 0.0000, 0.0000, 0.0668, 0.4462, 0.2345, 0.0000])
[2026-06-20 00:21:56,693][root][INFO] - Epoch: 15 | train acc: 0.8944, train loss: 5.32735900, valid acc: 0.8867, valid loss: 0.40533572, test acc: 0.8922, test loss: 0.38967741
[2026-06-20 00:22:04,412][root][INFO] - reg loss: 4.953406540852673, entropy loss: 0.1260334777663339, leaf dev: 0.1317996382713318
[2026-06-20 00:22:04,413][root][INFO] - Val leaf stats: tensor([0.0000, 0.0000, 0.0000, 0.0000, 0.0015, 0.0000, 0.0000, 0.0000, 0.2817,
        0.0165, 0.0000, 0.0000, 0.0727, 0.4707, 0.1250, 0.0320])
[2026-06-20 00:23:03,586][root][INFO] - Epoch: 16 | train acc: 0.9072, train loss: 5.26677783, valid acc: 0.9020, valid loss: 0.36007346, test acc: 0.8994, test loss: 0.35544805
[2026-06-20 00:23:11,031][root][INFO] - reg loss: 4.940379903001605, entropy loss: 0.12676511648690925, leaf dev: 0.13527646660804749
[2026-06-20 00:23:11,032][root][INFO] - Val leaf stats: tensor([0.0000, 0.0000, 0.0000, 0.0000, 0.0025, 0.0000, 0.0000, 0.0000, 0.2292,
        0.0205, 0.0000, 0.0000, 0.0742, 0.5115, 0.1245, 0.0377])
[2026-06-20 00:23:58,899][root][INFO] - Epoch: 17 | train acc: 0.9102, train loss: 5.24692535, valid acc: 0.8973, valid loss: 0.35800089, test acc: 0.9024, test loss: 0.33364189
[2026-06-20 00:24:04,837][root][INFO] - reg loss: 4.925753782380302, entropy loss: 0.12643175030935486, leaf dev: 0.12182999402284622
[2026-06-20 00:24:04,838][root][INFO] - Val leaf stats: tensor([0.0000, 0.0000, 0.0000, 0.0000, 0.0030, 0.0000, 0.0000, 0.0000, 0.2312,
        0.0212, 0.0000, 0.0000, 0.0703, 0.4342, 0.1870, 0.0532])
[2026-06-20 00:24:51,630][root][INFO] - Epoch: 18 | train acc: 0.9156, train loss: 5.14179026, valid acc: 0.8995, valid loss: 0.34561915, test acc: 0.9036, test loss: 0.32213764
[2026-06-20 00:24:57,782][root][INFO] - reg loss: 4.852225042739004, entropy loss: 0.12292906185084919, leaf dev: 0.12256079167127609
[2026-06-20 00:24:57,783][root][INFO] - Val leaf stats: tensor([0.0000, 0.0000, 0.0000, 0.0000, 0.0035, 0.0000, 0.0000, 0.0000, 0.2327,
        0.0202, 0.0000, 0.0000, 0.0683, 0.4377, 0.1852, 0.0525])
[2026-06-20 00:25:44,348][root][INFO] - Epoch: 19 | train acc: 0.9189, train loss: 5.15070697, valid acc: 0.9062, valid loss: 0.33229450, test acc: 0.9086, test loss: 0.31447605
[2026-06-20 00:25:49,746][root][INFO] - reg loss: 4.878842313334627, entropy loss: 0.12483623061539992, leaf dev: 0.1218937560915947
[2026-06-20 00:25:49,748][root][INFO] - Val leaf stats: tensor([0.0000e+00, 0.0000e+00, 1.6667e-04, 0.0000e+00, 5.1667e-03, 0.0000e+00,
        0.0000e+00, 0.0000e+00, 2.1800e-01, 2.1167e-02, 0.0000e+00, 0.0000e+00,
        7.8500e-02, 4.4167e-01, 1.8267e-01, 5.2667e-02])
[2026-06-20 00:26:48,626][root][INFO] - Epoch: 20 | train acc: 0.9215, train loss: 5.17238224, valid acc: 0.9053, valid loss: 0.32680504, test acc: 0.9103, test loss: 0.30574065
[2026-06-20 00:26:54,758][root][INFO] - reg loss: 4.908930742515708, entropy loss: 0.12630669864000016, leaf dev: 0.11779338121414185
[2026-06-20 00:26:54,759][root][INFO] - Val leaf stats: tensor([0.0000e+00, 0.0000e+00, 1.6667e-04, 0.0000e+00, 5.3333e-03, 0.0000e+00,
        0.0000e+00, 0.0000e+00, 2.3017e-01, 2.7167e-02, 0.0000e+00, 0.0000e+00,
        7.9667e-02, 4.1500e-01, 1.8800e-01, 5.4500e-02])
[2026-06-20 00:27:49,458][root][INFO] - Epoch: 21 | train acc: 0.9224, train loss: 5.21229272, valid acc: 0.9100, valid loss: 0.32162780, test acc: 0.9117, test loss: 0.30217484
[2026-06-20 00:27:56,468][root][INFO] - reg loss: 4.949332705083883, entropy loss: 0.12855329835471116, leaf dev: 0.11984217911958694
[2026-06-20 00:27:56,469][root][INFO] - Val leaf stats: tensor([0.0000e+00, 0.0000e+00, 1.6667e-04, 0.0000e+00, 6.0000e-03, 0.0000e+00,
        0.0000e+00, 0.0000e+00, 2.3767e-01, 2.7333e-02, 0.0000e+00, 0.0000e+00,
        8.3500e-02, 4.2717e-01, 1.7000e-01, 4.8167e-02])
[2026-06-20 00:28:53,616][root][INFO] - Epoch: 22 | train acc: 0.9253, train loss: 5.11379691, valid acc: 0.9113, valid loss: 0.31721856, test acc: 0.9113, test loss: 0.30562785
[2026-06-20 00:29:01,538][root][INFO] - reg loss: 4.863684424814188, entropy loss: 0.12515535845227962, leaf dev: 0.11684305965900421
[2026-06-20 00:29:01,540][root][INFO] - Val leaf stats: tensor([0.0000e+00, 0.0000e+00, 1.6667e-04, 0.0000e+00, 6.8333e-03, 0.0000e+00,
        0.0000e+00, 0.0000e+00, 2.1983e-01, 2.3167e-02, 0.0000e+00, 0.0000e+00,
        8.3000e-02, 4.0917e-01, 2.0250e-01, 5.5333e-02])
[2026-06-20 00:29:57,861][root][INFO] - Epoch: 23 | train acc: 0.9268, train loss: 5.09781970, valid acc: 0.9128, valid loss: 0.38614509, test acc: 0.9120, test loss: 0.29263586
[2026-06-20 00:30:04,288][root][INFO] - reg loss: 4.852998004769379, entropy loss: 0.12387740162183654, leaf dev: 0.11951722204685211
[2026-06-20 00:30:04,290][root][INFO] - Val leaf stats: tensor([0.0000e+00, 0.0000e+00, 3.3333e-04, 0.0000e+00, 7.6667e-03, 0.0000e+00,
        0.0000e+00, 0.0000e+00, 2.3317e-01, 2.5333e-02, 3.3333e-04, 0.0000e+00,
        8.2333e-02, 4.2633e-01, 1.7533e-01, 4.9167e-02])
[2026-06-20 00:31:00,016][root][INFO] - Epoch: 24 | train acc: 0.9283, train loss: 5.10611032, valid acc: 0.9085, valid loss: 0.34901426, test acc: 0.9079, test loss: 0.32550051
[2026-06-20 00:31:06,274][root][INFO] - reg loss: 4.866903808881652, entropy loss: 0.1265083871922403, leaf dev: 0.10747137665748596
[2026-06-20 00:31:06,276][root][INFO] - Val leaf stats: tensor([0.0000e+00, 0.0000e+00, 3.3333e-04, 0.0000e+00, 1.1333e-02, 0.0000e+00,
        0.0000e+00, 0.0000e+00, 2.2967e-01, 2.6000e-02, 6.6667e-04, 0.0000e+00,
        1.4383e-01, 3.5550e-01, 1.7983e-01, 5.2833e-02])
[2026-06-20 00:32:01,486][root][INFO] - Epoch: 25 | train acc: 0.9260, train loss: 5.13207667, valid acc: 0.9078, valid loss: 0.33486508, test acc: 0.9065, test loss: 0.32434846
[2026-06-20 00:32:08,968][root][INFO] - reg loss: 4.881648882380071, entropy loss: 0.12626270261013284, leaf dev: 0.1255875825881958
[2026-06-20 00:32:08,970][root][INFO] - Val leaf stats: tensor([0.0000e+00, 0.0000e+00, 3.3333e-04, 0.0000e+00, 1.0333e-02, 0.0000e+00,
        0.0000e+00, 0.0000e+00, 1.9350e-01, 4.3333e-03, 6.6667e-04, 0.0000e+00,
        9.1333e-02, 4.6650e-01, 1.8133e-01, 5.1667e-02])
[2026-06-20 00:33:02,366][root][INFO] - Epoch: 26 | train acc: 0.9268, train loss: 5.03427882, valid acc: 0.9148, valid loss: 0.37003384, test acc: 0.9132, test loss: 0.29481301
[2026-06-20 00:33:09,554][root][INFO] - reg loss: 4.787921136280276, entropy loss: 0.12528426481305427, leaf dev: 0.11764205247163773
[2026-06-20 00:33:09,555][root][INFO] - Val leaf stats: tensor([0.0000e+00, 0.0000e+00, 5.0000e-04, 0.0000e+00, 1.1000e-02, 0.0000e+00,
        0.0000e+00, 0.0000e+00, 2.1617e-01, 7.8333e-03, 1.6667e-04, 1.6667e-04,
        8.9167e-02, 4.1317e-01, 2.0250e-01, 5.9333e-02])
[2026-06-20 00:34:02,229][root][INFO] - Epoch: 27 | train acc: 0.9316, train loss: 5.05710813, valid acc: 0.9175, valid loss: 0.29629174, test acc: 0.9140, test loss: 0.28729290
[2026-06-20 00:34:08,168][root][INFO] - reg loss: 4.827172094920896, entropy loss: 0.12738845483312067, leaf dev: 0.1183970719575882
[2026-06-20 00:34:08,169][root][INFO] - Val leaf stats: tensor([0.0000e+00, 0.0000e+00, 3.3333e-04, 0.0000e+00, 1.2333e-02, 0.0000e+00,
        0.0000e+00, 0.0000e+00, 2.2800e-01, 1.2000e-02, 3.3333e-04, 0.0000e+00,
        1.0633e-01, 4.2133e-01, 1.7133e-01, 4.8000e-02])
[2026-06-20 00:35:02,842][root][INFO] - Epoch: 28 | train acc: 0.9084, train loss: 5.07622082, valid acc: 0.8795, valid loss: 0.40416624, test acc: 0.8822, test loss: 0.37829670
[2026-06-20 00:35:10,356][root][INFO] - reg loss: 4.776041377265498, entropy loss: 0.12023149936828974, leaf dev: 0.14255380630493164
[2026-06-20 00:35:10,358][root][INFO] - Val leaf stats: tensor([0.0000e+00, 0.0000e+00, 3.3333e-04, 0.0000e+00, 1.3833e-02, 0.0000e+00,
        0.0000e+00, 0.0000e+00, 1.6067e-01, 1.4333e-02, 3.3333e-04, 0.0000e+00,
        1.2117e-01, 5.5650e-01, 1.2933e-01, 3.5000e-03])
[2026-06-20 00:36:05,893][root][INFO] - Epoch: 29 | train acc: 0.9039, train loss: 4.99555303, valid acc: 0.8773, valid loss: 0.43409415, test acc: 0.8757, test loss: 0.41098417
[2026-06-20 00:36:12,303][root][INFO] - reg loss: 4.681861004739438, entropy loss: 0.11639495763295102, leaf dev: 0.14196595549583435
[2026-06-20 00:36:12,304][root][INFO] - Val leaf stats: tensor([0.0000e+00, 0.0000e+00, 3.3333e-04, 0.0000e+00, 1.7333e-02, 0.0000e+00,
        0.0000e+00, 0.0000e+00, 3.0600e-01, 5.0000e-02, 3.3333e-04, 0.0000e+00,
        2.8167e-02, 5.1017e-01, 8.5500e-02, 2.1667e-03])
[2026-06-20 00:37:07,763][root][INFO] - Epoch: 30 | train acc: 0.9147, train loss: 5.02471418, valid acc: 0.9067, valid loss: 0.34157660, test acc: 0.9036, test loss: 0.31005120
[2026-06-20 00:37:14,880][root][INFO] - reg loss: 4.741771909425843, entropy loss: 0.11747176987382602, leaf dev: 0.12274706363677979
[2026-06-20 00:37:14,881][root][INFO] - Val leaf stats: tensor([0.0000e+00, 0.0000e+00, 3.3333e-04, 0.0000e+00, 2.0000e-02, 1.6667e-04,
        0.0000e+00, 0.0000e+00, 2.2867e-01, 3.1667e-02, 0.0000e+00, 0.0000e+00,
        3.9667e-02, 4.4600e-01, 1.7617e-01, 5.7333e-02])
[2026-06-20 00:38:17,487][root][INFO] - Epoch: 31 | train acc: 0.9223, train loss: 4.96995441, valid acc: 0.9080, valid loss: 0.33822998, test acc: 0.9066, test loss: 0.30316915
[2026-06-20 00:38:25,344][root][INFO] - reg loss: 4.716133279620476, entropy loss: 0.11650993977234049, leaf dev: 0.12075691670179367
[2026-06-20 00:38:25,345][root][INFO] - Val leaf stats: tensor([0.0000e+00, 0.0000e+00, 3.3333e-04, 0.0000e+00, 2.1333e-02, 1.6667e-04,
        0.0000e+00, 0.0000e+00, 2.2967e-01, 3.2000e-02, 0.0000e+00, 0.0000e+00,
        4.6000e-02, 4.3600e-01, 1.7767e-01, 5.6833e-02])
[2026-06-20 00:39:30,801][root][INFO] - Epoch: 32 | train acc: 0.9266, train loss: 4.97153475, valid acc: 0.9125, valid loss: 0.31836478, test acc: 0.9115, test loss: 0.29439399
[2026-06-20 00:39:39,308][root][INFO] - reg loss: 4.729863657141632, entropy loss: 0.11796287672137315, leaf dev: 0.11922595649957657
[2026-06-20 00:39:39,310][root][INFO] - Val leaf stats: tensor([0.0000e+00, 0.0000e+00, 3.3333e-04, 0.0000e+00, 2.3667e-02, 1.6667e-04,
        0.0000e+00, 0.0000e+00, 2.1383e-01, 3.3333e-02, 1.3333e-03, 6.6667e-04,
        5.3667e-02, 4.3517e-01, 1.8133e-01, 5.6500e-02])
[2026-06-20 00:40:44,262][root][INFO] - Epoch: 33 | train acc: 0.9268, train loss: 5.04308543, valid acc: 0.9053, valid loss: 0.33999221, test acc: 0.9072, test loss: 0.30818879
[2026-06-20 00:40:52,864][root][INFO] - reg loss: 4.799572836677983, entropy loss: 0.11066513480442874, leaf dev: 0.10393113642930984
[2026-06-20 00:40:52,865][root][INFO] - Val leaf stats: tensor([0.0000, 0.0000, 0.0013, 0.0000, 0.0420, 0.0010, 0.0000, 0.0000, 0.2258,
        0.0318, 0.0005, 0.0000, 0.0570, 0.3192, 0.2443, 0.0770])
[2026-06-20 00:42:00,875][root][INFO] - Epoch: 34 | train acc: 0.9300, train loss: 5.05302697, valid acc: 0.9145, valid loss: 0.31657736, test acc: 0.9142, test loss: 0.29231656
[2026-06-20 00:42:08,684][root][INFO] - reg loss: 4.816687925806585, entropy loss: 0.12043859704204325, leaf dev: 0.10292219370603561
[2026-06-20 00:42:08,685][root][INFO] - Val leaf stats: tensor([0.0000e+00, 0.0000e+00, 3.3333e-04, 0.0000e+00, 4.8167e-02, 1.5000e-03,
        0.0000e+00, 8.3333e-04, 2.2967e-01, 3.4333e-02, 1.0000e-03, 1.6667e-04,
        6.4167e-02, 3.3050e-01, 2.1517e-01, 7.4167e-02])
[2026-06-20 00:43:14,756][root][INFO] - Epoch: 35 | train acc: 0.9329, train loss: 5.05106290, valid acc: 0.9192, valid loss: 0.30760051, test acc: 0.9187, test loss: 0.28116270
[2026-06-20 00:43:23,751][root][INFO] - reg loss: 4.825246347571319, entropy loss: 0.1257948548585739, leaf dev: 0.1034289002418518
[2026-06-20 00:43:23,753][root][INFO] - Val leaf stats: tensor([0.0000e+00, 0.0000e+00, 8.3333e-04, 0.0000e+00, 4.3667e-02, 1.1667e-03,
        0.0000e+00, 0.0000e+00, 2.2850e-01, 3.6333e-02, 1.5000e-03, 1.6667e-04,
        7.3333e-02, 3.4000e-01, 2.0383e-01, 7.0667e-02])
[2026-06-20 00:44:38,445][root][INFO] - Epoch: 36 | train acc: 0.9360, train loss: 5.02433693, valid acc: 0.9185, valid loss: 0.29702164, test acc: 0.9192, test loss: 0.31501837
[2026-06-20 00:44:47,874][root][INFO] - reg loss: 4.812079596069624, entropy loss: 0.1260777458126815, leaf dev: 0.10311807692050934
[2026-06-20 00:44:47,875][root][INFO] - Val leaf stats: tensor([0.0000, 0.0000, 0.0015, 0.0000, 0.0475, 0.0023, 0.0000, 0.0000, 0.2180,
        0.0347, 0.0007, 0.0000, 0.0825, 0.3445, 0.2032, 0.0652])
[2026-06-20 00:46:05,743][root][INFO] - Epoch: 37 | train acc: 0.9357, train loss: 5.08570096, valid acc: 0.9140, valid loss: 0.32217466, test acc: 0.9173, test loss: 0.31750291
[2026-06-20 00:46:14,361][root][INFO] - reg loss: 4.8711718928139165, entropy loss: 0.1283526397398058, leaf dev: 0.10080917179584503
[2026-06-20 00:46:14,362][root][INFO] - Val leaf stats: tensor([0.0000e+00, 0.0000e+00, 3.1667e-03, 0.0000e+00, 8.7167e-02, 1.5000e-03,
        0.0000e+00, 1.6667e-04, 2.0500e-01, 3.7333e-02, 1.8333e-03, 0.0000e+00,
        6.7833e-02, 3.4183e-01, 1.9833e-01, 5.5833e-02])
[2026-06-20 00:47:27,942][root][INFO] - Epoch: 38 | train acc: 0.9393, train loss: 5.09581722, valid acc: 0.9172, valid loss: 0.29778559, test acc: 0.9209, test loss: 0.31488322
[2026-06-20 00:47:38,874][root][INFO] - reg loss: 4.892386081083766, entropy loss: 0.1321966881459614, leaf dev: 0.0975625142455101
[2026-06-20 00:47:38,876][root][INFO] - Val leaf stats: tensor([0.0000e+00, 0.0000e+00, 3.5000e-03, 0.0000e+00, 1.0917e-01, 3.0000e-03,
        0.0000e+00, 1.6667e-04, 2.1333e-01, 3.7500e-02, 1.3333e-03, 0.0000e+00,
        7.3000e-02, 3.2000e-01, 1.9067e-01, 4.8333e-02])
[2026-06-20 00:48:51,091][root][INFO] - Epoch: 39 | train acc: 0.9411, train loss: 5.09892652, valid acc: 0.9137, valid loss: 0.29829627, test acc: 0.9157, test loss: 0.33704313
[2026-06-20 00:49:00,966][root][INFO] - reg loss: 4.9051764596183345, entropy loss: 0.12009707184613876, leaf dev: 0.0982363373041153
[2026-06-20 00:49:00,967][root][INFO] - Val leaf stats: tensor([0.0000e+00, 0.0000e+00, 3.5000e-03, 0.0000e+00, 1.0633e-01, 2.8333e-03,
        0.0000e+00, 1.6667e-04, 2.7400e-01, 4.1833e-02, 2.5000e-03, 0.0000e+00,
        7.7500e-02, 2.9817e-01, 1.4917e-01, 4.4000e-02])
[2026-06-20 00:50:13,700][root][INFO] - Epoch: 40 | train acc: 0.9405, train loss: 5.15801419, valid acc: 0.9200, valid loss: 0.28554783, test acc: 0.9220, test loss: 0.31864857
[2026-06-20 00:50:24,116][root][INFO] - reg loss: 4.9597502474514945, entropy loss: 0.1314120630048356, leaf dev: 0.0996851697564125
[2026-06-20 00:50:24,118][root][INFO] - Val leaf stats: tensor([0.0000e+00, 0.0000e+00, 4.1667e-03, 0.0000e+00, 1.0750e-01, 2.8333e-03,
        0.0000e+00, 1.6667e-04, 2.4400e-01, 3.5667e-02, 1.8333e-03, 2.8333e-03,
        8.3000e-02, 3.2817e-01, 1.5217e-01, 3.7667e-02])
[2026-06-20 00:51:37,286][root][INFO] - Epoch: 41 | train acc: 0.9431, train loss: 5.08789179, valid acc: 0.9208, valid loss: 0.35909606, test acc: 0.9234, test loss: 0.30740939
[2026-06-20 00:51:46,941][root][INFO] - reg loss: 4.901197712376432, entropy loss: 0.12726901274807048, leaf dev: 0.10035604983568192
[2026-06-20 00:51:46,942][root][INFO] - Val leaf stats: tensor([0.0000e+00, 0.0000e+00, 5.3333e-03, 0.0000e+00, 1.0817e-01, 1.5000e-03,
        0.0000e+00, 1.6667e-04, 2.2800e-01, 3.4167e-02, 1.0000e-03, 1.5000e-03,
        8.8000e-02, 3.3950e-01, 1.5600e-01, 3.6667e-02])
[2026-06-20 00:53:03,246][root][INFO] - Epoch: 42 | train acc: 0.9448, train loss: 5.06957634, valid acc: 0.9215, valid loss: 0.43119190, test acc: 0.9262, test loss: 0.30148223
[2026-06-20 00:53:13,074][root][INFO] - reg loss: 4.890939959939921, entropy loss: 0.1245493862145352, leaf dev: 0.09801946580410004
[2026-06-20 00:53:13,076][root][INFO] - Val leaf stats: tensor([0.0000e+00, 0.0000e+00, 5.1667e-03, 0.0000e+00, 1.0383e-01, 5.0000e-03,
        0.0000e+00, 1.6667e-04, 2.2417e-01, 3.2000e-02, 1.3333e-03, 2.0000e-03,
        8.8333e-02, 3.2467e-01, 1.7200e-01, 4.1333e-02])
[2026-06-20 00:54:27,870][root][INFO] - Epoch: 43 | train acc: 0.9462, train loss: 5.03884128, valid acc: 0.9250, valid loss: 0.27881514, test acc: 0.9248, test loss: 0.30012796
[2026-06-20 00:54:37,756][root][INFO] - reg loss: 4.861777107670622, entropy loss: 0.1293272113884395, leaf dev: 0.0941830724477768
[2026-06-20 00:54:37,757][root][INFO] - Val leaf stats: tensor([0.0000e+00, 0.0000e+00, 5.0000e-03, 0.0000e+00, 1.5200e-01, 4.3333e-03,
        0.0000e+00, 1.6667e-04, 2.2200e-01, 3.5167e-02, 1.6667e-04, 0.0000e+00,
        8.9667e-02, 2.8267e-01, 1.8233e-01, 2.6500e-02])
[2026-06-20 00:55:53,599][root][INFO] - Epoch: 44 | train acc: 0.9487, train loss: 5.00749328, valid acc: 0.9235, valid loss: 0.28488359, test acc: 0.9246, test loss: 0.30446516
[2026-06-20 00:56:03,510][root][INFO] - reg loss: 4.836888398764269, entropy loss: 0.12611172046020347, leaf dev: 0.09379451721906662
[2026-06-20 00:56:03,511][root][INFO] - Val leaf stats: tensor([0.0000e+00, 0.0000e+00, 5.6667e-03, 0.0000e+00, 1.4533e-01, 3.5000e-03,
        0.0000e+00, 1.6667e-04, 2.2317e-01, 3.6667e-02, 1.6667e-04, 0.0000e+00,
        8.9667e-02, 2.7983e-01, 1.8700e-01, 2.8833e-02])
[2026-06-20 00:57:14,815][root][INFO] - Epoch: 45 | train acc: 0.9501, train loss: 5.00585682, valid acc: 0.9243, valid loss: 0.28660886, test acc: 0.9276, test loss: 0.29752867
[2026-06-20 00:57:23,038][root][INFO] - reg loss: 4.8392289359614535, entropy loss: 0.12418529461577253, leaf dev: 0.09338827431201935
[2026-06-20 00:57:23,039][root][INFO] - Val leaf stats: tensor([0.0000e+00, 0.0000e+00, 6.0000e-03, 0.0000e+00, 1.5233e-01, 3.8333e-03,
        0.0000e+00, 1.6667e-04, 2.1550e-01, 4.0500e-02, 3.3333e-04, 1.6667e-04,
        9.0833e-02, 2.8417e-01, 1.7967e-01, 2.6500e-02])
[2026-06-20 00:58:31,721][root][INFO] - Epoch: 46 | train acc: 0.9513, train loss: 5.00416937, valid acc: 0.9245, valid loss: 0.28945489, test acc: 0.9258, test loss: 0.30057471
[2026-06-20 00:58:39,395][root][INFO] - reg loss: 4.840845571373993, entropy loss: 0.12200076287647463, leaf dev: 0.09327994287014008
[2026-06-20 00:58:39,397][root][INFO] - Val leaf stats: tensor([0.0000e+00, 0.0000e+00, 6.0000e-03, 0.0000e+00, 1.5400e-01, 1.6667e-04,
        0.0000e+00, 1.6667e-04, 2.2500e-01, 4.3167e-02, 8.3333e-04, 5.0000e-04,
        9.0000e-02, 2.7717e-01, 1.7650e-01, 2.6500e-02])
[2026-06-20 00:59:37,972][root][INFO] - Epoch: 47 | train acc: 0.9518, train loss: 4.98754511, valid acc: 0.9245, valid loss: 0.43765853, test acc: 0.9268, test loss: 0.30398734
[2026-06-20 00:59:45,471][root][INFO] - reg loss: 4.825515661599501, entropy loss: 0.1185876801609993, leaf dev: 0.09435880929231644
[2026-06-20 00:59:45,472][root][INFO] - Val leaf stats: tensor([0.0000e+00, 0.0000e+00, 6.8333e-03, 0.0000e+00, 1.4850e-01, 0.0000e+00,
        0.0000e+00, 1.6667e-04, 2.2233e-01, 4.2833e-02, 8.3333e-04, 6.6667e-04,
        8.9667e-02, 2.9117e-01, 1.7083e-01, 2.6167e-02])
[2026-06-20 01:00:38,358][root][INFO] - Epoch: 48 | train acc: 0.9516, train loss: 4.98381889, valid acc: 0.9235, valid loss: 0.29100033, test acc: 0.9235, test loss: 0.31098995
[2026-06-20 01:00:45,530][root][INFO] - reg loss: 4.819362955273323, entropy loss: 0.1197897050318853, leaf dev: 0.09593095630407333
[2026-06-20 01:00:45,531][root][INFO] - Val leaf stats: tensor([0.0000e+00, 0.0000e+00, 6.1667e-03, 0.0000e+00, 1.6083e-01, 0.0000e+00,
        0.0000e+00, 1.6667e-04, 2.4167e-01, 2.3500e-02, 1.3333e-03, 2.5000e-03,
        8.7500e-02, 2.7583e-01, 1.7717e-01, 2.3333e-02])
[2026-06-20 01:01:40,596][root][INFO] - Epoch: 49 | train acc: 0.9517, train loss: 4.99497845, valid acc: 0.9263, valid loss: 0.42407373, test acc: 0.9276, test loss: 0.30003418
[2026-06-20 01:01:48,417][root][INFO] - reg loss: 4.831246708923915, entropy loss: 0.11947653316101937, leaf dev: 0.09418278187513351
[2026-06-20 01:01:48,418][root][INFO] - Val leaf stats: tensor([0.0000e+00, 0.0000e+00, 7.1667e-03, 0.0000e+00, 1.6317e-01, 0.0000e+00,
        0.0000e+00, 1.6667e-04, 2.1717e-01, 3.6833e-02, 8.3333e-04, 3.0000e-03,
        8.7000e-02, 2.8267e-01, 1.8000e-01, 2.2000e-02])
[2026-06-20 01:01:55,648][root][INFO] - Val leaf stats: tensor([0.0000e+00, 0.0000e+00, 7.1667e-03, 0.0000e+00, 1.6317e-01, 0.0000e+00,
        0.0000e+00, 1.6667e-04, 2.1717e-01, 3.6833e-02, 8.3333e-04, 3.0000e-03,
        8.7000e-02, 2.8267e-01, 1.8000e-01, 2.2000e-02])
[2026-06-20 01:02:05,140][root][INFO] - Test leaf std: 0.09392330795526505, Val leaf std: 0.09418278187513351
[2026-06-20 01:02:14,810][root][INFO] - FINAL TEST | acc: 0.9276, loss: 0.3000, 
