[2026-06-19 10:31:11,437][root][INFO] - MLFlow server is starting on LOCAL with experiment STM_all_iafff08_stdreg_seed...
[2026-06-19 10:31:11,996][root][INFO] - MLFlow run ID: 8568378422ad4d70b4f343924b975993, status: RUNNING
[2026-06-19 10:31:12,831][root][INFO] - Starting experiment IATrain...
[2026-06-19 10:31:38,018][root][INFO] - Epoch: 0 | train acc: 0.6770, train loss: 0.92605905, valid acc: 0.7844, valid loss: 0.62896997, test acc: 0.7981, test loss: 0.62998431
[2026-06-19 10:31:40,608][root][INFO] - reg loss: 16.177340875857723, entropy loss: 0.5604081879217158, leaf dev: 0.07878240197896957
[2026-06-19 10:31:40,616][root][INFO] - Val leaf stats: tensor([0.0625, 0.0032, 0.2528, 0.1340, 0.1842, 0.0080, 0.0014, 0.0012, 0.1373,
        0.0003, 0.0125, 0.1101, 0.0116, 0.0116, 0.0028, 0.0666])
[2026-06-19 10:32:04,137][root][INFO] - Epoch: 1 | train acc: 0.8247, train loss: 0.52146884, valid acc: 0.8027, valid loss: 0.56115788, test acc: 0.8206, test loss: 0.64683138
[2026-06-19 10:32:06,545][root][INFO] - reg loss: 11.660863079091229, entropy loss: 0.4881717129043801, leaf dev: 0.07346940785646439
[2026-06-19 10:32:06,546][root][INFO] - Val leaf stats: tensor([5.5566e-02, 2.8016e-03, 2.0303e-01, 1.5530e-01, 1.7426e-01, 2.4841e-02,
        1.1207e-03, 1.3074e-03, 7.6578e-02, 1.8678e-04, 3.9130e-02, 1.7613e-01,
        2.8016e-04, 5.2297e-03, 1.0086e-02, 7.4150e-02])
[2026-06-19 10:32:26,473][root][INFO] - Epoch: 2 | train acc: 0.8457, train loss: 0.45982254, valid acc: 0.7874, valid loss: 0.56474416, test acc: 0.7724, test loss: 0.62812604
[2026-06-19 10:32:29,073][root][INFO] - reg loss: 8.836374696600375, entropy loss: 0.4204323290201722, leaf dev: 0.07831956446170807
[2026-06-19 10:32:29,074][root][INFO] - Val leaf stats: tensor([4.5013e-02, 2.5215e-03, 1.2523e-01, 1.5624e-01, 1.9359e-01, 3.7168e-02,
        7.4710e-04, 9.3388e-04, 9.8524e-02, 2.9884e-03, 1.0207e-01, 2.3104e-01,
        3.7355e-04, 1.3074e-03, 2.0545e-03, 1.8678e-04])
[2026-06-19 10:32:53,062][root][INFO] - Epoch: 3 | train acc: 0.8601, train loss: 0.43551064, valid acc: 0.8669, valid loss: 0.40319735, test acc: 0.8672, test loss: 0.45230974
[2026-06-19 10:32:55,593][root][INFO] - reg loss: 8.7493498514569, entropy loss: 0.40071103371009625, leaf dev: 0.0700884759426117
[2026-06-19 10:32:55,594][root][INFO] - Val leaf stats: tensor([0.0557, 0.0043, 0.1592, 0.1527, 0.2010, 0.0162, 0.0025, 0.0007, 0.1003,
        0.0028, 0.0861, 0.1478, 0.0005, 0.0010, 0.0028, 0.0663])
[2026-06-19 10:33:20,266][root][INFO] - Epoch: 4 | train acc: 0.8385, train loss: 0.45200475, valid acc: 0.8663, valid loss: 0.40969070, test acc: 0.8659, test loss: 0.47927514
[2026-06-19 10:33:21,661][root][INFO] - reg loss: 7.6731306964127475, entropy loss: 0.3792397282110951, leaf dev: 0.07335265725851059
[2026-06-19 10:33:21,662][root][INFO] - Val leaf stats: tensor([4.2959e-02, 3.5487e-03, 1.1188e-01, 1.5904e-01, 1.6819e-01, 3.0818e-02,
        2.8950e-03, 2.7083e-03, 2.3842e-01, 8.1248e-03, 8.1154e-02, 7.8166e-02,
        1.8678e-04, 1.0273e-03, 2.5215e-03, 6.8360e-02])
[2026-06-19 10:33:44,775][root][INFO] - Epoch: 5 | train acc: 0.8885, train loss: 0.34770275, valid acc: 0.8146, valid loss: 0.52252037, test acc: 0.8370, test loss: 0.58476334
[2026-06-19 10:33:47,309][root][INFO] - reg loss: 7.157027300072725, entropy loss: 0.3598179151772191, leaf dev: 0.0917443037033081
[2026-06-19 10:33:47,310][root][INFO] - Val leaf stats: tensor([0.0397, 0.0016, 0.0208, 0.1455, 0.3070, 0.0163, 0.0024, 0.0005, 0.2331,
        0.0076, 0.0881, 0.0673, 0.0004, 0.0010, 0.0025, 0.0662])
[2026-06-19 10:34:09,745][root][INFO] - Epoch: 6 | train acc: 0.8996, train loss: 0.32292760, valid acc: 0.8783, valid loss: 0.35748469, test acc: 0.8604, test loss: 0.48015356
[2026-06-19 10:34:12,295][root][INFO] - reg loss: 6.9782199985766535, entropy loss: 0.3463404692670025, leaf dev: 0.06907370686531067
[2026-06-19 10:34:12,297][root][INFO] - Val leaf stats: tensor([0.0685, 0.0024, 0.1415, 0.1722, 0.1472, 0.0213, 0.0141, 0.0211, 0.2107,
        0.0049, 0.0516, 0.0739, 0.0006, 0.0010, 0.0028, 0.0664])
[2026-06-19 10:34:27,961][root][INFO] - Epoch: 7 | train acc: 0.8915, train loss: 0.33986605, valid acc: 0.8884, valid loss: 0.34900445, test acc: 0.8808, test loss: 0.37736910
[2026-06-19 10:34:29,781][root][INFO] - reg loss: 6.979252436804393, entropy loss: 0.3355680391902015, leaf dev: 0.08004411309957504
[2026-06-19 10:34:29,782][root][INFO] - Val leaf stats: tensor([0.1196, 0.0212, 0.2405, 0.2016, 0.1885, 0.0253, 0.0104, 0.0096, 0.0552,
        0.0003, 0.0239, 0.0322, 0.0010, 0.0009, 0.0039, 0.0658])
[2026-06-19 10:34:50,663][root][INFO] - Epoch: 8 | train acc: 0.9102, train loss: 0.28281033, valid acc: 0.9036, valid loss: 0.31023399, test acc: 0.8874, test loss: 0.39223344
[2026-06-19 10:34:52,397][root][INFO] - reg loss: 6.959115570815152, entropy loss: 0.3317061422993897, leaf dev: 0.06883137673139572
[2026-06-19 10:34:52,398][root][INFO] - Val leaf stats: tensor([0.1120, 0.0787, 0.1880, 0.2041, 0.1613, 0.0343, 0.0107, 0.0109, 0.0628,
        0.0006, 0.0293, 0.0356, 0.0009, 0.0010, 0.0041, 0.0657])
[2026-06-19 10:35:15,150][root][INFO] - Epoch: 9 | train acc: 0.8868, train loss: 0.40885029, valid acc: 0.8912, valid loss: 0.35559034, test acc: 0.8902, test loss: 0.47135593
[2026-06-19 10:35:17,857][root][INFO] - reg loss: 6.803145274914131, entropy loss: 0.3308472105119594, leaf dev: 0.07501746714115143
[2026-06-19 10:35:17,858][root][INFO] - Val leaf stats: tensor([0.0842, 0.0166, 0.1481, 0.1494, 0.2744, 0.0307, 0.0239, 0.0012, 0.0897,
        0.0017, 0.0427, 0.0634, 0.0007, 0.0012, 0.0044, 0.0675])
[2026-06-19 10:35:39,061][root][INFO] - Epoch: 10 | train acc: 0.9142, train loss: 0.27732613, valid acc: 0.8972, valid loss: 0.33620546, test acc: 0.8714, test loss: 0.56233798
[2026-06-19 10:35:41,633][root][INFO] - reg loss: 6.769702179722055, entropy loss: 0.3187858487563158, leaf dev: 0.07261908799409866
[2026-06-19 10:35:41,635][root][INFO] - Val leaf stats: tensor([8.4610e-02, 2.6429e-02, 2.1647e-01, 1.7576e-01, 1.9425e-01, 3.5581e-02,
        9.3388e-05, 5.6033e-04, 9.8338e-02, 2.1479e-03, 4.3519e-02, 5.5939e-02,
        8.4049e-04, 1.4942e-03, 4.3145e-02, 2.0826e-02])
[2026-06-19 10:36:01,442][root][INFO] - Epoch: 11 | train acc: 0.9201, train loss: 0.25673670, valid acc: 0.9097, valid loss: 0.29129384, test acc: 0.8834, test loss: 0.37795900
[2026-06-19 10:36:04,001][root][INFO] - reg loss: 6.343123398129902, entropy loss: 0.30674305432057253, leaf dev: 0.07317028194665909
[2026-06-19 10:36:04,002][root][INFO] - Val leaf stats: tensor([9.2921e-02, 1.3821e-02, 1.9929e-01, 1.9920e-01, 1.8706e-01, 3.1752e-02,
        1.8678e-04, 1.8678e-04, 1.0525e-01, 2.0545e-03, 4.4733e-02, 5.2017e-02,
        8.4049e-04, 1.0273e-03, 4.8468e-02, 2.1199e-02])
[2026-06-19 10:36:28,854][root][INFO] - Epoch: 12 | train acc: 0.9280, train loss: 0.23241591, valid acc: 0.9175, valid loss: 0.26985058, test acc: 0.8859, test loss: 0.51882777
[2026-06-19 10:36:32,279][root][INFO] - reg loss: 6.243922284040502, entropy loss: 0.30385552606885396, leaf dev: 0.07101516425609589
[2026-06-19 10:36:32,280][root][INFO] - Val leaf stats: tensor([0.0975, 0.0150, 0.1798, 0.1942, 0.1938, 0.0380, 0.0003, 0.0006, 0.1072,
        0.0011, 0.0491, 0.0512, 0.0007, 0.0010, 0.0487, 0.0218])
[2026-06-19 10:36:56,686][root][INFO] - Epoch: 13 | train acc: 0.9292, train loss: 0.22789535, valid acc: 0.9190, valid loss: 0.27107941, test acc: 0.8898, test loss: 0.56624201
[2026-06-19 10:36:58,517][root][INFO] - reg loss: 6.3848480169104525, entropy loss: 0.30687994442919575, leaf dev: 0.06694039702415466
[2026-06-19 10:36:58,519][root][INFO] - Val leaf stats: tensor([0.0919, 0.0339, 0.1899, 0.1970, 0.1614, 0.0418, 0.0059, 0.0083, 0.0987,
        0.0011, 0.0477, 0.0497, 0.0007, 0.0010, 0.0492, 0.0218])
[2026-06-19 10:37:19,711][root][INFO] - Epoch: 14 | train acc: 0.9375, train loss: 0.21213679, valid acc: 0.9237, valid loss: 0.25764500, test acc: 0.8930, test loss: 0.57075016
[2026-06-19 10:37:22,345][root][INFO] - reg loss: 6.3664535391267645, entropy loss: 0.3070395517916906, leaf dev: 0.06755057722330093
[2026-06-19 10:37:22,347][root][INFO] - Val leaf stats: tensor([0.1048, 0.0189, 0.1730, 0.1955, 0.1713, 0.0400, 0.0056, 0.0073, 0.1138,
        0.0019, 0.0475, 0.0487, 0.0008, 0.0010, 0.0491, 0.0207])
[2026-06-19 10:37:45,539][root][INFO] - Epoch: 15 | train acc: 0.9316, train loss: 0.22159229, valid acc: 0.9131, valid loss: 0.28815979, test acc: 0.8850, test loss: 0.72465914
[2026-06-19 10:37:47,485][root][INFO] - reg loss: 6.322418081697333, entropy loss: 0.3056256290150698, leaf dev: 0.06905116885900497
[2026-06-19 10:37:47,487][root][INFO] - Val leaf stats: tensor([0.0916, 0.0369, 0.2014, 0.1954, 0.1504, 0.0334, 0.0029, 0.0007, 0.1212,
        0.0026, 0.0434, 0.0473, 0.0008, 0.0010, 0.0500, 0.0208])
[2026-06-19 10:38:11,245][root][INFO] - Epoch: 16 | train acc: 0.9347, train loss: 0.21735679, valid acc: 0.9231, valid loss: 0.25780857, test acc: 0.8772, test loss: 0.75340597
[2026-06-19 10:38:14,238][root][INFO] - reg loss: 6.145310459944306, entropy loss: 0.3023682615113637, leaf dev: 0.06841131299734116
[2026-06-19 10:38:14,239][root][INFO] - Val leaf stats: tensor([0.0965, 0.0242, 0.1939, 0.1999, 0.1575, 0.0372, 0.0042, 0.0017, 0.1010,
        0.0022, 0.0524, 0.0542, 0.0007, 0.0010, 0.0524, 0.0212])
[2026-06-19 10:38:40,855][root][INFO] - Epoch: 17 | train acc: 0.9398, train loss: 0.19826520, valid acc: 0.9217, valid loss: 0.26549213, test acc: 0.8790, test loss: 0.65380750
[2026-06-19 10:38:43,736][root][INFO] - reg loss: 6.2572307132539295, entropy loss: 0.3044236813272749, leaf dev: 0.06842506676912308
[2026-06-19 10:38:43,737][root][INFO] - Val leaf stats: tensor([0.1040, 0.0198, 0.1942, 0.1999, 0.1579, 0.0451, 0.0051, 0.0042, 0.0928,
        0.0022, 0.0493, 0.0573, 0.0008, 0.0015, 0.0449, 0.0206])
[2026-06-19 10:39:10,450][root][INFO] - Epoch: 18 | train acc: 0.9427, train loss: 0.19475638, valid acc: 0.9254, valid loss: 0.25301055, test acc: 0.9030, test loss: 0.60655868
[2026-06-19 10:39:12,653][root][INFO] - reg loss: 6.224943388076055, entropy loss: 0.30338286281262755, leaf dev: 0.0681932345032692
[2026-06-19 10:39:12,655][root][INFO] - Val leaf stats: tensor([0.0742, 0.0329, 0.1849, 0.1878, 0.1801, 0.0242, 0.0058, 0.0054, 0.1138,
        0.0044, 0.0544, 0.0593, 0.0007, 0.0013, 0.0593, 0.0115])
[2026-06-19 10:39:37,693][root][INFO] - Epoch: 19 | train acc: 0.9423, train loss: 0.19392718, valid acc: 0.9290, valid loss: 0.24129187, test acc: 0.9028, test loss: 0.54563174
[2026-06-19 10:39:40,153][root][INFO] - reg loss: 6.171896969830549, entropy loss: 0.30257908109003906, leaf dev: 0.06876904517412186
[2026-06-19 10:39:40,155][root][INFO] - Val leaf stats: tensor([0.0785, 0.0247, 0.1885, 0.1897, 0.1818, 0.0354, 0.0030, 0.0011, 0.0999,
        0.0049, 0.0573, 0.0618, 0.0006, 0.0014, 0.0600, 0.0114])
[2026-06-19 10:40:01,037][root][INFO] - Epoch: 20 | train acc: 0.9444, train loss: 0.19126111, valid acc: 0.9071, valid loss: 0.30351182, test acc: 0.8862, test loss: 0.66424627
[2026-06-19 10:40:04,201][root][INFO] - reg loss: 6.119784304704615, entropy loss: 0.30059156673295157, leaf dev: 0.06779436022043228
[2026-06-19 10:40:04,202][root][INFO] - Val leaf stats: tensor([0.0772, 0.0148, 0.2171, 0.1730, 0.1547, 0.0399, 0.0019, 0.0010, 0.0909,
        0.0117, 0.0650, 0.0782, 0.0007, 0.0008, 0.0616, 0.0114])
[2026-06-19 10:40:32,000][root][INFO] - Epoch: 21 | train acc: 0.9415, train loss: 0.19481495, valid acc: 0.9251, valid loss: 0.25375801, test acc: 0.9051, test loss: 0.62100195
[2026-06-19 10:40:34,100][root][INFO] - reg loss: 6.126202835607781, entropy loss: 0.2962765072388624, leaf dev: 0.07105083018541336
[2026-06-19 10:40:34,102][root][INFO] - Val leaf stats: tensor([0.0852, 0.0196, 0.2177, 0.1919, 0.1656, 0.0255, 0.0025, 0.0008, 0.0749,
        0.0097, 0.0673, 0.0632, 0.0007, 0.0013, 0.0627, 0.0114])
[2026-06-19 10:41:01,761][root][INFO] - Epoch: 22 | train acc: 0.9342, train loss: 0.22872749, valid acc: 0.8962, valid loss: 0.33012318, test acc: 0.8758, test loss: 0.63711739
[2026-06-19 10:41:04,323][root][INFO] - reg loss: 5.9277302297965555, entropy loss: 0.2825912481577939, leaf dev: 0.07114289700984955
[2026-06-19 10:41:04,325][root][INFO] - Val leaf stats: tensor([0.0617, 0.0534, 0.1969, 0.2154, 0.1743, 0.0358, 0.0042, 0.0012, 0.0789,
        0.0044, 0.0530, 0.0449, 0.0008, 0.0024, 0.0612, 0.0115])
[2026-06-19 10:41:29,862][root][INFO] - Epoch: 23 | train acc: 0.9378, train loss: 0.20857928, valid acc: 0.9174, valid loss: 0.26688511, test acc: 0.8905, test loss: 0.63810458
[2026-06-19 10:41:32,718][root][INFO] - reg loss: 5.75587003697794, entropy loss: 0.2717149766980025, leaf dev: 0.06667325645685196
[2026-06-19 10:41:32,719][root][INFO] - Val leaf stats: tensor([0.0785, 0.0509, 0.1591, 0.2124, 0.1730, 0.0290, 0.0033, 0.0009, 0.0843,
        0.0068, 0.0488, 0.0755, 0.0007, 0.0030, 0.0620, 0.0118])
[2026-06-19 10:42:03,334][root][INFO] - Epoch: 24 | train acc: 0.9378, train loss: 0.21000129, valid acc: 0.9116, valid loss: 0.29956893, test acc: 0.8864, test loss: 0.79345977
[2026-06-19 10:42:06,213][root][INFO] - reg loss: 5.695185467048928, entropy loss: 0.2616144513326978, leaf dev: 0.07110653817653656
[2026-06-19 10:42:06,215][root][INFO] - Val leaf stats: tensor([0.0624, 0.1269, 0.1575, 0.2141, 0.1698, 0.0284, 0.0037, 0.0017, 0.1155,
        0.0145, 0.0218, 0.0065, 0.0007, 0.0031, 0.0619, 0.0116])
[2026-06-19 10:42:25,881][root][INFO] - Epoch: 25 | train acc: 0.9323, train loss: 0.22527792, valid acc: 0.9192, valid loss: 0.26413602, test acc: 0.8902, test loss: 0.60113746
[2026-06-19 10:42:28,774][root][INFO] - reg loss: 5.555962988939235, entropy loss: 0.2481476616449457, leaf dev: 0.07301509380340576
[2026-06-19 10:42:28,775][root][INFO] - Val leaf stats: tensor([0.0793, 0.1054, 0.1770, 0.2179, 0.1831, 0.0276, 0.0061, 0.0042, 0.0869,
        0.0157, 0.0158, 0.0044, 0.0012, 0.0032, 0.0609, 0.0113])
[2026-06-19 10:42:57,019][root][INFO] - Epoch: 26 | train acc: 0.9402, train loss: 0.19692854, valid acc: 0.9215, valid loss: 0.25413296, test acc: 0.8951, test loss: 0.79481196
[2026-06-19 10:42:59,629][root][INFO] - reg loss: 5.6786965112837535, entropy loss: 0.24915527177866173, leaf dev: 0.07286485284566879
[2026-06-19 10:42:59,630][root][INFO] - Val leaf stats: tensor([0.0652, 0.0409, 0.1735, 0.1930, 0.1889, 0.0277, 0.0067, 0.0056, 0.1641,
        0.0171, 0.0294, 0.0078, 0.0008, 0.0038, 0.0633, 0.0120])
[2026-06-19 10:43:29,015][root][INFO] - Epoch: 27 | train acc: 0.9447, train loss: 0.18606182, valid acc: 0.9261, valid loss: 0.24557727, test acc: 0.8999, test loss: 0.53456950
[2026-06-19 10:43:32,891][root][INFO] - reg loss: 5.750829456975221, entropy loss: 0.25145841433257654, leaf dev: 0.07351076602935791
[2026-06-19 10:43:32,892][root][INFO] - Val leaf stats: tensor([0.0845, 0.0638, 0.2078, 0.2129, 0.1691, 0.0272, 0.0087, 0.0055, 0.0985,
        0.0154, 0.0211, 0.0075, 0.0009, 0.0038, 0.0615, 0.0117])
[2026-06-19 10:44:04,978][root][INFO] - Epoch: 28 | train acc: 0.9327, train loss: 0.23046334, valid acc: 0.8918, valid loss: 0.36195384, test acc: 0.8882, test loss: 0.81493593
[2026-06-19 10:44:07,838][root][INFO] - reg loss: 5.699104379724573, entropy loss: 0.25101922373607677, leaf dev: 0.07215508818626404
[2026-06-19 10:44:07,839][root][INFO] - Val leaf stats: tensor([4.5854e-02, 1.1300e-02, 3.9223e-02, 2.0854e-01, 1.7155e-01, 3.0351e-02,
        2.7083e-03, 1.3074e-03, 1.9481e-01, 2.6335e-02, 5.5006e-02, 1.3000e-01,
        1.8678e-04, 4.6694e-03, 6.4905e-02, 1.3261e-02])
[2026-06-19 10:44:39,532][root][INFO] - Epoch: 29 | train acc: 0.9206, train loss: 0.26457583, valid acc: 0.8973, valid loss: 0.37376020, test acc: 0.8626, test loss: 0.70376910
[2026-06-19 10:44:42,825][root][INFO] - reg loss: 5.726660196112578, entropy loss: 0.24471996283089673, leaf dev: 0.07470515370368958
[2026-06-19 10:44:42,827][root][INFO] - Val leaf stats: tensor([0.1024, 0.1661, 0.0523, 0.2233, 0.2095, 0.0295, 0.0031, 0.0007, 0.0757,
        0.0088, 0.0306, 0.0236, 0.0006, 0.0048, 0.0576, 0.0114])
[2026-06-19 10:45:13,479][root][INFO] - Epoch: 30 | train acc: 0.9293, train loss: 0.24169054, valid acc: 0.9187, valid loss: 0.27684521, test acc: 0.9016, test loss: 0.43891900
[2026-06-19 10:45:17,515][root][INFO] - reg loss: 5.452990574811501, entropy loss: 0.23527216272694723, leaf dev: 0.0731884241104126
[2026-06-19 10:45:17,516][root][INFO] - Val leaf stats: tensor([0.1034, 0.1335, 0.0954, 0.2422, 0.1859, 0.0274, 0.0046, 0.0015, 0.0757,
        0.0083, 0.0411, 0.0035, 0.0007, 0.0052, 0.0597, 0.0118])
[2026-06-19 10:45:48,725][root][INFO] - Epoch: 31 | train acc: 0.9396, train loss: 0.21148232, valid acc: 0.9217, valid loss: 0.27640981, test acc: 0.9014, test loss: 0.41569419
[2026-06-19 10:45:52,223][root][INFO] - reg loss: 5.474784661853124, entropy loss: 0.23835604980824485, leaf dev: 0.07221751660108566
[2026-06-19 10:45:52,224][root][INFO] - Val leaf stats: tensor([0.0925, 0.1488, 0.0878, 0.2330, 0.1917, 0.0329, 0.0081, 0.0067, 0.0689,
        0.0091, 0.0374, 0.0029, 0.0004, 0.0074, 0.0604, 0.0120])
[2026-06-19 10:46:25,048][root][INFO] - Epoch: 32 | train acc: 0.9406, train loss: 0.20669901, valid acc: 0.9160, valid loss: 0.28075263, test acc: 0.8903, test loss: 0.46074158
[2026-06-19 10:46:28,949][root][INFO] - reg loss: 5.403491981445797, entropy loss: 0.23704226882684798, leaf dev: 0.07092923671007156
[2026-06-19 10:46:28,950][root][INFO] - Val leaf stats: tensor([0.0934, 0.1390, 0.1153, 0.2185, 0.1936, 0.0211, 0.0090, 0.0032, 0.0727,
        0.0097, 0.0390, 0.0028, 0.0007, 0.0089, 0.0610, 0.0120])
[2026-06-19 10:47:01,239][root][INFO] - Epoch: 33 | train acc: 0.9448, train loss: 0.18968784, valid acc: 0.9269, valid loss: 0.25437512, test acc: 0.9070, test loss: 0.41180850
[2026-06-19 10:47:04,599][root][INFO] - reg loss: 5.339456580934071, entropy loss: 0.23274464747577747, leaf dev: 0.06768836081027985
[2026-06-19 10:47:04,600][root][INFO] - Val leaf stats: tensor([0.0872, 0.1445, 0.1154, 0.2125, 0.1789, 0.0374, 0.0101, 0.0046, 0.0708,
        0.0098, 0.0388, 0.0027, 0.0009, 0.0129, 0.0618, 0.0117])
[2026-06-19 10:47:40,783][root][INFO] - Epoch: 34 | train acc: 0.9491, train loss: 0.17677858, valid acc: 0.9282, valid loss: 0.24710502, test acc: 0.9073, test loss: 0.44224168
[2026-06-19 10:47:44,621][root][INFO] - reg loss: 5.416526380670134, entropy loss: 0.23398715778002663, leaf dev: 0.06600131094455719
[2026-06-19 10:47:44,622][root][INFO] - Val leaf stats: tensor([0.0855, 0.1341, 0.1228, 0.2096, 0.1731, 0.0435, 0.0098, 0.0044, 0.0722,
        0.0112, 0.0450, 0.0036, 0.0007, 0.0097, 0.0629, 0.0118])
[2026-06-19 10:48:16,483][root][INFO] - Epoch: 35 | train acc: 0.9516, train loss: 0.16638799, valid acc: 0.9315, valid loss: 0.23491692, test acc: 0.9084, test loss: 0.55376165
[2026-06-19 10:48:20,632][root][INFO] - reg loss: 5.411050879766071, entropy loss: 0.23242182028356684, leaf dev: 0.06682515889406204
[2026-06-19 10:48:20,634][root][INFO] - Val leaf stats: tensor([0.0863, 0.1349, 0.1243, 0.2105, 0.1748, 0.0429, 0.0056, 0.0030, 0.0726,
        0.0119, 0.0439, 0.0041, 0.0006, 0.0091, 0.0639, 0.0119])
[2026-06-19 10:48:56,736][root][INFO] - Epoch: 36 | train acc: 0.9509, train loss: 0.17053606, valid acc: 0.9217, valid loss: 0.27880012, test acc: 0.8819, test loss: 0.79904501
[2026-06-19 10:49:00,499][root][INFO] - reg loss: 5.376663949754503, entropy loss: 0.22740992438540888, leaf dev: 0.07609716057777405
[2026-06-19 10:49:00,500][root][INFO] - Val leaf stats: tensor([0.1158, 0.1332, 0.1280, 0.2366, 0.1959, 0.0242, 0.0073, 0.0036, 0.0464,
        0.0054, 0.0188, 0.0023, 0.0007, 0.0062, 0.0642, 0.0115])
[2026-06-19 10:49:33,647][root][INFO] - Epoch: 37 | train acc: 0.9470, train loss: 0.18454325, valid acc: 0.9291, valid loss: 0.24917903, test acc: 0.9007, test loss: 0.63535151
[2026-06-19 10:49:37,169][root][INFO] - reg loss: 5.357529052350887, entropy loss: 0.22479028219268435, leaf dev: 0.07485398650169373
[2026-06-19 10:49:37,171][root][INFO] - Val leaf stats: tensor([0.1060, 0.1449, 0.1348, 0.2228, 0.1964, 0.0261, 0.0056, 0.0021, 0.0504,
        0.0064, 0.0206, 0.0024, 0.0006, 0.0058, 0.0634, 0.0115])
[2026-06-19 10:50:07,511][root][INFO] - Epoch: 38 | train acc: 0.9399, train loss: 0.20100842, valid acc: 0.9173, valid loss: 0.26811633, test acc: 0.9039, test loss: 0.65828286
[2026-06-19 10:50:11,608][root][INFO] - reg loss: 5.233017886126483, entropy loss: 0.21953262081221928, leaf dev: 0.08800387382507324
[2026-06-19 10:50:11,609][root][INFO] - Val leaf stats: tensor([0.0763, 0.0289, 0.2746, 0.2256, 0.1935, 0.0252, 0.0078, 0.0027, 0.0554,
        0.0068, 0.0205, 0.0031, 0.0007, 0.0053, 0.0623, 0.0114])
[2026-06-19 10:50:44,204][root][INFO] - Epoch: 39 | train acc: 0.9422, train loss: 0.19003433, valid acc: 0.9171, valid loss: 0.27196025, test acc: 0.9059, test loss: 0.62871470
[2026-06-19 10:50:48,145][root][INFO] - reg loss: 5.240550104272429, entropy loss: 0.21445516926586314, leaf dev: 0.08280425518751144
[2026-06-19 10:50:48,147][root][INFO] - Val leaf stats: tensor([0.0742, 0.0262, 0.2352, 0.2402, 0.1920, 0.0281, 0.0093, 0.0234, 0.0577,
        0.0081, 0.0233, 0.0035, 0.0006, 0.0052, 0.0614, 0.0115])
[2026-06-19 10:51:19,993][root][INFO] - Epoch: 40 | train acc: 0.9447, train loss: 0.17984302, valid acc: 0.9222, valid loss: 0.25378763, test acc: 0.9057, test loss: 0.60629838
[2026-06-19 10:51:23,968][root][INFO] - reg loss: 5.249041625431606, entropy loss: 0.21671690354271542, leaf dev: 0.08518771082162857
[2026-06-19 10:51:23,969][root][INFO] - Val leaf stats: tensor([0.0741, 0.0270, 0.2648, 0.2251, 0.1867, 0.0277, 0.0118, 0.0042, 0.0604,
        0.0077, 0.0252, 0.0035, 0.0008, 0.0056, 0.0640, 0.0116])
[2026-06-19 10:51:55,587][root][INFO] - Epoch: 41 | train acc: 0.9468, train loss: 0.17426846, valid acc: 0.9224, valid loss: 0.26304774, test acc: 0.8824, test loss: 1.10686073
[2026-06-19 10:51:59,818][root][INFO] - reg loss: 5.181776748132453, entropy loss: 0.21253598099032406, leaf dev: 0.08575764298439026
[2026-06-19 10:51:59,820][root][INFO] - Val leaf stats: tensor([0.0834, 0.0161, 0.2692, 0.2192, 0.1895, 0.0293, 0.0103, 0.0024, 0.0576,
        0.0106, 0.0268, 0.0041, 0.0007, 0.0076, 0.0620, 0.0113])
[2026-06-19 10:52:33,097][root][INFO] - Epoch: 42 | train acc: 0.9478, train loss: 0.17345632, valid acc: 0.9260, valid loss: 0.24385328, test acc: 0.8819, test loss: 1.07055248
[2026-06-19 10:52:36,983][root][INFO] - reg loss: 5.211783522651309, entropy loss: 0.20110757719902767, leaf dev: 0.08439096063375473
[2026-06-19 10:52:36,984][root][INFO] - Val leaf stats: tensor([0.0808, 0.0176, 0.2636, 0.2196, 0.1870, 0.0280, 0.0134, 0.0057, 0.0649,
        0.0103, 0.0275, 0.0057, 0.0008, 0.0044, 0.0595, 0.0112])
[2026-06-19 10:53:10,367][root][INFO] - Epoch: 43 | train acc: 0.9492, train loss: 0.16611665, valid acc: 0.9270, valid loss: 0.25397032, test acc: 0.8832, test loss: 1.13064107
[2026-06-19 10:53:14,549][root][INFO] - reg loss: 5.211582809528976, entropy loss: 0.20035939344338008, leaf dev: 0.08282522112131119
[2026-06-19 10:53:14,550][root][INFO] - Val leaf stats: tensor([0.0790, 0.0170, 0.2560, 0.2177, 0.1881, 0.0280, 0.0149, 0.0070, 0.0664,
        0.0085, 0.0305, 0.0050, 0.0016, 0.0064, 0.0626, 0.0113])
[2026-06-19 10:53:49,423][root][INFO] - Epoch: 44 | train acc: 0.9491, train loss: 0.16425706, valid acc: 0.9265, valid loss: 0.24758374, test acc: 0.8843, test loss: 1.31286231
[2026-06-19 10:53:53,450][root][INFO] - reg loss: 5.318805220265868, entropy loss: 0.20052309854636116, leaf dev: 0.07738327980041504
[2026-06-19 10:53:53,451][root][INFO] - Val leaf stats: tensor([0.0698, 0.0135, 0.2338, 0.2082, 0.1781, 0.0274, 0.0124, 0.0096, 0.1052,
        0.0103, 0.0360, 0.0136, 0.0004, 0.0094, 0.0609, 0.0115])
[2026-06-19 10:54:20,005][root][INFO] - Epoch: 45 | train acc: 0.9508, train loss: 0.16229073, valid acc: 0.9301, valid loss: 0.23491544, test acc: 0.9086, test loss: 0.72349798
[2026-06-19 10:54:23,762][root][INFO] - reg loss: 5.371903651605838, entropy loss: 0.19896221594520347, leaf dev: 0.07944147288799286
[2026-06-19 10:54:23,763][root][INFO] - Val leaf stats: tensor([0.0671, 0.0134, 0.2473, 0.2088, 0.1851, 0.0291, 0.0134, 0.0076, 0.0750,
        0.0106, 0.0447, 0.0135, 0.0004, 0.0064, 0.0653, 0.0122])
[2026-06-19 10:54:53,338][root][INFO] - Epoch: 46 | train acc: 0.9530, train loss: 0.15468660, valid acc: 0.9310, valid loss: 0.23214335, test acc: 0.8989, test loss: 0.81148872
[2026-06-19 10:54:57,188][root][INFO] - reg loss: 5.3867318768980645, entropy loss: 0.19796546008536425, leaf dev: 0.07926960289478302
[2026-06-19 10:54:57,190][root][INFO] - Val leaf stats: tensor([0.0676, 0.0142, 0.2520, 0.2174, 0.1680, 0.0392, 0.0128, 0.0085, 0.0686,
        0.0103, 0.0456, 0.0145, 0.0005, 0.0063, 0.0629, 0.0118])
[2026-06-19 10:55:25,786][root][INFO] - Epoch: 47 | train acc: 0.9497, train loss: 0.16924891, valid acc: 0.9256, valid loss: 0.25767259, test acc: 0.9065, test loss: 0.71090622
[2026-06-19 10:55:27,928][root][INFO] - reg loss: 5.356774806976318, entropy loss: 0.19726395622763054, leaf dev: 0.07898309826850891
[2026-06-19 10:55:27,929][root][INFO] - Val leaf stats: tensor([0.0683, 0.0162, 0.2211, 0.2084, 0.2155, 0.0404, 0.0106, 0.0106, 0.0661,
        0.0109, 0.0418, 0.0084, 0.0004, 0.0064, 0.0632, 0.0114])
[2026-06-19 10:55:59,272][root][INFO] - Epoch: 48 | train acc: 0.9507, train loss: 0.16566183, valid acc: 0.9256, valid loss: 0.25940642, test acc: 0.8911, test loss: 0.82940266
[2026-06-19 10:56:01,645][root][INFO] - reg loss: 5.291891246876388, entropy loss: 0.19748427990883116, leaf dev: 0.0801772028207779
[2026-06-19 10:56:01,647][root][INFO] - Val leaf stats: tensor([0.0697, 0.0171, 0.2272, 0.2100, 0.2147, 0.0362, 0.0101, 0.0028, 0.0680,
        0.0112, 0.0343, 0.0192, 0.0005, 0.0060, 0.0642, 0.0089])
[2026-06-19 10:56:28,214][root][INFO] - Epoch: 49 | train acc: 0.9507, train loss: 0.16265207, valid acc: 0.9293, valid loss: 0.24154079, test acc: 0.9102, test loss: 0.71077794
[2026-06-19 10:56:30,589][root][INFO] - reg loss: 5.1958607769517045, entropy loss: 0.1932029960647462, leaf dev: 0.07874345034360886
[2026-06-19 10:56:30,590][root][INFO] - Val leaf stats: tensor([0.0670, 0.0335, 0.2456, 0.2119, 0.1767, 0.0356, 0.0122, 0.0064, 0.0685,
        0.0125, 0.0388, 0.0102, 0.0005, 0.0063, 0.0742, 0.0003])
[2026-06-19 10:56:33,099][root][INFO] - Val leaf stats: tensor([0.0670, 0.0335, 0.2456, 0.2119, 0.1767, 0.0356, 0.0122, 0.0064, 0.0685,
        0.0125, 0.0388, 0.0102, 0.0005, 0.0063, 0.0742, 0.0003])
[2026-06-19 10:56:38,499][root][INFO] - Test leaf std: 0.08770354092121124, Val leaf std: 0.07874345034360886
[2026-06-19 10:56:42,322][root][INFO] - FINAL TEST | acc: 0.9102, loss: 0.7108, 
