[2026-06-20 01:54:56,173][root][INFO] - MLFlow server is starting on LOCAL with experiment STM_all_iafff08_stdreg_seed...
[2026-06-20 01:54:56,214][root][INFO] - MLFlow run ID: d4501160109a461185a571f0c169fed9, status: RUNNING
[2026-06-20 01:54:56,346][root][INFO] - Starting experiment IATrain...
[2026-06-20 01:56:02,749][root][INFO] - Epoch: 0 | train acc: 0.3578, train loss: 13.66895807, valid acc: 0.4922, valid loss: 1.53327217, test acc: 0.4979, test loss: 1.53770660
[2026-06-20 01:56:11,522][root][INFO] - reg loss: 5.924828371911679, entropy loss: 0.22740179651750708, leaf dev: 0.21182173490524292
[2026-06-20 01:56:11,523][root][INFO] - Val leaf stats: tensor([0.0000, 0.0000, 0.0000, 0.0000, 0.0000, 0.0000, 0.0000, 0.0000, 0.0000,
        0.0000, 0.8432, 0.0000, 0.0000, 0.1568, 0.0000, 0.0000])
[2026-06-20 01:57:16,606][root][INFO] - Epoch: 1 | train acc: 0.7173, train loss: 12.49735964, valid acc: 0.7065, valid loss: 0.94784675, test acc: 0.7167, test loss: 0.93724864
[2026-06-20 01:57:25,955][root][INFO] - reg loss: 5.7512041577753035, entropy loss: 0.19914194168347232, leaf dev: 0.17207331955432892
[2026-06-20 01:57:25,956][root][INFO] - Val leaf stats: tensor([0.0000, 0.0000, 0.0000, 0.0000, 0.0035, 0.0000, 0.0000, 0.0000, 0.0000,
        0.0000, 0.3208, 0.0417, 0.0000, 0.6340, 0.0000, 0.0000])
[2026-06-20 01:58:30,806][root][INFO] - Epoch: 2 | train acc: 0.8278, train loss: 11.48946947, valid acc: 0.8157, valid loss: 0.72401711, test acc: 0.8305, test loss: 0.67728998
[2026-06-20 01:58:39,313][root][INFO] - reg loss: 5.403220257669125, entropy loss: 0.1793472135685525, leaf dev: 0.16527827084064484
[2026-06-20 01:58:39,314][root][INFO] - Val leaf stats: tensor([0.0000, 0.0000, 0.0000, 0.0000, 0.0147, 0.0000, 0.0000, 0.0000, 0.0000,
        0.0000, 0.2487, 0.1048, 0.0000, 0.6318, 0.0000, 0.0000])
[2026-06-20 01:59:46,405][root][INFO] - Epoch: 3 | train acc: 0.8521, train loss: 10.69334635, valid acc: 0.8485, valid loss: 0.54168069, test acc: 0.8558, test loss: 0.51631894
[2026-06-20 01:59:54,246][root][INFO] - reg loss: 5.079182953204748, entropy loss: 0.16841896792065422, leaf dev: 0.17123724520206451
[2026-06-20 01:59:54,247][root][INFO] - Val leaf stats: tensor([0.0000e+00, 0.0000e+00, 0.0000e+00, 0.0000e+00, 1.6667e-04, 0.0000e+00,
        0.0000e+00, 0.0000e+00, 0.0000e+00, 0.0000e+00, 2.3833e-01, 1.0183e-01,
        0.0000e+00, 6.5967e-01, 0.0000e+00, 0.0000e+00])
[2026-06-20 02:01:01,886][root][INFO] - Epoch: 4 | train acc: 0.8606, train loss: 10.34690152, valid acc: 0.8488, valid loss: 0.52394723, test acc: 0.8607, test loss: 0.48522969
[2026-06-20 02:01:08,922][root][INFO] - reg loss: 4.935199265210134, entropy loss: 0.16331736996488752, leaf dev: 0.1630973517894745
[2026-06-20 02:01:08,924][root][INFO] - Val leaf stats: tensor([0.0000e+00, 0.0000e+00, 0.0000e+00, 0.0000e+00, 1.6667e-04, 0.0000e+00,
        0.0000e+00, 0.0000e+00, 0.0000e+00, 0.0000e+00, 2.7167e-01, 1.1650e-01,
        0.0000e+00, 6.1167e-01, 0.0000e+00, 0.0000e+00])
[2026-06-20 02:02:14,919][root][INFO] - Epoch: 5 | train acc: 0.8721, train loss: 10.17868365, valid acc: 0.8608, valid loss: 0.47983667, test acc: 0.8681, test loss: 0.45652728
[2026-06-20 02:02:23,822][root][INFO] - reg loss: 4.873905411306417, entropy loss: 0.16087335263783076, leaf dev: 0.16988061368465424
[2026-06-20 02:02:23,823][root][INFO] - Val leaf stats: tensor([0.0000e+00, 0.0000e+00, 0.0000e+00, 0.0000e+00, 1.6667e-04, 0.0000e+00,
        0.0000e+00, 0.0000e+00, 0.0000e+00, 0.0000e+00, 2.5200e-01, 9.8000e-02,
        0.0000e+00, 6.4983e-01, 0.0000e+00, 0.0000e+00])
[2026-06-20 02:03:33,186][root][INFO] - Epoch: 6 | train acc: 0.8603, train loss: 10.24943698, valid acc: 0.8522, valid loss: 0.50664760, test acc: 0.8529, test loss: 0.49811877
[2026-06-20 02:03:40,406][root][INFO] - reg loss: 4.893996980955016, entropy loss: 0.15936372963325032, leaf dev: 0.17376898229122162
[2026-06-20 02:03:40,407][root][INFO] - Val leaf stats: tensor([0.0000e+00, 0.0000e+00, 0.0000e+00, 0.0000e+00, 1.6667e-04, 0.0000e+00,
        0.0000e+00, 0.0000e+00, 0.0000e+00, 0.0000e+00, 2.1450e-01, 1.0850e-01,
        0.0000e+00, 6.7650e-01, 3.3333e-04, 0.0000e+00])
[2026-06-20 02:04:46,024][root][INFO] - Epoch: 7 | train acc: 0.8783, train loss: 9.93596150, valid acc: 0.8588, valid loss: 0.46978408, test acc: 0.8652, test loss: 0.45227562
[2026-06-20 02:04:54,792][root][INFO] - reg loss: 4.764597816287346, entropy loss: 0.15283579112223858, leaf dev: 0.17091235518455505
[2026-06-20 02:04:54,793][root][INFO] - Val leaf stats: tensor([0.0000e+00, 0.0000e+00, 0.0000e+00, 0.0000e+00, 5.0000e-04, 0.0000e+00,
        0.0000e+00, 0.0000e+00, 0.0000e+00, 0.0000e+00, 2.4000e-01, 1.0050e-01,
        0.0000e+00, 6.5800e-01, 1.0000e-03, 0.0000e+00])
[2026-06-20 02:06:04,142][root][INFO] - Epoch: 8 | train acc: 0.8859, train loss: 9.95242260, valid acc: 0.8600, valid loss: 0.45320655, test acc: 0.8693, test loss: 0.44091610
[2026-06-20 02:06:12,759][root][INFO] - reg loss: 4.784840894195269, entropy loss: 0.15192979475799598, leaf dev: 0.16860200464725494
[2026-06-20 02:06:12,760][root][INFO] - Val leaf stats: tensor([0.0000e+00, 0.0000e+00, 0.0000e+00, 0.0000e+00, 5.0000e-04, 0.0000e+00,
        0.0000e+00, 0.0000e+00, 0.0000e+00, 0.0000e+00, 2.4200e-01, 1.0300e-01,
        6.1667e-03, 6.4783e-01, 5.0000e-04, 0.0000e+00])
[2026-06-20 02:07:17,150][root][INFO] - Epoch: 9 | train acc: 0.8907, train loss: 9.83910207, valid acc: 0.8642, valid loss: 0.44436326, test acc: 0.8689, test loss: 0.43950691
[2026-06-20 02:07:26,080][root][INFO] - reg loss: 4.737834525558184, entropy loss: 0.14830369713171473, leaf dev: 0.1692221760749817
[2026-06-20 02:07:26,081][root][INFO] - Val leaf stats: tensor([0.0000e+00, 0.0000e+00, 0.0000e+00, 0.0000e+00, 1.6667e-04, 0.0000e+00,
        0.0000e+00, 0.0000e+00, 0.0000e+00, 0.0000e+00, 2.4000e-01, 1.0300e-01,
        5.6667e-03, 6.5100e-01, 1.6667e-04, 0.0000e+00])
[2026-06-20 02:08:31,096][root][INFO] - Epoch: 10 | train acc: 0.8901, train loss: 9.82072973, valid acc: 0.8605, valid loss: 0.46130578, test acc: 0.8660, test loss: 0.44435245
[2026-06-20 02:08:38,383][root][INFO] - reg loss: 4.728966586994675, entropy loss: 0.14783191048311736, leaf dev: 0.16427560150623322
[2026-06-20 02:08:38,385][root][INFO] - Val leaf stats: tensor([0.0000, 0.0000, 0.0000, 0.0000, 0.0000, 0.0000, 0.0000, 0.0000, 0.0000,
        0.0000, 0.2493, 0.1128, 0.0102, 0.6263, 0.0013, 0.0000])
[2026-06-20 02:09:47,493][root][INFO] - Epoch: 11 | train acc: 0.8988, train loss: 9.87929717, valid acc: 0.8638, valid loss: 0.44432965, test acc: 0.8688, test loss: 0.44491111
[2026-06-20 02:09:56,290][root][INFO] - reg loss: 4.765412150688891, entropy loss: 0.1484962912662974, leaf dev: 0.16239944100379944
[2026-06-20 02:09:56,291][root][INFO] - Val leaf stats: tensor([0.0000, 0.0000, 0.0000, 0.0000, 0.0000, 0.0000, 0.0000, 0.0000, 0.0000,
        0.0000, 0.2455, 0.1080, 0.0122, 0.6212, 0.0132, 0.0000])
[2026-06-20 02:11:01,080][root][INFO] - Epoch: 12 | train acc: 0.9032, train loss: 9.80926668, valid acc: 0.8627, valid loss: 0.43807900, test acc: 0.8677, test loss: 0.44855864
[2026-06-20 02:11:10,335][root][INFO] - reg loss: 4.740398465462451, entropy loss: 0.14580304147499912, leaf dev: 0.16239982843399048
[2026-06-20 02:11:10,336][root][INFO] - Val leaf stats: tensor([0.0000e+00, 0.0000e+00, 0.0000e+00, 0.0000e+00, 1.6667e-04, 0.0000e+00,
        0.0000e+00, 0.0000e+00, 0.0000e+00, 0.0000e+00, 2.4750e-01, 1.1050e-01,
        1.0333e-02, 6.2000e-01, 1.1500e-02, 0.0000e+00])
[2026-06-20 02:12:17,690][root][INFO] - Epoch: 13 | train acc: 0.9057, train loss: 9.76707308, valid acc: 0.8673, valid loss: 0.43385616, test acc: 0.8696, test loss: 0.43517050
[2026-06-20 02:12:25,711][root][INFO] - reg loss: 4.721129907751983, entropy loss: 0.1433449182307945, leaf dev: 0.15891070663928986
[2026-06-20 02:12:25,712][root][INFO] - Val leaf stats: tensor([0.0000e+00, 0.0000e+00, 0.0000e+00, 0.0000e+00, 1.6667e-04, 0.0000e+00,
        0.0000e+00, 0.0000e+00, 0.0000e+00, 0.0000e+00, 2.4433e-01, 1.1017e-01,
        1.3000e-02, 6.0717e-01, 2.5167e-02, 0.0000e+00])
[2026-06-20 02:13:30,945][root][INFO] - Epoch: 14 | train acc: 0.9003, train loss: 9.85392325, valid acc: 0.8645, valid loss: 0.45558802, test acc: 0.8667, test loss: 0.46022479
[2026-06-20 02:13:37,667][root][INFO] - reg loss: 4.75657585881791, entropy loss: 0.14433007096906877, leaf dev: 0.15979650616645813
[2026-06-20 02:13:37,668][root][INFO] - Val leaf stats: tensor([0.0000e+00, 0.0000e+00, 0.0000e+00, 0.0000e+00, 1.6667e-04, 0.0000e+00,
        0.0000e+00, 0.0000e+00, 0.0000e+00, 0.0000e+00, 2.3717e-01, 1.0900e-01,
        1.8000e-02, 6.1367e-01, 2.2000e-02, 0.0000e+00])
[2026-06-20 02:14:43,967][root][INFO] - Epoch: 15 | train acc: 0.9045, train loss: 9.82056907, valid acc: 0.8737, valid loss: 0.41674476, test acc: 0.8764, test loss: 0.41236062
[2026-06-20 02:14:52,513][root][INFO] - reg loss: 4.7441137916636915, entropy loss: 0.1437303530720045, leaf dev: 0.15644989907741547
[2026-06-20 02:14:52,514][root][INFO] - Val leaf stats: tensor([0.0000, 0.0000, 0.0000, 0.0000, 0.0000, 0.0000, 0.0000, 0.0000, 0.0038,
        0.0000, 0.2543, 0.1152, 0.0123, 0.5925, 0.0218, 0.0000])
[2026-06-20 02:15:58,554][root][INFO] - Epoch: 16 | train acc: 0.9072, train loss: 9.71077723, valid acc: 0.8687, valid loss: 0.43205553, test acc: 0.8720, test loss: 0.43150888
[2026-06-20 02:16:05,303][root][INFO] - reg loss: 4.696462658216369, entropy loss: 0.14163450742105269, leaf dev: 0.15920139849185944
[2026-06-20 02:16:05,304][root][INFO] - Val leaf stats: tensor([0.0000, 0.0000, 0.0000, 0.0000, 0.0000, 0.0000, 0.0000, 0.0000, 0.0087,
        0.0000, 0.2340, 0.1042, 0.0165, 0.6133, 0.0233, 0.0000])
[2026-06-20 02:17:09,995][root][INFO] - Epoch: 17 | train acc: 0.9165, train loss: 9.66835513, valid acc: 0.8735, valid loss: 0.41544411, test acc: 0.8770, test loss: 0.42333677
[2026-06-20 02:17:17,914][root][INFO] - reg loss: 4.687609420632416, entropy loss: 0.14055459918278568, leaf dev: 0.1565839946269989
[2026-06-20 02:17:17,916][root][INFO] - Val leaf stats: tensor([0.0000, 0.0000, 0.0000, 0.0000, 0.0000, 0.0000, 0.0000, 0.0000, 0.0095,
        0.0000, 0.2382, 0.1060, 0.0228, 0.6010, 0.0225, 0.0000])
[2026-06-20 02:18:22,671][root][INFO] - Epoch: 18 | train acc: 0.9174, train loss: 9.64695969, valid acc: 0.8748, valid loss: 0.41910263, test acc: 0.8771, test loss: 0.42234152
[2026-06-20 02:18:29,486][root][INFO] - reg loss: 4.677663447721949, entropy loss: 0.1392154097557068, leaf dev: 0.16025064885616302
[2026-06-20 02:18:29,488][root][INFO] - Val leaf stats: tensor([0.0000, 0.0000, 0.0000, 0.0000, 0.0008, 0.0000, 0.0000, 0.0000, 0.0098,
        0.0000, 0.2357, 0.1042, 0.0160, 0.6170, 0.0165, 0.0000])
[2026-06-20 02:19:37,439][root][INFO] - Epoch: 19 | train acc: 0.9165, train loss: 9.65560500, valid acc: 0.8655, valid loss: 0.44294937, test acc: 0.8696, test loss: 0.45232827
[2026-06-20 02:19:45,650][root][INFO] - reg loss: 4.680037044129282, entropy loss: 0.13885434168689656, leaf dev: 0.16180424392223358
[2026-06-20 02:19:45,652][root][INFO] - Val leaf stats: tensor([0.0000e+00, 0.0000e+00, 0.0000e+00, 0.0000e+00, 3.3333e-04, 0.0000e+00,
        0.0000e+00, 0.0000e+00, 7.8333e-03, 0.0000e+00, 2.3500e-01, 9.6333e-02,
        1.7500e-02, 6.2450e-01, 1.8333e-02, 1.6667e-04])
[2026-06-20 02:20:53,575][root][INFO] - Epoch: 20 | train acc: 0.9142, train loss: 9.64495939, valid acc: 0.8558, valid loss: 0.50205226, test acc: 0.8561, test loss: 0.50715879
[2026-06-20 02:21:01,850][root][INFO] - reg loss: 4.671107044759786, entropy loss: 0.1394398901260124, leaf dev: 0.168381005525589
[2026-06-20 02:21:01,851][root][INFO] - Val leaf stats: tensor([0.0000e+00, 0.0000e+00, 0.0000e+00, 0.0000e+00, 3.3333e-04, 0.0000e+00,
        0.0000e+00, 0.0000e+00, 8.6667e-03, 0.0000e+00, 1.6100e-01, 7.6833e-02,
        5.7500e-02, 6.7233e-01, 2.3333e-02, 0.0000e+00])
[2026-06-20 02:22:08,273][root][INFO] - Epoch: 21 | train acc: 0.9139, train loss: 9.66754532, valid acc: 0.8783, valid loss: 0.40213184, test acc: 0.8781, test loss: 0.43118930
[2026-06-20 02:22:16,322][root][INFO] - reg loss: 4.6805019243708195, entropy loss: 0.14069321920286934, leaf dev: 0.15617585182189941
[2026-06-20 02:22:16,323][root][INFO] - Val leaf stats: tensor([0.0000e+00, 0.0000e+00, 0.0000e+00, 0.0000e+00, 1.0000e-03, 0.0000e+00,
        0.0000e+00, 0.0000e+00, 1.2833e-02, 0.0000e+00, 2.1650e-01, 9.8000e-02,
        4.6500e-02, 6.0767e-01, 1.7333e-02, 1.6667e-04])
[2026-06-20 02:23:22,951][root][INFO] - Epoch: 22 | train acc: 0.9210, train loss: 9.61033893, valid acc: 0.8852, valid loss: 0.38474100, test acc: 0.8824, test loss: 0.41482257
[2026-06-20 02:23:31,618][root][INFO] - reg loss: 4.667444669975425, entropy loss: 0.14310836791992188, leaf dev: 0.15219631791114807
[2026-06-20 02:23:31,619][root][INFO] - Val leaf stats: tensor([0.0000, 0.0000, 0.0000, 0.0000, 0.0013, 0.0000, 0.0000, 0.0000, 0.0153,
        0.0000, 0.2353, 0.1017, 0.0423, 0.5847, 0.0193, 0.0000])
[2026-06-20 02:24:39,901][root][INFO] - Epoch: 23 | train acc: 0.9087, train loss: 9.70377893, valid acc: 0.8650, valid loss: 0.45522814, test acc: 0.8668, test loss: 0.47881260
[2026-06-20 02:24:47,092][root][INFO] - reg loss: 4.690253289240711, entropy loss: 0.14446919594170912, leaf dev: 0.17248648405075073
[2026-06-20 02:24:47,093][root][INFO] - Val leaf stats: tensor([0.0000, 0.0000, 0.0000, 0.0000, 0.0043, 0.0000, 0.0000, 0.0000, 0.0150,
        0.0000, 0.1322, 0.0813, 0.0537, 0.6937, 0.0198, 0.0000])
[2026-06-20 02:25:55,145][root][INFO] - Epoch: 24 | train acc: 0.9128, train loss: 10.19947892, valid acc: 0.8828, valid loss: 0.41908408, test acc: 0.8874, test loss: 0.42544478
[2026-06-20 02:26:04,219][root][INFO] - reg loss: 4.90648109957857, entropy loss: 0.16437704439433115, leaf dev: 0.14828458428382874
[2026-06-20 02:26:04,220][root][INFO] - Val leaf stats: tensor([0.0000e+00, 0.0000e+00, 0.0000e+00, 0.0000e+00, 4.0000e-03, 0.0000e+00,
        0.0000e+00, 1.2000e-02, 1.8167e-02, 0.0000e+00, 1.9317e-01, 9.6667e-02,
        6.6333e-02, 5.8317e-01, 2.6333e-02, 1.6667e-04])
[2026-06-20 02:27:03,634][root][INFO] - Epoch: 25 | train acc: 0.9211, train loss: 9.89366253, valid acc: 0.8915, valid loss: 0.38781126, test acc: 0.8916, test loss: 0.39499764
[2026-06-20 02:27:11,107][root][INFO] - reg loss: 4.801118234418473, entropy loss: 0.1642773341176645, leaf dev: 0.14304226636886597
[2026-06-20 02:27:11,108][root][INFO] - Val leaf stats: tensor([0.0000e+00, 0.0000e+00, 0.0000e+00, 0.0000e+00, 1.9833e-02, 0.0000e+00,
        0.0000e+00, 2.1667e-03, 1.9000e-02, 0.0000e+00, 2.2000e-01, 1.0183e-01,
        5.8833e-02, 5.5300e-01, 2.4833e-02, 5.0000e-04])
[2026-06-20 02:28:06,624][root][INFO] - Epoch: 26 | train acc: 0.9208, train loss: 9.87046810, valid acc: 0.8867, valid loss: 0.40064619, test acc: 0.8916, test loss: 0.39683978
[2026-06-20 02:28:13,311][root][INFO] - reg loss: 4.793174685172315, entropy loss: 0.15436896358458502, leaf dev: 0.14311635494232178
[2026-06-20 02:28:13,312][root][INFO] - Val leaf stats: tensor([0.0000, 0.0000, 0.0000, 0.0000, 0.0083, 0.0000, 0.0000, 0.0075, 0.0405,
        0.0000, 0.2477, 0.0628, 0.0557, 0.5465, 0.0303, 0.0007])
[2026-06-20 02:29:07,095][root][INFO] - Epoch: 27 | train acc: 0.9196, train loss: 9.74188623, valid acc: 0.8955, valid loss: 0.38147872, test acc: 0.8927, test loss: 0.37277343
[2026-06-20 02:29:14,427][root][INFO] - reg loss: 4.72781218222852, entropy loss: 0.15133695205989875, leaf dev: 0.15019266307353973
[2026-06-20 02:29:14,428][root][INFO] - Val leaf stats: tensor([0.0000e+00, 0.0000e+00, 0.0000e+00, 0.0000e+00, 7.8333e-03, 0.0000e+00,
        0.0000e+00, 4.1667e-03, 4.0667e-02, 0.0000e+00, 2.1567e-01, 6.1333e-02,
        5.3333e-02, 5.8750e-01, 2.9333e-02, 1.6667e-04])
[2026-06-20 02:30:11,021][root][INFO] - Epoch: 28 | train acc: 0.9218, train loss: 9.63534509, valid acc: 0.8962, valid loss: 0.36660677, test acc: 0.8961, test loss: 0.36119518
[2026-06-20 02:30:17,939][root][INFO] - reg loss: 4.679268782993533, entropy loss: 0.14535316178258859, leaf dev: 0.14905096590518951
[2026-06-20 02:30:17,940][root][INFO] - Val leaf stats: tensor([0.0000, 0.0000, 0.0000, 0.0000, 0.0063, 0.0000, 0.0000, 0.0038, 0.0270,
        0.0000, 0.2292, 0.0820, 0.0630, 0.5758, 0.0128, 0.0000])
[2026-06-20 02:31:14,706][root][INFO] - Epoch: 29 | train acc: 0.9205, train loss: 9.61897637, valid acc: 0.8982, valid loss: 0.36118795, test acc: 0.8968, test loss: 0.36640201
[2026-06-20 02:31:20,675][root][INFO] - reg loss: 4.6714093460226955, entropy loss: 0.14122708085572944, leaf dev: 0.1441946029663086
[2026-06-20 02:31:20,677][root][INFO] - Val leaf stats: tensor([0.0000, 0.0000, 0.0000, 0.0000, 0.0098, 0.0000, 0.0000, 0.0043, 0.0248,
        0.0000, 0.2368, 0.0892, 0.0717, 0.5517, 0.0117, 0.0000])
[2026-06-20 02:32:15,978][root][INFO] - Epoch: 30 | train acc: 0.9227, train loss: 9.63898272, valid acc: 0.8925, valid loss: 0.37091790, test acc: 0.8912, test loss: 0.36981592
[2026-06-20 02:32:22,360][root][INFO] - reg loss: 4.685558494531883, entropy loss: 0.14257581180559015, leaf dev: 0.1362142115831375
[2026-06-20 02:32:22,361][root][INFO] - Val leaf stats: tensor([0.0000e+00, 0.0000e+00, 0.0000e+00, 0.0000e+00, 9.1667e-03, 0.0000e+00,
        0.0000e+00, 1.5000e-03, 3.3500e-02, 3.3333e-04, 2.7567e-01, 9.6167e-02,
        6.9333e-02, 4.9933e-01, 1.5000e-02, 0.0000e+00])
[2026-06-20 02:33:15,643][root][INFO] - Epoch: 31 | train acc: 0.9209, train loss: 9.61877922, valid acc: 0.9047, valid loss: 0.40363604, test acc: 0.8995, test loss: 0.38313821
[2026-06-20 02:33:22,720][root][INFO] - reg loss: 4.673262668105791, entropy loss: 0.1381302646027421, leaf dev: 0.13714416325092316
[2026-06-20 02:33:22,721][root][INFO] - Val leaf stats: tensor([0.0000e+00, 0.0000e+00, 0.0000e+00, 0.0000e+00, 2.5167e-02, 0.0000e+00,
        0.0000e+00, 1.6667e-03, 3.7500e-02, 5.0000e-04, 2.4250e-01, 8.8333e-02,
        6.2833e-02, 5.2117e-01, 2.0333e-02, 0.0000e+00])
[2026-06-20 02:34:19,344][root][INFO] - Epoch: 32 | train acc: 0.9039, train loss: 10.35581017, valid acc: 0.8825, valid loss: 0.41401352, test acc: 0.8886, test loss: 0.41493800
[2026-06-20 02:34:26,358][root][INFO] - reg loss: 4.968358975536418, entropy loss: 0.14809806181012458, leaf dev: 0.11043846607208252
[2026-06-20 02:34:26,359][root][INFO] - Val leaf stats: tensor([0.0000, 0.0000, 0.0000, 0.0000, 0.0398, 0.0000, 0.0000, 0.0052, 0.0925,
        0.0013, 0.3028, 0.0995, 0.0477, 0.3587, 0.0525, 0.0000])
[2026-06-20 02:35:30,635][root][INFO] - Epoch: 33 | train acc: 0.9175, train loss: 10.01935391, valid acc: 0.9000, valid loss: 0.37061573, test acc: 0.9027, test loss: 0.36241191
[2026-06-20 02:35:39,117][root][INFO] - reg loss: 4.859173612774543, entropy loss: 0.14319789915714623, leaf dev: 0.1161780059337616
[2026-06-20 02:35:39,118][root][INFO] - Val leaf stats: tensor([0.0000e+00, 0.0000e+00, 1.6667e-04, 0.0000e+00, 3.6167e-02, 0.0000e+00,
        0.0000e+00, 2.0000e-03, 6.1500e-02, 2.0000e-03, 2.8417e-01, 1.0317e-01,
        5.6167e-02, 4.0333e-01, 5.1333e-02, 0.0000e+00])
[2026-06-20 02:36:43,897][root][INFO] - Epoch: 34 | train acc: 0.9251, train loss: 9.76495966, valid acc: 0.9002, valid loss: 0.34766735, test acc: 0.9020, test loss: 0.36723619
[2026-06-20 02:36:52,227][root][INFO] - reg loss: 4.752323231607114, entropy loss: 0.15170936820642003, leaf dev: 0.12334846705198288
[2026-06-20 02:36:52,228][root][INFO] - Val leaf stats: tensor([0.0000, 0.0000, 0.0000, 0.0000, 0.0273, 0.0000, 0.0000, 0.0013, 0.1385,
        0.0017, 0.2265, 0.0597, 0.0450, 0.4608, 0.0392, 0.0000])
[2026-06-20 02:37:57,092][root][INFO] - Epoch: 35 | train acc: 0.9259, train loss: 9.72005431, valid acc: 0.9105, valid loss: 0.32709683, test acc: 0.9106, test loss: 0.33294694
[2026-06-20 02:38:04,662][root][INFO] - reg loss: 4.729245653692281, entropy loss: 0.15475718536466923, leaf dev: 0.12262675166130066
[2026-06-20 02:38:04,663][root][INFO] - Val leaf stats: tensor([0.0000e+00, 0.0000e+00, 0.0000e+00, 0.0000e+00, 2.5833e-02, 0.0000e+00,
        0.0000e+00, 1.3333e-03, 9.5167e-02, 1.8333e-03, 2.3683e-01, 7.2000e-02,
        6.2500e-02, 4.5950e-01, 4.4833e-02, 1.6667e-04])
[2026-06-20 02:39:14,246][root][INFO] - Epoch: 36 | train acc: 0.9311, train loss: 9.65548651, valid acc: 0.9120, valid loss: 0.33786206, test acc: 0.9113, test loss: 0.33568475
[2026-06-20 02:39:22,733][root][INFO] - reg loss: 4.707436156722735, entropy loss: 0.15522649406262165, leaf dev: 0.12467508763074875
[2026-06-20 02:39:22,734][root][INFO] - Val leaf stats: tensor([0.0000e+00, 0.0000e+00, 0.0000e+00, 0.0000e+00, 2.6667e-02, 0.0000e+00,
        0.0000e+00, 8.3333e-04, 6.3167e-02, 2.0000e-03, 2.4517e-01, 8.5333e-02,
        6.3833e-02, 4.6617e-01, 4.6667e-02, 1.6667e-04])
[2026-06-20 02:40:31,208][root][INFO] - Epoch: 37 | train acc: 0.9319, train loss: 9.62986651, valid acc: 0.9127, valid loss: 0.34065939, test acc: 0.9120, test loss: 0.33110549
[2026-06-20 02:40:39,607][root][INFO] - reg loss: 4.698148012161255, entropy loss: 0.14845332953165163, leaf dev: 0.1213371604681015
[2026-06-20 02:40:39,608][root][INFO] - Val leaf stats: tensor([0.0000e+00, 0.0000e+00, 0.0000e+00, 0.0000e+00, 2.4333e-02, 0.0000e+00,
        0.0000e+00, 8.3333e-04, 6.7667e-02, 2.5000e-03, 2.3867e-01, 7.9500e-02,
        8.4667e-02, 4.5317e-01, 4.8500e-02, 1.6667e-04])
[2026-06-20 02:41:48,094][root][INFO] - Epoch: 38 | train acc: 0.9321, train loss: 9.90329845, valid acc: 0.9087, valid loss: 0.39167761, test acc: 0.9056, test loss: 0.36475388
[2026-06-20 02:41:55,708][root][INFO] - reg loss: 4.8244970924449415, entropy loss: 0.14785946905612946, leaf dev: 0.11079000681638718
[2026-06-20 02:41:55,710][root][INFO] - Val leaf stats: tensor([0.0000e+00, 0.0000e+00, 1.6667e-04, 0.0000e+00, 7.7500e-02, 3.3333e-04,
        0.0000e+00, 6.5000e-03, 6.6500e-02, 5.0000e-04, 2.1700e-01, 8.6000e-02,
        8.1000e-02, 4.1567e-01, 4.8167e-02, 6.6667e-04])
[2026-06-20 02:43:03,739][root][INFO] - Epoch: 39 | train acc: 0.9326, train loss: 9.83969486, valid acc: 0.9127, valid loss: 0.32697049, test acc: 0.9109, test loss: 0.33443102
[2026-06-20 02:43:10,986][root][INFO] - reg loss: 4.802492335157575, entropy loss: 0.13707494834121667, leaf dev: 0.11329168826341629
[2026-06-20 02:43:10,987][root][INFO] - Val leaf stats: tensor([0.0000, 0.0000, 0.0000, 0.0000, 0.0335, 0.0000, 0.0000, 0.0012, 0.1023,
        0.0022, 0.2150, 0.0672, 0.1058, 0.4232, 0.0492, 0.0005])
[2026-06-20 02:44:19,754][root][INFO] - Epoch: 40 | train acc: 0.9278, train loss: 9.64078521, valid acc: 0.9052, valid loss: 0.36911032, test acc: 0.9101, test loss: 0.37261391
[2026-06-20 02:44:28,638][root][INFO] - reg loss: 4.688099676708005, entropy loss: 0.125176839530468, leaf dev: 0.12471280992031097
[2026-06-20 02:44:28,639][root][INFO] - Val leaf stats: tensor([0.0000, 0.0000, 0.0000, 0.0000, 0.0207, 0.0000, 0.0000, 0.0007, 0.1200,
        0.0025, 0.2638, 0.0075, 0.0795, 0.4493, 0.0555, 0.0005])
[2026-06-20 02:45:34,115][root][INFO] - Epoch: 41 | train acc: 0.9292, train loss: 9.59468666, valid acc: 0.9078, valid loss: 0.36085081, test acc: 0.9079, test loss: 0.36283096
[2026-06-20 02:45:43,315][root][INFO] - reg loss: 4.670528366880597, entropy loss: 0.12615263574528243, leaf dev: 0.1305580735206604
[2026-06-20 02:45:43,316][root][INFO] - Val leaf stats: tensor([0.0000, 0.0000, 0.0000, 0.0000, 0.0207, 0.0000, 0.0000, 0.0007, 0.1185,
        0.0030, 0.2602, 0.0087, 0.0802, 0.4782, 0.0295, 0.0005])
[2026-06-20 02:46:56,513][root][INFO] - Epoch: 42 | train acc: 0.9239, train loss: 9.45403284, valid acc: 0.9032, valid loss: 0.36436006, test acc: 0.9021, test loss: 0.36664937
[2026-06-20 02:47:06,746][root][INFO] - reg loss: 4.595655738182788, entropy loss: 0.12497692224833201, leaf dev: 0.1430303007364273
[2026-06-20 02:47:06,747][root][INFO] - Val leaf stats: tensor([0.0000e+00, 0.0000e+00, 0.0000e+00, 0.0000e+00, 2.7167e-02, 0.0000e+00,
        0.0000e+00, 1.1667e-03, 7.9833e-02, 1.8333e-03, 2.4733e-01, 1.4333e-02,
        7.0167e-02, 5.4383e-01, 1.3833e-02, 5.0000e-04])
[2026-06-20 02:48:22,357][root][INFO] - Epoch: 43 | train acc: 0.9208, train loss: 9.40320694, valid acc: 0.9065, valid loss: 0.35214761, test acc: 0.9070, test loss: 0.35230959
[2026-06-20 02:48:32,543][root][INFO] - reg loss: 4.56228366437948, entropy loss: 0.11929645789962895, leaf dev: 0.13725078105926514
[2026-06-20 02:48:32,545][root][INFO] - Val leaf stats: tensor([0.0000e+00, 0.0000e+00, 1.6667e-04, 0.0000e+00, 1.5667e-02, 0.0000e+00,
        0.0000e+00, 8.3333e-04, 1.0300e-01, 2.0000e-03, 2.4717e-01, 9.3333e-03,
        9.3000e-02, 5.1400e-01, 1.3500e-02, 1.3333e-03])
[2026-06-20 02:49:48,812][root][INFO] - Epoch: 44 | train acc: 0.9264, train loss: 9.49456914, valid acc: 0.9072, valid loss: 0.34179691, test acc: 0.9087, test loss: 0.35631296
[2026-06-20 02:49:56,387][root][INFO] - reg loss: 4.620497069268857, entropy loss: 0.13429965901206126, leaf dev: 0.12920069694519043
[2026-06-20 02:49:56,388][root][INFO] - Val leaf stats: tensor([0.0000e+00, 0.0000e+00, 1.6667e-04, 0.0000e+00, 2.5167e-02, 0.0000e+00,
        0.0000e+00, 1.3333e-03, 1.1233e-01, 2.1667e-03, 2.4200e-01, 9.6667e-03,
        1.1433e-01, 4.7717e-01, 1.4667e-02, 1.0000e-03])
[2026-06-20 02:51:10,406][root][INFO] - Epoch: 45 | train acc: 0.9297, train loss: 9.58345711, valid acc: 0.9047, valid loss: 0.34074118, test acc: 0.9060, test loss: 0.36089067
[2026-06-20 02:51:17,334][root][INFO] - reg loss: 4.668849423246564, entropy loss: 0.151825930852935, leaf dev: 0.12882836163043976
[2026-06-20 02:51:17,335][root][INFO] - Val leaf stats: tensor([0.0000, 0.0000, 0.0000, 0.0000, 0.0287, 0.0000, 0.0000, 0.0112, 0.1212,
        0.0013, 0.2268, 0.0070, 0.1047, 0.4828, 0.0153, 0.0010])
[2026-06-20 02:52:23,926][root][INFO] - Epoch: 46 | train acc: 0.9301, train loss: 9.52504289, valid acc: 0.9083, valid loss: 0.33329149, test acc: 0.9084, test loss: 0.34534771
[2026-06-20 02:52:31,828][root][INFO] - reg loss: 4.642916809837773, entropy loss: 0.13776134516832964, leaf dev: 0.1321561187505722
[2026-06-20 02:52:31,829][root][INFO] - Val leaf stats: tensor([0.0000, 0.0000, 0.0000, 0.0000, 0.0212, 0.0000, 0.0000, 0.0045, 0.1300,
        0.0020, 0.2410, 0.0068, 0.0865, 0.4912, 0.0158, 0.0010])
[2026-06-20 02:53:43,040][root][INFO] - Epoch: 47 | train acc: 0.9273, train loss: 9.41466615, valid acc: 0.8822, valid loss: 0.49040142, test acc: 0.8843, test loss: 0.50288877
[2026-06-20 02:53:51,869][root][INFO] - reg loss: 4.584458899947832, entropy loss: 0.1347828819504324, leaf dev: 0.11990292370319366
[2026-06-20 02:53:51,870][root][INFO] - Val leaf stats: tensor([0.0000, 0.0000, 0.0000, 0.0000, 0.0312, 0.0000, 0.0000, 0.0062, 0.1750,
        0.0103, 0.3007, 0.0070, 0.0680, 0.3888, 0.0120, 0.0008])
[2026-06-20 02:54:56,319][root][INFO] - Epoch: 48 | train acc: 0.9156, train loss: 9.51501620, valid acc: 0.9042, valid loss: 0.34724157, test acc: 0.9035, test loss: 0.36737929
[2026-06-20 02:55:05,528][root][INFO] - reg loss: 4.613157884129938, entropy loss: 0.13386509103595085, leaf dev: 0.1347435861825943
[2026-06-20 02:55:05,529][root][INFO] - Val leaf stats: tensor([0.0000, 0.0000, 0.0000, 0.0000, 0.0160, 0.0000, 0.0000, 0.0018, 0.1412,
        0.0067, 0.2007, 0.0055, 0.0945, 0.5148, 0.0180, 0.0008])
[2026-06-20 02:56:11,902][root][INFO] - Epoch: 49 | train acc: 0.9263, train loss: 9.48778042, valid acc: 0.9043, valid loss: 0.34497180, test acc: 0.9036, test loss: 0.35774408
[2026-06-20 02:56:20,050][root][INFO] - reg loss: 4.618360348467557, entropy loss: 0.13192661359625044, leaf dev: 0.1277633011341095
[2026-06-20 02:56:20,051][root][INFO] - Val leaf stats: tensor([0.0000, 0.0000, 0.0000, 0.0000, 0.0185, 0.0000, 0.0000, 0.0017, 0.1667,
        0.0103, 0.2342, 0.0055, 0.0797, 0.4665, 0.0170, 0.0000])
[2026-06-20 02:56:28,944][root][INFO] - Val leaf stats: tensor([0.0000, 0.0000, 0.0000, 0.0000, 0.0185, 0.0000, 0.0000, 0.0017, 0.1667,
        0.0103, 0.2342, 0.0055, 0.0797, 0.4665, 0.0170, 0.0000])
[2026-06-20 02:56:40,117][root][INFO] - Test leaf std: 0.1290467381477356, Val leaf std: 0.1277633011341095
[2026-06-20 02:56:50,142][root][INFO] - FINAL TEST | acc: 0.9036, loss: 0.3577, 
