[2026-06-19 14:10:42,069][root][INFO] - MLFlow server is starting on LOCAL with experiment STM_all_iafff08_stdreg_seed...
[2026-06-19 14:10:42,084][root][INFO] - MLFlow run ID: 470cf05e69a2460e95df358f91c30b3e, status: RUNNING
[2026-06-19 14:10:42,304][root][INFO] - Starting experiment IATrain...
[2026-06-19 14:11:14,562][root][INFO] - Epoch: 0 | train acc: 0.6287, train loss: 8.29324908, valid acc: 0.7255, valid loss: 0.79923174, test acc: 0.7709, test loss: 0.77011641
[2026-06-19 14:11:18,176][root][INFO] - reg loss: 7.1398025088840065, entropy loss: 0.3651559376527393, leaf dev: 0.13134901225566864
[2026-06-19 14:11:18,182][root][INFO] - Val leaf stats: tensor([1.4008e-03, 3.4273e-02, 5.2568e-01, 1.2038e-01, 6.7893e-02, 4.0157e-03,
        2.8016e-04, 1.8678e-04, 4.9776e-02, 1.5876e-03, 1.6810e-03, 2.8483e-02,
        1.6250e-02, 1.8678e-04, 1.4522e-01, 2.7083e-03])
[2026-06-19 14:11:45,015][root][INFO] - Epoch: 1 | train acc: 0.7961, train loss: 6.60133045, valid acc: 0.7942, valid loss: 0.59899190, test acc: 0.8130, test loss: 0.64896400
[2026-06-19 14:11:48,417][root][INFO] - reg loss: 5.988385896834116, entropy loss: 0.29569000100332593, leaf dev: 0.11397720873355865
[2026-06-19 14:11:48,419][root][INFO] - Val leaf stats: tensor([1.2140e-03, 9.5256e-02, 4.4191e-01, 1.4484e-01, 1.4251e-01, 8.3115e-03,
        2.8016e-04, 4.6694e-04, 4.9216e-02, 1.8678e-03, 0.0000e+00, 8.3115e-03,
        6.2570e-03, 1.8678e-04, 9.5349e-02, 4.0157e-03])
[2026-06-19 14:12:17,463][root][INFO] - Epoch: 2 | train acc: 0.8496, train loss: 6.23827919, valid acc: 0.8368, valid loss: 0.51200927, test acc: 0.8630, test loss: 0.54281793
[2026-06-19 14:12:20,231][root][INFO] - reg loss: 5.777923790866105, entropy loss: 0.2588798797950543, leaf dev: 0.09885160624980927
[2026-06-19 14:12:20,233][root][INFO] - Val leaf stats: tensor([1.5876e-03, 1.0805e-01, 3.4395e-01, 2.0779e-01, 1.5035e-01, 1.4475e-02,
        3.7355e-04, 1.8678e-04, 4.7628e-02, 2.3347e-03, 9.3388e-05, 1.4008e-03,
        1.4008e-02, 9.3388e-05, 1.0301e-01, 4.6694e-03])
[2026-06-19 14:12:48,279][root][INFO] - Epoch: 3 | train acc: 0.8752, train loss: 6.00174316, valid acc: 0.8711, valid loss: 0.39509303, test acc: 0.8791, test loss: 0.55518731
[2026-06-19 14:12:51,191][root][INFO] - reg loss: 5.619607102934014, entropy loss: 0.242525396996705, leaf dev: 0.10127133876085281
[2026-06-19 14:12:51,192][root][INFO] - Val leaf stats: tensor([1.6810e-03, 1.0226e-01, 3.7439e-01, 1.6679e-01, 1.5035e-01, 1.9425e-02,
        3.7355e-04, 1.8678e-04, 8.7691e-02, 2.1479e-03, 1.8678e-04, 1.4942e-03,
        3.5487e-03, 1.8678e-04, 8.4703e-02, 4.5760e-03])
[2026-06-19 14:13:17,793][root][INFO] - Epoch: 4 | train acc: 0.8856, train loss: 5.84653026, valid acc: 0.8750, valid loss: 0.37937027, test acc: 0.8801, test loss: 0.73802126
[2026-06-19 14:13:20,247][root][INFO] - reg loss: 5.486780522361634, entropy loss: 0.23302700201039592, leaf dev: 0.09029321372509003
[2026-06-19 14:13:20,248][root][INFO] - Val leaf stats: tensor([1.9612e-03, 1.4270e-01, 3.1500e-01, 1.6343e-01, 1.4447e-01, 2.6522e-02,
        5.6033e-04, 2.8016e-04, 7.9567e-02, 2.5215e-03, 9.3388e-05, 1.9612e-03,
        1.4569e-02, 0.0000e+00, 1.0170e-01, 4.6694e-03])
[2026-06-19 14:13:44,036][root][INFO] - Epoch: 5 | train acc: 0.8970, train loss: 5.73971771, valid acc: 0.7693, valid loss: 0.52155972, test acc: 0.7694, test loss: 0.75005931
[2026-06-19 14:13:47,222][root][INFO] - reg loss: 5.415721482070035, entropy loss: 0.22406236803720866, leaf dev: 0.09091173857450485
[2026-06-19 14:13:47,224][root][INFO] - Val leaf stats: tensor([2.0545e-03, 9.3482e-02, 1.8201e-01, 1.5960e-01, 3.2013e-01, 4.5760e-02,
        4.6694e-04, 1.2140e-03, 8.0034e-02, 2.6149e-03, 0.0000e+00, 1.0273e-03,
        1.8958e-02, 9.3388e-05, 8.8065e-02, 4.4826e-03])
[2026-06-19 14:14:17,714][root][INFO] - Epoch: 6 | train acc: 0.8907, train loss: 5.75143048, valid acc: 0.8823, valid loss: 0.36667290, test acc: 0.8814, test loss: 0.79819714
[2026-06-19 14:14:19,574][root][INFO] - reg loss: 5.399375673324343, entropy loss: 0.2122748396384022, leaf dev: 0.07920066267251968
[2026-06-19 14:14:19,575][root][INFO] - Val leaf stats: tensor([2.0545e-03, 9.9739e-02, 2.2226e-01, 1.6847e-01, 2.0564e-01, 6.4344e-02,
        1.8678e-04, 8.4049e-04, 6.1543e-02, 2.6149e-03, 1.1207e-03, 2.5215e-03,
        3.0164e-02, 9.3388e-05, 1.3298e-01, 5.4165e-03])
[2026-06-19 14:14:46,118][root][INFO] - Epoch: 7 | train acc: 0.9057, train loss: 5.81461222, valid acc: 0.9044, valid loss: 0.31722722, test acc: 0.8964, test loss: 0.71937809
[2026-06-19 14:14:48,512][root][INFO] - reg loss: 5.508439593844944, entropy loss: 0.20054716778495324, leaf dev: 0.08451271057128906
[2026-06-19 14:14:48,513][root][INFO] - Val leaf stats: tensor([2.0545e-03, 1.0945e-01, 2.8605e-01, 1.8164e-01, 1.5502e-01, 5.9675e-02,
        4.6694e-04, 6.5372e-04, 7.9940e-02, 2.9884e-03, 1.8678e-04, 8.4049e-04,
        2.5775e-02, 2.8016e-04, 9.0306e-02, 4.6694e-03])
[2026-06-19 14:15:14,450][root][INFO] - Epoch: 8 | train acc: 0.9181, train loss: 5.41245567, valid acc: 0.9076, valid loss: 0.30186868, test acc: 0.8996, test loss: 0.91522912
[2026-06-19 14:15:15,773][root][INFO] - reg loss: 5.147479223826575, entropy loss: 0.18577284393487153, leaf dev: 0.09179046005010605
[2026-06-19 14:15:15,775][root][INFO] - Val leaf stats: tensor([1.8678e-03, 9.4135e-02, 3.3704e-01, 1.7772e-01, 1.2150e-01, 5.7154e-02,
        6.5372e-04, 8.4049e-04, 8.9746e-02, 2.7083e-03, 1.8678e-04, 1.0273e-03,
        1.9145e-02, 1.8678e-04, 9.1427e-02, 4.6694e-03])
[2026-06-19 14:15:39,757][root][INFO] - Epoch: 9 | train acc: 0.9167, train loss: 5.35107195, valid acc: 0.8813, valid loss: 0.39159389, test acc: 0.8728, test loss: 0.82269227
[2026-06-19 14:15:41,640][root][INFO] - reg loss: 5.08542274798035, entropy loss: 0.1841516350469892, leaf dev: 0.07723791152238846
[2026-06-19 14:15:41,641][root][INFO] - Val leaf stats: tensor([2.0545e-03, 8.1528e-02, 2.3235e-01, 1.8099e-01, 8.1808e-02, 6.3971e-02,
        6.5372e-04, 1.5876e-03, 1.6007e-01, 2.8950e-03, 1.4942e-03, 9.3388e-04,
        4.3612e-02, 9.3388e-05, 1.4232e-01, 3.6421e-03])
[2026-06-19 14:16:05,472][root][INFO] - Epoch: 10 | train acc: 0.9211, train loss: 5.63060805, valid acc: 0.9138, valid loss: 0.28465724, test acc: 0.9026, test loss: 0.77241977
[2026-06-19 14:16:08,061][root][INFO] - reg loss: 5.37523240891714, entropy loss: 0.19051494808108718, leaf dev: 0.08369126915931702
[2026-06-19 14:16:08,063][root][INFO] - Val leaf stats: tensor([3.1752e-03, 9.6190e-02, 2.8708e-01, 1.8566e-01, 9.8524e-02, 6.2010e-02,
        2.8016e-04, 4.6694e-04, 1.3420e-01, 2.8016e-03, 2.2413e-03, 8.4049e-04,
        2.6802e-02, 9.3388e-05, 9.5443e-02, 4.2025e-03])
[2026-06-19 14:16:34,663][root][INFO] - Epoch: 11 | train acc: 0.9307, train loss: 5.37833555, valid acc: 0.9168, valid loss: 0.27291545, test acc: 0.9032, test loss: 0.80098701
[2026-06-19 14:16:36,448][root][INFO] - reg loss: 5.151396930533111, entropy loss: 0.17936608636820758, leaf dev: 0.08431612700223923
[2026-06-19 14:16:36,450][root][INFO] - Val leaf stats: tensor([3.4554e-03, 1.0973e-01, 2.8194e-01, 1.9612e-01, 9.0213e-02, 5.6687e-02,
        1.8678e-04, 3.7355e-04, 1.3728e-01, 2.4281e-03, 2.0545e-03, 1.2140e-03,
        2.2320e-02, 1.8678e-04, 9.1707e-02, 4.1091e-03])
[2026-06-19 14:17:02,831][root][INFO] - Epoch: 12 | train acc: 0.9328, train loss: 5.32366524, valid acc: 0.9188, valid loss: 0.26678858, test acc: 0.9063, test loss: 0.82339445
[2026-06-19 14:17:05,657][root][INFO] - reg loss: 5.1053692272731235, entropy loss: 0.17681644281382283, leaf dev: 0.08469512313604355
[2026-06-19 14:17:05,658][root][INFO] - Val leaf stats: tensor([3.2686e-03, 9.8244e-02, 2.8670e-01, 1.9145e-01, 1.0581e-01, 4.7348e-02,
        1.8678e-04, 3.7355e-04, 1.3859e-01, 3.0818e-03, 4.7628e-03, 2.1479e-03,
        2.1853e-02, 1.8678e-04, 9.1707e-02, 4.2959e-03])
[2026-06-19 14:17:30,733][root][INFO] - Epoch: 13 | train acc: 0.9364, train loss: 5.29463311, valid acc: 0.9219, valid loss: 0.25450981, test acc: 0.9081, test loss: 0.86364202
[2026-06-19 14:17:33,741][root][INFO] - reg loss: 5.083417544289241, entropy loss: 0.17765210048546867, leaf dev: 0.08674056082963943
[2026-06-19 14:17:33,743][root][INFO] - Val leaf stats: tensor([3.4554e-03, 9.6657e-02, 2.9809e-01, 1.9612e-01, 1.0058e-01, 4.9122e-02,
        3.7355e-04, 3.7355e-04, 1.3326e-01, 2.4281e-03, 4.2959e-03, 2.8950e-03,
        1.8397e-02, 1.8678e-04, 8.9466e-02, 4.2959e-03])
[2026-06-19 14:18:00,058][root][INFO] - Epoch: 14 | train acc: 0.9390, train loss: 5.15316626, valid acc: 0.9173, valid loss: 0.26753900, test acc: 0.9083, test loss: 0.89509721
[2026-06-19 14:18:02,641][root][INFO] - reg loss: 4.952054339111166, entropy loss: 0.17151203128711257, leaf dev: 0.0881568044424057
[2026-06-19 14:18:02,642][root][INFO] - Val leaf stats: tensor([8.2182e-03, 9.7310e-02, 3.0557e-01, 2.0191e-01, 9.1334e-02, 4.7068e-02,
        4.6694e-04, 3.7355e-04, 1.2944e-01, 2.4281e-03, 3.5487e-03, 2.2413e-03,
        1.7557e-02, 1.8678e-04, 8.7972e-02, 4.3892e-03])
[2026-06-19 14:18:30,243][root][INFO] - Epoch: 15 | train acc: 0.9360, train loss: 5.07758092, valid acc: 0.9215, valid loss: 0.25534648, test acc: 0.9074, test loss: 1.33788095
[2026-06-19 14:18:32,569][root][INFO] - reg loss: 4.866696224010811, entropy loss: 0.1694958407096762, leaf dev: 0.0877726823091507
[2026-06-19 14:18:32,570][root][INFO] - Val leaf stats: tensor([3.9223e-03, 1.0824e-01, 3.0809e-01, 2.0078e-01, 8.6944e-02, 4.5293e-02,
        4.6694e-04, 1.8678e-04, 1.1319e-01, 2.3347e-03, 1.0179e-02, 3.7355e-03,
        2.2226e-02, 1.8678e-04, 8.9653e-02, 4.5760e-03])
[2026-06-19 14:18:52,778][root][INFO] - Epoch: 16 | train acc: 0.9385, train loss: 5.06810124, valid acc: 0.9149, valid loss: 0.27545067, test acc: 0.9041, test loss: 1.08464587
[2026-06-19 14:18:55,238][root][INFO] - reg loss: 4.864848328645898, entropy loss: 0.161041108152223, leaf dev: 0.08793751895427704
[2026-06-19 14:18:55,239][root][INFO] - Val leaf stats: tensor([3.7355e-03, 9.8338e-02, 3.0921e-01, 2.0359e-01, 7.2282e-02, 6.7146e-02,
        4.6694e-04, 1.8678e-04, 1.1664e-01, 2.4281e-03, 5.7901e-03, 2.7083e-03,
        2.5028e-02, 1.8678e-04, 8.7878e-02, 4.3892e-03])
[2026-06-19 14:19:20,011][root][INFO] - Epoch: 17 | train acc: 0.9351, train loss: 5.07057960, valid acc: 0.9198, valid loss: 0.26358199, test acc: 0.9059, test loss: 1.09717469
[2026-06-19 14:19:22,337][root][INFO] - reg loss: 4.861125718979609, entropy loss: 0.1596324629096127, leaf dev: 0.08644675463438034
[2026-06-19 14:19:22,338][root][INFO] - Val leaf stats: tensor([1.1113e-02, 1.0161e-01, 2.9791e-01, 2.0545e-01, 6.6025e-02, 6.0049e-02,
        4.6694e-04, 1.8678e-04, 1.2617e-01, 2.5215e-03, 1.4008e-03, 1.5876e-03,
        2.9417e-02, 1.8678e-04, 9.1707e-02, 4.2025e-03])
[2026-06-19 14:19:46,508][root][INFO] - Epoch: 18 | train acc: 0.9374, train loss: 5.00188268, valid acc: 0.9218, valid loss: 0.26033228, test acc: 0.9088, test loss: 1.07126362
[2026-06-19 14:19:48,929][root][INFO] - reg loss: 4.799584764652152, entropy loss: 0.15737075102392328, leaf dev: 0.08568861335515976
[2026-06-19 14:19:48,931][root][INFO] - Val leaf stats: tensor([1.1300e-02, 1.1113e-01, 2.9940e-01, 1.9537e-01, 8.4423e-02, 7.0134e-02,
        2.8016e-04, 2.8016e-04, 1.1375e-01, 2.7083e-03, 3.7355e-04, 9.3388e-04,
        2.3254e-02, 1.8678e-04, 8.2462e-02, 4.0157e-03])
[2026-06-19 14:20:12,207][root][INFO] - Epoch: 19 | train acc: 0.9431, train loss: 5.03087282, valid acc: 0.9284, valid loss: 0.24399499, test acc: 0.9116, test loss: 1.28859002
[2026-06-19 14:20:15,494][root][INFO] - reg loss: 4.8401705297843485, entropy loss: 0.15919104021377664, leaf dev: 0.08715233206748962
[2026-06-19 14:20:15,496][root][INFO] - Val leaf stats: tensor([1.0366e-02, 9.6283e-02, 3.0183e-01, 2.0713e-01, 7.9567e-02, 6.4158e-02,
        9.3388e-05, 1.9612e-03, 1.2290e-01, 2.5215e-03, 1.4942e-03, 1.3074e-03,
        2.2600e-02, 1.8678e-04, 8.3396e-02, 4.2025e-03])
[2026-06-19 14:20:42,298][root][INFO] - Epoch: 20 | train acc: 0.9455, train loss: 5.00105140, valid acc: 0.9334, valid loss: 0.23555814, test acc: 0.9143, test loss: 1.11388362
[2026-06-19 14:20:44,755][root][INFO] - reg loss: 4.819818156106131, entropy loss: 0.15608778887640232, leaf dev: 0.08513537794351578
[2026-06-19 14:20:44,756][root][INFO] - Val leaf stats: tensor([9.8058e-03, 9.0493e-02, 2.9576e-01, 2.0088e-01, 8.9559e-02, 7.1255e-02,
        9.3388e-05, 1.8678e-03, 1.1954e-01, 2.4281e-03, 2.2413e-03, 1.8678e-03,
        2.5869e-02, 3.7355e-04, 8.3769e-02, 4.2025e-03])
[2026-06-19 14:21:13,500][root][INFO] - Epoch: 21 | train acc: 0.9465, train loss: 4.96301075, valid acc: 0.9343, valid loss: 0.22904276, test acc: 0.9131, test loss: 1.11972880
[2026-06-19 14:21:16,346][root][INFO] - reg loss: 4.784264486302774, entropy loss: 0.15240196962520558, leaf dev: 0.08464892953634262
[2026-06-19 14:21:16,347][root][INFO] - Val leaf stats: tensor([1.3355e-02, 9.4415e-02, 2.9361e-01, 2.0760e-01, 8.4796e-02, 6.3971e-02,
        9.3388e-05, 1.8678e-03, 1.0002e-01, 2.8016e-03, 3.7355e-04, 1.3074e-03,
        3.7729e-02, 9.3388e-05, 9.4042e-02, 3.9223e-03])
[2026-06-19 14:21:42,632][root][INFO] - Epoch: 22 | train acc: 0.9500, train loss: 4.91469906, valid acc: 0.9346, valid loss: 0.22838495, test acc: 0.9156, test loss: 1.15248774
[2026-06-19 14:21:46,223][root][INFO] - reg loss: 4.74538318694584, entropy loss: 0.1486180026537527, leaf dev: 0.08463530242443085
[2026-06-19 14:21:46,224][root][INFO] - Val leaf stats: tensor([1.0553e-02, 9.7497e-02, 2.9343e-01, 2.0405e-01, 8.6477e-02, 6.3597e-02,
        9.3388e-05, 1.8678e-03, 1.1160e-01, 2.6149e-03, 6.5372e-04, 1.6810e-03,
        3.6048e-02, 2.8016e-04, 8.5357e-02, 4.2025e-03])
[2026-06-19 14:22:10,608][root][INFO] - Epoch: 23 | train acc: 0.9486, train loss: 4.91859163, valid acc: 0.9013, valid loss: 0.29263747, test acc: 0.8786, test loss: 1.25732317
[2026-06-19 14:22:13,689][root][INFO] - reg loss: 4.745667467672358, entropy loss: 0.1469548314652115, leaf dev: 0.07605957984924316
[2026-06-19 14:22:13,690][root][INFO] - Val leaf stats: tensor([1.1487e-02, 9.6843e-02, 2.3440e-01, 2.0284e-01, 1.0572e-01, 1.0814e-01,
        9.3388e-05, 1.8678e-03, 1.1132e-01, 2.6149e-03, 5.6033e-04, 1.6810e-03,
        3.2126e-02, 2.8016e-04, 8.5730e-02, 4.2959e-03])
[2026-06-19 14:22:40,922][root][INFO] - Epoch: 24 | train acc: 0.9323, train loss: 4.98820554, valid acc: 0.9096, valid loss: 0.35477674, test acc: 0.8939, test loss: 1.55373838
[2026-06-19 14:22:44,378][root][INFO] - reg loss: 4.756008438332371, entropy loss: 0.14219197670303324, leaf dev: 0.09620773792266846
[2026-06-19 14:22:44,379][root][INFO] - Val leaf stats: tensor([1.3261e-02, 1.0487e-01, 1.4690e-01, 3.7337e-01, 1.1468e-01, 5.4725e-02,
        1.8678e-04, 7.4710e-04, 5.9768e-02, 2.2413e-03, 1.3074e-03, 1.9612e-03,
        2.4748e-02, 4.6694e-04, 9.3762e-02, 7.0041e-03])
[2026-06-19 14:23:14,319][root][INFO] - Epoch: 25 | train acc: 0.9307, train loss: 5.09354348, valid acc: 0.8996, valid loss: 0.37902167, test acc: 0.8659, test loss: 1.70578070
[2026-06-19 14:23:17,867][root][INFO] - reg loss: 4.845762792718474, entropy loss: 0.1429352314068527, leaf dev: 0.0907423198223114
[2026-06-19 14:23:17,869][root][INFO] - Val leaf stats: tensor([1.1860e-02, 1.4242e-01, 1.2654e-01, 3.4217e-01, 1.2206e-01, 6.0422e-02,
        1.8678e-04, 7.4710e-04, 6.3130e-02, 2.4281e-03, 1.6810e-03, 2.1479e-03,
        2.0639e-02, 5.6033e-04, 9.7404e-02, 5.6033e-03])
[2026-06-19 14:23:47,158][root][INFO] - Epoch: 26 | train acc: 0.9259, train loss: 5.09295587, valid acc: 0.9248, valid loss: 0.27174767, test acc: 0.9047, test loss: 1.60521344
[2026-06-19 14:23:50,806][root][INFO] - reg loss: 4.8463012402650545, entropy loss: 0.14233840260871503, leaf dev: 0.08951958268880844
[2026-06-19 14:23:50,807][root][INFO] - Val leaf stats: tensor([1.1207e-02, 1.4951e-01, 1.4167e-01, 3.3069e-01, 1.2028e-01, 5.3605e-02,
        1.8678e-04, 7.4710e-04, 6.4158e-02, 2.4281e-03, 1.8678e-03, 2.2413e-03,
        2.1292e-02, 4.6694e-04, 9.4042e-02, 5.6033e-03])
[2026-06-19 14:24:16,676][root][INFO] - Epoch: 27 | train acc: 0.9410, train loss: 5.06390484, valid acc: 0.9264, valid loss: 0.25699722, test acc: 0.9090, test loss: 1.64100870
[2026-06-19 14:24:18,816][root][INFO] - reg loss: 4.860300964779324, entropy loss: 0.1425364377795073, leaf dev: 0.08969615399837494
[2026-06-19 14:24:18,817][root][INFO] - Val leaf stats: tensor([1.2981e-02, 1.1832e-01, 1.6520e-01, 3.3153e-01, 1.2421e-01, 5.4072e-02,
        1.8678e-04, 8.4049e-04, 6.8267e-02, 2.5215e-03, 2.8016e-03, 2.3347e-03,
        1.9238e-02, 3.7355e-04, 9.1520e-02, 5.6033e-03])
[2026-06-19 14:24:42,289][root][INFO] - Epoch: 28 | train acc: 0.9456, train loss: 4.98731184, valid acc: 0.9300, valid loss: 0.24434819, test acc: 0.9111, test loss: 1.70605973
[2026-06-19 14:24:45,635][root][INFO] - reg loss: 4.7992133362583385, entropy loss: 0.14127532420334993, leaf dev: 0.0878736674785614
[2026-06-19 14:24:45,636][root][INFO] - Val leaf stats: tensor([1.3261e-02, 1.1347e-01, 1.7697e-01, 3.1789e-01, 1.2635e-01, 5.6967e-02,
        1.8678e-04, 8.4049e-04, 6.9294e-02, 2.4281e-03, 3.1752e-03, 2.7083e-03,
        1.7837e-02, 5.6033e-04, 9.2267e-02, 5.7901e-03])
[2026-06-19 14:25:09,536][root][INFO] - Epoch: 29 | train acc: 0.9478, train loss: 4.96604180, valid acc: 0.9305, valid loss: 0.24221115, test acc: 0.9087, test loss: 1.21668233
[2026-06-19 14:25:12,750][root][INFO] - reg loss: 4.785416903319182, entropy loss: 0.14117910795741612, leaf dev: 0.08416451513767242
[2026-06-19 14:25:12,752][root][INFO] - Val leaf stats: tensor([1.3448e-02, 1.1235e-01, 1.7109e-01, 2.9903e-01, 1.3980e-01, 7.1815e-02,
        2.8016e-04, 9.3388e-04, 6.6119e-02, 2.2413e-03, 6.1636e-03, 3.2686e-03,
        1.9518e-02, 4.6694e-04, 8.7878e-02, 5.6033e-03])
[2026-06-19 14:25:36,953][root][INFO] - Epoch: 30 | train acc: 0.9454, train loss: 4.98045094, valid acc: 0.9296, valid loss: 0.24297609, test acc: 0.9116, test loss: 1.27296561
[2026-06-19 14:25:38,497][root][INFO] - reg loss: 4.79333558158269, entropy loss: 0.13895216126921317, leaf dev: 0.0894983634352684
[2026-06-19 14:25:38,499][root][INFO] - Val leaf stats: tensor([1.4569e-02, 1.1393e-01, 2.0835e-01, 3.1677e-01, 1.0161e-01, 5.0056e-02,
        1.8678e-04, 1.1207e-03, 6.9014e-02, 2.0545e-03, 6.2570e-03, 3.4554e-03,
        1.9145e-02, 5.6033e-04, 8.7505e-02, 5.4165e-03])
[2026-06-19 14:26:05,010][root][INFO] - Epoch: 31 | train acc: 0.9484, train loss: 4.97241652, valid acc: 0.9338, valid loss: 0.23410185, test acc: 0.9130, test loss: 1.18621834
[2026-06-19 14:26:08,724][root][INFO] - reg loss: 4.785860503161395, entropy loss: 0.13606578261448593, leaf dev: 0.08662682771682739
[2026-06-19 14:26:08,730][root][INFO] - Val leaf stats: tensor([1.3635e-02, 1.1496e-01, 2.0583e-01, 3.0024e-01, 1.1412e-01, 5.5659e-02,
        2.8016e-04, 9.3388e-04, 7.2469e-02, 2.1479e-03, 5.6967e-03, 3.5487e-03,
        1.8584e-02, 5.6033e-04, 8.5730e-02, 5.6033e-03])
[2026-06-19 14:26:36,512][root][INFO] - Epoch: 32 | train acc: 0.9512, train loss: 4.92196217, valid acc: 0.9355, valid loss: 0.22790792, test acc: 0.9147, test loss: 1.18897804
[2026-06-19 14:26:39,301][root][INFO] - reg loss: 4.7557888182382735, entropy loss: 0.13323947732095365, leaf dev: 0.08388909697532654
[2026-06-19 14:26:39,303][root][INFO] - Val leaf stats: tensor([0.0113, 0.1263, 0.2503, 0.2464, 0.1151, 0.0552, 0.0003, 0.0011, 0.0732,
        0.0021, 0.0056, 0.0034, 0.0248, 0.0005, 0.0794, 0.0051])
[2026-06-19 14:27:09,670][root][INFO] - Epoch: 33 | train acc: 0.9534, train loss: 4.89466728, valid acc: 0.9369, valid loss: 0.21602511, test acc: 0.9163, test loss: 1.22492322
[2026-06-19 14:27:13,066][root][INFO] - reg loss: 4.734538370970065, entropy loss: 0.13520384859786463, leaf dev: 0.08304186910390854
[2026-06-19 14:27:13,067][root][INFO] - Val leaf stats: tensor([0.0148, 0.1243, 0.2601, 0.2315, 0.1125, 0.0569, 0.0003, 0.0011, 0.0770,
        0.0021, 0.0063, 0.0033, 0.0221, 0.0006, 0.0813, 0.0058])
[2026-06-19 14:27:39,779][root][INFO] - Epoch: 34 | train acc: 0.9562, train loss: 4.79594310, valid acc: 0.9379, valid loss: 0.21945888, test acc: 0.9190, test loss: 1.14581450
[2026-06-19 14:27:43,095][root][INFO] - reg loss: 4.642403140900627, entropy loss: 0.1317310083322424, leaf dev: 0.08345603942871094
[2026-06-19 14:27:43,096][root][INFO] - Val leaf stats: tensor([0.0145, 0.1190, 0.2693, 0.2240, 0.1145, 0.0572, 0.0003, 0.0012, 0.0845,
        0.0021, 0.0103, 0.0038, 0.0160, 0.0007, 0.0770, 0.0054])
[2026-06-19 14:28:10,504][root][INFO] - Epoch: 35 | train acc: 0.9521, train loss: 5.00452143, valid acc: 0.9393, valid loss: 0.21371193, test acc: 0.9177, test loss: 1.19056844
[2026-06-19 14:28:13,722][root][INFO] - reg loss: 4.841887284838964, entropy loss: 0.13706938236478775, leaf dev: 0.07961683720350266
[2026-06-19 14:28:13,723][root][INFO] - Val leaf stats: tensor([0.0148, 0.1217, 0.2450, 0.2171, 0.1299, 0.0685, 0.0003, 0.0010, 0.0844,
        0.0021, 0.0082, 0.0035, 0.0178, 0.0009, 0.0793, 0.0056])
[2026-06-19 14:28:44,780][root][INFO] - Epoch: 36 | train acc: 0.9404, train loss: 4.96256551, valid acc: 0.9377, valid loss: 0.22328367, test acc: 0.9162, test loss: 1.21049230
[2026-06-19 14:28:48,079][root][INFO] - reg loss: 4.753920360847756, entropy loss: 0.1347820504947945, leaf dev: 0.07888941466808319
[2026-06-19 14:28:48,080][root][INFO] - Val leaf stats: tensor([0.0145, 0.1162, 0.2392, 0.2115, 0.1466, 0.0660, 0.0003, 0.0011, 0.0851,
        0.0020, 0.0080, 0.0037, 0.0173, 0.0009, 0.0818, 0.0058])
[2026-06-19 14:29:12,222][root][INFO] - Epoch: 37 | train acc: 0.9563, train loss: 4.76420542, valid acc: 0.9381, valid loss: 0.21485693, test acc: 0.9166, test loss: 1.25949010
[2026-06-19 14:29:14,558][root][INFO] - reg loss: 4.613916328975132, entropy loss: 0.12892068516482752, leaf dev: 0.08311624079942703
[2026-06-19 14:29:14,559][root][INFO] - Val leaf stats: tensor([0.0139, 0.1136, 0.2698, 0.2232, 0.1156, 0.0586, 0.0003, 0.0014, 0.0822,
        0.0020, 0.0125, 0.0042, 0.0172, 0.0007, 0.0798, 0.0051])
[2026-06-19 14:29:44,917][root][INFO] - Epoch: 38 | train acc: 0.9580, train loss: 4.70539693, valid acc: 0.9407, valid loss: 0.21223276, test acc: 0.9177, test loss: 1.27188322
[2026-06-19 14:29:47,814][root][INFO] - reg loss: 4.559863186387158, entropy loss: 0.12212423574199122, leaf dev: 0.08341530710458755
[2026-06-19 14:29:47,815][root][INFO] - Val leaf stats: tensor([0.0131, 0.1090, 0.2739, 0.2219, 0.1156, 0.0596, 0.0003, 0.0014, 0.0813,
        0.0019, 0.0102, 0.0042, 0.0213, 0.0009, 0.0801, 0.0053])
[2026-06-19 14:30:12,790][root][INFO] - Epoch: 39 | train acc: 0.9593, train loss: 4.69299050, valid acc: 0.9423, valid loss: 0.20881860, test acc: 0.9188, test loss: 1.37464190
[2026-06-19 14:30:15,589][root][INFO] - reg loss: 4.551673929527323, entropy loss: 0.12048552776612932, leaf dev: 0.08107300847768784
[2026-06-19 14:30:15,590][root][INFO] - Val leaf stats: tensor([0.0142, 0.1122, 0.2614, 0.2243, 0.1116, 0.0608, 0.0003, 0.0015, 0.0776,
        0.0024, 0.0158, 0.0052, 0.0248, 0.0010, 0.0810, 0.0059])
[2026-06-19 14:30:41,650][root][INFO] - Epoch: 40 | train acc: 0.9602, train loss: 4.69140592, valid acc: 0.9421, valid loss: 0.20966014, test acc: 0.9189, test loss: 1.37919602
[2026-06-19 14:30:44,965][root][INFO] - reg loss: 4.553181355592435, entropy loss: 0.11607833257900975, leaf dev: 0.08179210871458054
[2026-06-19 14:30:44,967][root][INFO] - Val leaf stats: tensor([0.0159, 0.1120, 0.2642, 0.2237, 0.1109, 0.0604, 0.0004, 0.0018, 0.0826,
        0.0026, 0.0114, 0.0045, 0.0205, 0.0009, 0.0826, 0.0055])
[2026-06-19 14:31:10,886][root][INFO] - Epoch: 41 | train acc: 0.9617, train loss: 4.67137738, valid acc: 0.9432, valid loss: 0.21014075, test acc: 0.9191, test loss: 1.36132567
[2026-06-19 14:31:13,368][root][INFO] - reg loss: 4.537258241542433, entropy loss: 0.11689506680088699, leaf dev: 0.08084806799888611
[2026-06-19 14:31:13,370][root][INFO] - Val leaf stats: tensor([0.0181, 0.1081, 0.2662, 0.2159, 0.1134, 0.0610, 0.0005, 0.0022, 0.0854,
        0.0025, 0.0125, 0.0051, 0.0231, 0.0009, 0.0800, 0.0049])
[2026-06-19 14:31:40,998][root][INFO] - Epoch: 42 | train acc: 0.9597, train loss: 4.68937083, valid acc: 0.9387, valid loss: 0.21628222, test acc: 0.9176, test loss: 4.68264604
[2026-06-19 14:31:43,774][root][INFO] - reg loss: 4.549359677329896, entropy loss: 0.11691688726503383, leaf dev: 0.07950901240110397
[2026-06-19 14:31:43,775][root][INFO] - Val leaf stats: tensor([0.0134, 0.1066, 0.2536, 0.2188, 0.1053, 0.0602, 0.0004, 0.0017, 0.0907,
        0.0027, 0.0092, 0.0043, 0.0271, 0.0010, 0.0986, 0.0063])
[2026-06-19 14:32:11,011][root][INFO] - Epoch: 43 | train acc: 0.9547, train loss: 4.84508735, valid acc: 0.9369, valid loss: 0.23098227, test acc: 0.9165, test loss: 1.53557201
[2026-06-19 14:32:14,222][root][INFO] - reg loss: 4.6880185061661654, entropy loss: 0.11969833245510778, leaf dev: 0.07424382865428925
[2026-06-19 14:32:14,223][root][INFO] - Val leaf stats: tensor([0.0159, 0.1055, 0.2060, 0.1865, 0.1867, 0.0754, 0.0006, 0.0011, 0.0896,
        0.0026, 0.0097, 0.0041, 0.0240, 0.0008, 0.0854, 0.0062])
[2026-06-19 14:32:39,461][root][INFO] - Epoch: 44 | train acc: 0.9560, train loss: 4.88598238, valid acc: 0.9392, valid loss: 0.23004396, test acc: 0.9191, test loss: 1.42703496
[2026-06-19 14:32:43,402][root][INFO] - reg loss: 4.731851388537694, entropy loss: 0.12148893932028422, leaf dev: 0.0749467983841896
[2026-06-19 14:32:43,404][root][INFO] - Val leaf stats: tensor([0.0106, 0.1119, 0.2154, 0.1921, 0.1693, 0.0769, 0.0007, 0.0014, 0.0911,
        0.0026, 0.0084, 0.0026, 0.0261, 0.0009, 0.0844, 0.0055])
[2026-06-19 14:33:14,904][root][INFO] - Epoch: 45 | train acc: 0.9579, train loss: 4.81138398, valid acc: 0.9412, valid loss: 0.21864107, test acc: 0.9184, test loss: 1.43335101
[2026-06-19 14:33:17,733][root][INFO] - reg loss: 4.666732848636688, entropy loss: 0.11494286744682877, leaf dev: 0.07665407657623291
[2026-06-19 14:33:17,735][root][INFO] - Val leaf stats: tensor([0.0127, 0.1130, 0.2431, 0.1959, 0.1346, 0.0789, 0.0007, 0.0016, 0.0935,
        0.0027, 0.0086, 0.0031, 0.0259, 0.0008, 0.0798, 0.0052])
[2026-06-19 14:33:43,390][root][INFO] - Epoch: 46 | train acc: 0.9598, train loss: 4.73429511, valid acc: 0.9431, valid loss: 0.21153471, test acc: 0.9228, test loss: 1.44145988
[2026-06-19 14:33:45,687][root][INFO] - reg loss: 4.5963106887050404, entropy loss: 0.1090065374891594, leaf dev: 0.07789228111505508
[2026-06-19 14:33:45,688][root][INFO] - Val leaf stats: tensor([0.0138, 0.1124, 0.2517, 0.1986, 0.1292, 0.0718, 0.0007, 0.0020, 0.0932,
        0.0026, 0.0084, 0.0035, 0.0246, 0.0010, 0.0812, 0.0050])
[2026-06-19 14:34:15,398][root][INFO] - Epoch: 47 | train acc: 0.9613, train loss: 4.70539510, valid acc: 0.9427, valid loss: 0.21132838, test acc: 0.9202, test loss: 1.45060940
[2026-06-19 14:34:17,932][root][INFO] - reg loss: 4.572010479276142, entropy loss: 0.10867657291668432, leaf dev: 0.07971514016389847
[2026-06-19 14:34:17,933][root][INFO] - Val leaf stats: tensor([0.0135, 0.1076, 0.2625, 0.2018, 0.1212, 0.0713, 0.0007, 0.0020, 0.0943,
        0.0026, 0.0091, 0.0039, 0.0176, 0.0009, 0.0855, 0.0056])
[2026-06-19 14:34:47,177][root][INFO] - Epoch: 48 | train acc: 0.9616, train loss: 4.68678164, valid acc: 0.9435, valid loss: 0.21013814, test acc: 0.9192, test loss: 1.49052442
[2026-06-19 14:34:50,841][root][INFO] - reg loss: 4.554628478156196, entropy loss: 0.10650283922121008, leaf dev: 0.078756183385849
[2026-06-19 14:34:50,843][root][INFO] - Val leaf stats: tensor([0.0138, 0.1105, 0.2607, 0.2019, 0.1189, 0.0690, 0.0006, 0.0023, 0.0898,
        0.0027, 0.0133, 0.0052, 0.0237, 0.0009, 0.0813, 0.0052])
[2026-06-19 14:35:15,819][root][INFO] - Epoch: 49 | train acc: 0.9483, train loss: 4.77322664, valid acc: 0.9383, valid loss: 0.23004164, test acc: 0.9172, test loss: 1.50972952
[2026-06-19 14:35:18,128][root][INFO] - reg loss: 4.610526135358861, entropy loss: 0.10730019077737496, leaf dev: 0.07635627686977386
[2026-06-19 14:35:18,129][root][INFO] - Val leaf stats: tensor([0.0141, 0.1332, 0.2397, 0.1987, 0.1206, 0.0670, 0.0007, 0.0022, 0.0939,
        0.0027, 0.0127, 0.0051, 0.0228, 0.0009, 0.0804, 0.0051])
[2026-06-19 14:35:20,948][root][INFO] - Val leaf stats: tensor([0.0141, 0.1332, 0.2397, 0.1987, 0.1206, 0.0670, 0.0007, 0.0022, 0.0939,
        0.0027, 0.0127, 0.0051, 0.0228, 0.0009, 0.0804, 0.0051])
[2026-06-19 14:35:25,335][root][INFO] - Test leaf std: 0.08596695959568024, Val leaf std: 0.07635627686977386
[2026-06-19 14:35:29,028][root][INFO] - FINAL TEST | acc: 0.9172, loss: 1.5097, 
