[2026-06-08 21:04:19,478][root][INFO] - MLFlow server is starting on LOCAL with experiment STM_mnist_iafff_hard_seed...
[2026-06-08 21:04:19,937][root][INFO] - MLFlow run ID: 179bd0f44c3047b6b7d94bbaeac32b3d, status: RUNNING
[2026-06-08 21:04:20,071][root][INFO] - Starting experiment IATrain...
[2026-06-08 21:04:46,264][root][INFO] - Epoch: 0 | train acc: 0.5833, train loss: 2.13520217, valid acc: 0.7352, valid loss: 0.90207727, test acc: 0.7554, test loss: 0.84981437
[2026-06-08 21:04:47,003][root][INFO] - reg loss: 12.818561095111775, entropy loss: 0.41713913684746007, leaf dev: 0.08647269010543823
[2026-06-08 21:04:47,007][root][INFO] - Val leaf stats: tensor([0.2590, 0.1012, 0.0000, 0.0042, 0.0105, 0.2088, 0.0008, 0.1312, 0.0000,
        0.0698, 0.0010, 0.0000, 0.0000, 0.0000, 0.1728, 0.0407])
[2026-06-08 21:05:13,509][root][INFO] - Epoch: 1 | train acc: 0.8073, train loss: 1.30538651, valid acc: 0.8310, valid loss: 0.55486904, test acc: 0.8385, test loss: 0.54410134
[2026-06-08 21:05:14,196][root][INFO] - reg loss: 9.600115875028214, entropy loss: 0.330883209154291, leaf dev: 0.0917208343744278
[2026-06-08 21:05:14,197][root][INFO] - Val leaf stats: tensor([0.3223, 0.0817, 0.0005, 0.0233, 0.0030, 0.0825, 0.0077, 0.1908, 0.0000,
        0.0900, 0.0057, 0.0000, 0.0000, 0.0000, 0.1580, 0.0345])
[2026-06-08 21:05:40,777][root][INFO] - Epoch: 2 | train acc: 0.8563, train loss: 1.10175719, valid acc: 0.8643, valid loss: 0.48481796, test acc: 0.8655, test loss: 0.48030985
[2026-06-08 21:05:41,498][root][INFO] - reg loss: 8.991559262545604, entropy loss: 0.30839372918290914, leaf dev: 0.10449754446744919
[2026-06-08 21:05:41,499][root][INFO] - Val leaf stats: tensor([0.3977, 0.0935, 0.0000, 0.0142, 0.0005, 0.0243, 0.0018, 0.1427, 0.0000,
        0.1218, 0.0080, 0.0000, 0.0000, 0.0000, 0.1438, 0.0517])
[2026-06-08 21:06:08,100][root][INFO] - Epoch: 3 | train acc: 0.8739, train loss: 0.99638044, valid acc: 0.6643, valid loss: 1.03618590, test acc: 0.6742, test loss: 1.00651897
[2026-06-08 21:06:08,914][root][INFO] - reg loss: 8.598610752033737, entropy loss: 0.28311636959606745, leaf dev: 0.10573169589042664
[2026-06-08 21:06:08,915][root][INFO] - Val leaf stats: tensor([1.2133e-01, 6.0000e-03, 0.0000e+00, 0.0000e+00, 0.0000e+00, 3.3333e-04,
        2.5000e-03, 4.0333e-02, 0.0000e+00, 2.4000e-01, 1.4150e-01, 0.0000e+00,
        0.0000e+00, 0.0000e+00, 3.5783e-01, 9.0167e-02])
[2026-06-08 21:06:35,463][root][INFO] - Epoch: 4 | train acc: 0.8433, train loss: 1.03558448, valid acc: 0.8912, valid loss: 0.37841049, test acc: 0.8920, test loss: 0.38224446
[2026-06-08 21:06:36,153][root][INFO] - reg loss: 7.434950207764247, entropy loss: 0.254529503578285, leaf dev: 0.08939854800701141
[2026-06-08 21:06:36,154][root][INFO] - Val leaf stats: tensor([3.0383e-01, 6.2000e-02, 0.0000e+00, 1.6667e-04, 8.3333e-04, 1.0667e-02,
        9.1667e-03, 1.3533e-01, 0.0000e+00, 7.0000e-02, 1.3533e-01, 0.0000e+00,
        0.0000e+00, 0.0000e+00, 1.9683e-01, 7.5833e-02])
[2026-06-08 21:07:02,765][root][INFO] - Epoch: 5 | train acc: 0.8976, train loss: 0.84093159, valid acc: 0.8640, valid loss: 0.44703303, test acc: 0.8663, test loss: 0.43614798
[2026-06-08 21:07:03,495][root][INFO] - reg loss: 7.416988512255111, entropy loss: 0.24020775899572192, leaf dev: 0.09135032445192337
[2026-06-08 21:07:03,496][root][INFO] - Val leaf stats: tensor([0.3263, 0.0675, 0.0000, 0.0005, 0.0008, 0.0213, 0.0135, 0.1678, 0.0000,
        0.1422, 0.1443, 0.0000, 0.0000, 0.0003, 0.0655, 0.0498])
[2026-06-08 21:07:30,034][root][INFO] - Epoch: 6 | train acc: 0.9046, train loss: 0.80653653, valid acc: 0.9052, valid loss: 0.33726704, test acc: 0.9030, test loss: 0.34352255
[2026-06-08 21:07:30,741][root][INFO] - reg loss: 7.3934193692117365, entropy loss: 0.23565774425020758, leaf dev: 0.08694681525230408
[2026-06-08 21:07:30,742][root][INFO] - Val leaf stats: tensor([2.7700e-01, 4.2333e-02, 0.0000e+00, 1.3333e-03, 1.6667e-04, 2.0000e-02,
        9.1667e-03, 1.5200e-01, 0.0000e+00, 6.0000e-02, 1.4967e-01, 0.0000e+00,
        0.0000e+00, 3.8333e-03, 2.0267e-01, 8.1833e-02])
[2026-06-08 21:07:57,512][root][INFO] - Epoch: 7 | train acc: 0.9094, train loss: 0.77550869, valid acc: 0.9088, valid loss: 0.33746308, test acc: 0.9078, test loss: 0.33648165
[2026-06-08 21:07:58,208][root][INFO] - reg loss: 7.1058351903591515, entropy loss: 0.22852043188967794, leaf dev: 0.08135352283716202
[2026-06-08 21:07:58,209][root][INFO] - Val leaf stats: tensor([0.2797, 0.1085, 0.0000, 0.0037, 0.0007, 0.0427, 0.0177, 0.1617, 0.0000,
        0.0855, 0.0682, 0.0000, 0.0000, 0.0062, 0.1678, 0.0578])
[2026-06-08 21:08:24,972][root][INFO] - Epoch: 8 | train acc: 0.9162, train loss: 0.74304526, valid acc: 0.8992, valid loss: 0.35974089, test acc: 0.8928, test loss: 0.36653925
[2026-06-08 21:08:25,714][root][INFO] - reg loss: 7.041920212079894, entropy loss: 0.22626926567194597, leaf dev: 0.0842256024479866
[2026-06-08 21:08:25,715][root][INFO] - Val leaf stats: tensor([0.2850, 0.1320, 0.0000, 0.0007, 0.0003, 0.0030, 0.0040, 0.1105, 0.0000,
        0.1117, 0.1045, 0.0000, 0.0000, 0.0060, 0.1723, 0.0700])
[2026-06-08 21:08:52,517][root][INFO] - Epoch: 9 | train acc: 0.9195, train loss: 0.70850999, valid acc: 0.9145, valid loss: 0.29691970, test acc: 0.9142, test loss: 0.29860455
[2026-06-08 21:08:53,257][root][INFO] - reg loss: 6.8835205536968305, entropy loss: 0.21676654832543069, leaf dev: 0.08358774334192276
[2026-06-08 21:08:53,258][root][INFO] - Val leaf stats: tensor([0.2970, 0.0965, 0.0000, 0.0003, 0.0008, 0.0165, 0.0095, 0.1458, 0.0000,
        0.1045, 0.0992, 0.0000, 0.0000, 0.0082, 0.1480, 0.0737])
[2026-06-08 21:09:20,461][root][INFO] - Epoch: 10 | train acc: 0.9159, train loss: 0.72152848, valid acc: 0.9147, valid loss: 0.31002926, test acc: 0.9121, test loss: 0.30850378
[2026-06-08 21:09:21,190][root][INFO] - reg loss: 6.881017864875074, entropy loss: 0.21733647345934273, leaf dev: 0.0871332511305809
[2026-06-08 21:09:21,191][root][INFO] - Val leaf stats: tensor([0.3023, 0.0710, 0.0000, 0.0008, 0.0085, 0.0535, 0.0238, 0.1910, 0.0000,
        0.0775, 0.0410, 0.0000, 0.0000, 0.0087, 0.1725, 0.0493])
[2026-06-08 21:09:48,281][root][INFO] - Epoch: 11 | train acc: 0.9215, train loss: 0.67400126, valid acc: 0.9148, valid loss: 0.31050763, test acc: 0.9145, test loss: 0.31111500
[2026-06-08 21:09:49,049][root][INFO] - reg loss: 6.507810151801919, entropy loss: 0.20447376721872473, leaf dev: 0.0920092985033989
[2026-06-08 21:09:49,050][root][INFO] - Val leaf stats: tensor([0.3098, 0.0860, 0.0000, 0.0005, 0.0008, 0.0030, 0.0205, 0.1588, 0.0000,
        0.0238, 0.1048, 0.0000, 0.0000, 0.0125, 0.2093, 0.0700])
[2026-06-08 21:10:15,854][root][INFO] - Epoch: 12 | train acc: 0.9203, train loss: 0.67853486, valid acc: 0.9158, valid loss: 0.29191228, test acc: 0.9172, test loss: 0.29742222
[2026-06-08 21:10:16,558][root][INFO] - reg loss: 6.589749790587515, entropy loss: 0.20436220517698325, leaf dev: 0.08376240730285645
[2026-06-08 21:10:16,559][root][INFO] - Val leaf stats: tensor([0.2683, 0.0998, 0.0000, 0.0018, 0.0022, 0.0322, 0.0130, 0.1602, 0.0000,
        0.0288, 0.1120, 0.0000, 0.0000, 0.0112, 0.2017, 0.0688])
[2026-06-08 21:10:43,283][root][INFO] - Epoch: 13 | train acc: 0.9299, train loss: 0.63807503, valid acc: 0.9212, valid loss: 0.28107898, test acc: 0.9205, test loss: 0.28198718
[2026-06-08 21:10:44,041][root][INFO] - reg loss: 6.506888047704157, entropy loss: 0.19983111307868417, leaf dev: 0.08044804632663727
[2026-06-08 21:10:44,042][root][INFO] - Val leaf stats: tensor([0.2527, 0.1305, 0.0000, 0.0020, 0.0013, 0.0133, 0.0095, 0.1447, 0.0000,
        0.0497, 0.1317, 0.0000, 0.0000, 0.0133, 0.1802, 0.0712])
[2026-06-08 21:11:10,930][root][INFO] - Epoch: 14 | train acc: 0.9017, train loss: 0.71629507, valid acc: 0.8813, valid loss: 0.38395528, test acc: 0.8834, test loss: 0.38054984
[2026-06-08 21:11:11,858][root][INFO] - reg loss: 6.296117598155759, entropy loss: 0.19422616908010445, leaf dev: 0.09268179535865784
[2026-06-08 21:11:11,859][root][INFO] - Val leaf stats: tensor([5.6000e-02, 1.1833e-02, 0.0000e+00, 1.6667e-04, 3.9167e-02, 8.1667e-03,
        9.2000e-02, 3.4450e-01, 0.0000e+00, 4.7667e-02, 1.1733e-01, 0.0000e+00,
        0.0000e+00, 1.6333e-02, 1.9433e-01, 7.2500e-02])
[2026-06-08 21:11:38,636][root][INFO] - Epoch: 15 | train acc: 0.9042, train loss: 0.69190975, valid acc: 0.8965, valid loss: 0.34061252, test acc: 0.9006, test loss: 0.34752134
[2026-06-08 21:11:39,335][root][INFO] - reg loss: 6.04986221385452, entropy loss: 0.1889113260889953, leaf dev: 0.08819055557250977
[2026-06-08 21:11:39,336][root][INFO] - Val leaf stats: tensor([1.1267e-01, 3.4333e-02, 0.0000e+00, 5.0000e-04, 2.6167e-02, 6.5000e-03,
        7.6000e-02, 3.0233e-01, 0.0000e+00, 1.6667e-04, 1.4250e-01, 0.0000e+00,
        0.0000e+00, 2.7667e-02, 2.0467e-01, 6.6500e-02])
[2026-06-08 21:12:05,829][root][INFO] - Epoch: 16 | train acc: 0.9215, train loss: 0.62744290, valid acc: 0.9167, valid loss: 0.29655381, test acc: 0.9190, test loss: 0.29486510
[2026-06-08 21:12:06,548][root][INFO] - reg loss: 5.941215078785734, entropy loss: 0.182062030119716, leaf dev: 0.07885359227657318
[2026-06-08 21:12:06,549][root][INFO] - Val leaf stats: tensor([1.9183e-01, 9.8500e-02, 0.0000e+00, 1.6667e-03, 1.1000e-02, 3.3333e-04,
        6.0167e-02, 1.9650e-01, 0.0000e+00, 1.6667e-04, 1.5450e-01, 0.0000e+00,
        0.0000e+00, 1.6500e-02, 1.9200e-01, 7.6833e-02])
[2026-06-08 21:12:33,092][root][INFO] - Epoch: 17 | train acc: 0.9305, train loss: 0.59663152, valid acc: 0.9192, valid loss: 0.28332559, test acc: 0.9197, test loss: 0.28373831
[2026-06-08 21:12:33,790][root][INFO] - reg loss: 5.951607992064278, entropy loss: 0.1815124125975483, leaf dev: 0.07997158914804459
[2026-06-08 21:12:33,791][root][INFO] - Val leaf stats: tensor([2.2433e-01, 1.0917e-01, 0.0000e+00, 4.5000e-03, 1.6000e-02, 5.0000e-04,
        5.6667e-02, 2.0183e-01, 0.0000e+00, 1.6667e-04, 1.2733e-01, 0.0000e+00,
        0.0000e+00, 1.5667e-02, 1.7567e-01, 6.8167e-02])
[2026-06-08 21:13:00,261][root][INFO] - Epoch: 18 | train acc: 0.9358, train loss: 0.57370837, valid acc: 0.9238, valid loss: 0.27184866, test acc: 0.9261, test loss: 0.26844140
[2026-06-08 21:13:00,970][root][INFO] - reg loss: 5.9241637238916365, entropy loss: 0.17841201598914164, leaf dev: 0.07854578644037247
[2026-06-08 21:13:00,971][root][INFO] - Val leaf stats: tensor([2.0250e-01, 1.1350e-01, 0.0000e+00, 2.5000e-03, 1.7167e-02, 6.6667e-04,
        5.7333e-02, 1.9650e-01, 0.0000e+00, 1.6667e-04, 1.5117e-01, 0.0000e+00,
        0.0000e+00, 1.2833e-02, 1.7650e-01, 6.9167e-02])
[2026-06-08 21:13:27,535][root][INFO] - Epoch: 19 | train acc: 0.9219, train loss: 0.61630257, valid acc: 0.9180, valid loss: 0.28581099, test acc: 0.9214, test loss: 0.28580363
[2026-06-08 21:13:28,232][root][INFO] - reg loss: 5.935643281576769, entropy loss: 0.17797570085188127, leaf dev: 0.08040812611579895
[2026-06-08 21:13:28,233][root][INFO] - Val leaf stats: tensor([2.1083e-01, 8.1833e-02, 0.0000e+00, 4.5000e-03, 1.3167e-02, 8.3333e-04,
        5.4167e-02, 1.8383e-01, 0.0000e+00, 1.6667e-04, 9.9333e-02, 0.0000e+00,
        0.0000e+00, 3.5333e-02, 2.3000e-01, 8.6000e-02])
[2026-06-08 21:13:54,943][root][INFO] - Epoch: 20 | train acc: 0.9304, train loss: 0.58043375, valid acc: 0.8695, valid loss: 0.40408900, test acc: 0.8682, test loss: 0.42728224
[2026-06-08 21:13:55,670][root][INFO] - reg loss: 5.880891363575773, entropy loss: 0.1723398136080436, leaf dev: 0.09404481202363968
[2026-06-08 21:13:55,671][root][INFO] - Val leaf stats: tensor([0.1997, 0.0918, 0.0000, 0.0035, 0.0150, 0.0013, 0.0478, 0.2035, 0.0000,
        0.0005, 0.3100, 0.0000, 0.0000, 0.0113, 0.0540, 0.0615])
[2026-06-08 21:14:22,435][root][INFO] - Epoch: 21 | train acc: 0.9212, train loss: 0.58824670, valid acc: 0.9167, valid loss: 0.28668688, test acc: 0.9184, test loss: 0.29317859
[2026-06-08 21:14:23,175][root][INFO] - reg loss: 5.789347662115997, entropy loss: 0.16056640572705358, leaf dev: 0.07726922631263733
[2026-06-08 21:14:23,176][root][INFO] - Val leaf stats: tensor([2.0933e-01, 7.5333e-02, 0.0000e+00, 0.0000e+00, 1.6833e-02, 1.3333e-03,
        6.9000e-02, 1.7967e-01, 0.0000e+00, 1.6667e-04, 1.5350e-01, 0.0000e+00,
        0.0000e+00, 2.4333e-02, 1.8267e-01, 8.7833e-02])
[2026-06-08 21:14:49,905][root][INFO] - Epoch: 22 | train acc: 0.9354, train loss: 0.52547716, valid acc: 0.9210, valid loss: 0.27067138, test acc: 0.9233, test loss: 0.27890056
[2026-06-08 21:14:50,614][root][INFO] - reg loss: 5.697485010578947, entropy loss: 0.15333323532117987, leaf dev: 0.0789642482995987
[2026-06-08 21:14:50,614][root][INFO] - Val leaf stats: tensor([2.0700e-01, 8.9833e-02, 0.0000e+00, 0.0000e+00, 1.9000e-02, 1.3333e-03,
        5.9167e-02, 1.9567e-01, 0.0000e+00, 1.6667e-04, 9.7167e-02, 0.0000e+00,
        0.0000e+00, 3.2000e-02, 2.1217e-01, 8.6500e-02])
[2026-06-08 21:15:17,181][root][INFO] - Epoch: 23 | train acc: 0.9401, train loss: 0.50645187, valid acc: 0.9265, valid loss: 0.25639549, test acc: 0.9278, test loss: 0.26382694
[2026-06-08 21:15:18,025][root][INFO] - reg loss: 5.667142220263211, entropy loss: 0.15182014962412277, leaf dev: 0.07899866253137589
[2026-06-08 21:15:18,026][root][INFO] - Val leaf stats: tensor([2.1567e-01, 8.3833e-02, 0.0000e+00, 0.0000e+00, 1.9167e-02, 1.3333e-03,
        5.5167e-02, 1.9317e-01, 0.0000e+00, 1.6667e-04, 1.2200e-01, 0.0000e+00,
        0.0000e+00, 2.6667e-02, 1.9733e-01, 8.5500e-02])
[2026-06-08 21:15:44,931][root][INFO] - Epoch: 24 | train acc: 0.9326, train loss: 0.51727733, valid acc: 0.9012, valid loss: 0.32466244, test acc: 0.9054, test loss: 0.32241348
[2026-06-08 21:15:45,636][root][INFO] - reg loss: 5.642250780789357, entropy loss: 0.14654822478879173, leaf dev: 0.08625296503305435
[2026-06-08 21:15:45,636][root][INFO] - Val leaf stats: tensor([0.1890, 0.0975, 0.0000, 0.0000, 0.0140, 0.0007, 0.0030, 0.1958, 0.0000,
        0.0003, 0.2415, 0.0000, 0.0000, 0.0145, 0.1542, 0.0895])
[2026-06-08 21:16:12,302][root][INFO] - Epoch: 25 | train acc: 0.9306, train loss: 0.52101907, valid acc: 0.9177, valid loss: 0.29369321, test acc: 0.9145, test loss: 0.30257723
[2026-06-08 21:16:13,133][root][INFO] - reg loss: 5.590767230627672, entropy loss: 0.1430559127398257, leaf dev: 0.08706589788198471
[2026-06-08 21:16:13,134][root][INFO] - Val leaf stats: tensor([0.2670, 0.1362, 0.0000, 0.0000, 0.0057, 0.0003, 0.0017, 0.1483, 0.0000,
        0.0003, 0.1440, 0.0000, 0.0000, 0.0193, 0.1877, 0.0895])
[2026-06-08 21:16:39,701][root][INFO] - Epoch: 26 | train acc: 0.9359, train loss: 0.49672204, valid acc: 0.9235, valid loss: 0.27579386, test acc: 0.9251, test loss: 0.27188075
[2026-06-08 21:16:40,451][root][INFO] - reg loss: 5.545582969233675, entropy loss: 0.1398021847290813, leaf dev: 0.08734060823917389
[2026-06-08 21:16:40,451][root][INFO] - Val leaf stats: tensor([2.5950e-01, 1.2433e-01, 0.0000e+00, 0.0000e+00, 5.1667e-03, 6.6667e-04,
        1.3333e-03, 1.6033e-01, 0.0000e+00, 1.6667e-04, 1.3517e-01, 0.0000e+00,
        0.0000e+00, 2.0500e-02, 2.0483e-01, 8.8000e-02])
[2026-06-08 21:17:07,153][root][INFO] - Epoch: 27 | train acc: 0.9408, train loss: 0.47890882, valid acc: 0.9260, valid loss: 0.26868033, test acc: 0.9258, test loss: 0.26966288
[2026-06-08 21:17:07,868][root][INFO] - reg loss: 5.5302134864735155, entropy loss: 0.1387830656373276, leaf dev: 0.08700008690357208
[2026-06-08 21:17:07,868][root][INFO] - Val leaf stats: tensor([2.4383e-01, 1.0883e-01, 0.0000e+00, 0.0000e+00, 9.5000e-03, 8.3333e-04,
        3.5000e-03, 2.0067e-01, 0.0000e+00, 1.6667e-04, 1.3383e-01, 0.0000e+00,
        0.0000e+00, 1.9667e-02, 1.9917e-01, 8.0000e-02])
[2026-06-08 21:17:34,591][root][INFO] - Epoch: 28 | train acc: 0.9428, train loss: 0.47298527, valid acc: 0.9290, valid loss: 0.25834458, test acc: 0.9274, test loss: 0.26698497
[2026-06-08 21:17:35,306][root][INFO] - reg loss: 5.523346104711856, entropy loss: 0.13912351176423846, leaf dev: 0.08581200242042542
[2026-06-08 21:17:35,307][root][INFO] - Val leaf stats: tensor([0.2267, 0.1122, 0.0000, 0.0000, 0.0087, 0.0008, 0.0032, 0.1895, 0.0000,
        0.0003, 0.1437, 0.0000, 0.0000, 0.0152, 0.2098, 0.0900])
[2026-06-08 21:18:01,910][root][INFO] - Epoch: 29 | train acc: 0.9441, train loss: 0.46850373, valid acc: 0.9295, valid loss: 0.26475957, test acc: 0.9300, test loss: 0.26368838
[2026-06-08 21:18:02,855][root][INFO] - reg loss: 5.540130075418724, entropy loss: 0.13977648233467677, leaf dev: 0.08451865613460541
[2026-06-08 21:18:02,856][root][INFO] - Val leaf stats: tensor([2.2167e-01, 1.4117e-01, 0.0000e+00, 0.0000e+00, 8.0000e-03, 8.3333e-04,
        3.0000e-03, 1.7783e-01, 0.0000e+00, 1.6667e-04, 1.3283e-01, 0.0000e+00,
        0.0000e+00, 2.0500e-02, 2.0867e-01, 8.5333e-02])
[2026-06-08 21:18:29,471][root][INFO] - Epoch: 30 | train acc: 0.9450, train loss: 0.46183066, valid acc: 0.9308, valid loss: 0.26313288, test acc: 0.9301, test loss: 0.26453330
[2026-06-08 21:18:30,250][root][INFO] - reg loss: 5.526334924517937, entropy loss: 0.1378092162732808, leaf dev: 0.08501758426427841
[2026-06-08 21:18:30,251][root][INFO] - Val leaf stats: tensor([2.3450e-01, 1.2550e-01, 0.0000e+00, 0.0000e+00, 8.1667e-03, 6.6667e-04,
        3.0000e-03, 1.7017e-01, 0.0000e+00, 1.6667e-04, 1.4200e-01, 0.0000e+00,
        0.0000e+00, 2.1167e-02, 2.0700e-01, 8.7667e-02])
[2026-06-08 21:18:56,990][root][INFO] - Epoch: 31 | train acc: 0.9445, train loss: 0.46626585, valid acc: 0.9303, valid loss: 0.26335009, test acc: 0.9289, test loss: 0.26455470
[2026-06-08 21:18:57,700][root][INFO] - reg loss: 5.516155107966009, entropy loss: 0.13889345709445342, leaf dev: 0.08644101023674011
[2026-06-08 21:18:57,701][root][INFO] - Val leaf stats: tensor([0.2475, 0.1408, 0.0000, 0.0000, 0.0105, 0.0012, 0.0057, 0.2000, 0.0000,
        0.0003, 0.1233, 0.0000, 0.0000, 0.0192, 0.1812, 0.0703])
[2026-06-08 21:19:24,688][root][INFO] - Epoch: 32 | train acc: 0.9469, train loss: 0.45372472, valid acc: 0.9335, valid loss: 0.25979740, test acc: 0.9328, test loss: 0.25272891
[2026-06-08 21:19:25,404][root][INFO] - reg loss: 5.497209175577703, entropy loss: 0.13638941845241584, leaf dev: 0.08553242683410645
[2026-06-08 21:19:25,405][root][INFO] - Val leaf stats: tensor([0.2315, 0.1382, 0.0000, 0.0000, 0.0090, 0.0007, 0.0030, 0.1733, 0.0000,
        0.0003, 0.1365, 0.0000, 0.0000, 0.0142, 0.2082, 0.0852])
[2026-06-08 21:19:52,102][root][INFO] - Epoch: 33 | train acc: 0.9456, train loss: 0.45703555, valid acc: 0.9292, valid loss: 0.26905713, test acc: 0.9314, test loss: 0.25953951
[2026-06-08 21:19:52,836][root][INFO] - reg loss: 5.503301894889687, entropy loss: 0.13540038100953372, leaf dev: 0.08410784602165222
[2026-06-08 21:19:52,837][root][INFO] - Val leaf stats: tensor([0.1940, 0.1397, 0.0000, 0.0000, 0.0052, 0.0008, 0.0022, 0.1657, 0.0000,
        0.0005, 0.1640, 0.0000, 0.0000, 0.0153, 0.2195, 0.0932])
[2026-06-08 21:20:19,538][root][INFO] - Epoch: 34 | train acc: 0.9473, train loss: 0.45457799, valid acc: 0.9168, valid loss: 0.29614403, test acc: 0.9166, test loss: 0.30781944
[2026-06-08 21:20:20,263][root][INFO] - reg loss: 5.516655134704878, entropy loss: 0.1362773688896647, leaf dev: 0.08858392387628555
[2026-06-08 21:20:20,264][root][INFO] - Val leaf stats: tensor([0.1715, 0.0890, 0.0000, 0.0000, 0.0030, 0.0005, 0.0022, 0.1322, 0.0000,
        0.0008, 0.2248, 0.0000, 0.0000, 0.0182, 0.2513, 0.1065])
[2026-06-08 21:20:46,945][root][INFO] - Epoch: 35 | train acc: 0.9436, train loss: 0.47161866, valid acc: 0.8930, valid loss: 0.39549893, test acc: 0.8944, test loss: 0.39783687
[2026-06-08 21:20:47,841][root][INFO] - reg loss: 5.528694904075478, entropy loss: 0.13783166501319633, leaf dev: 0.1050800234079361
[2026-06-08 21:20:47,841][root][INFO] - Val leaf stats: tensor([1.3200e-01, 7.0500e-02, 0.0000e+00, 0.0000e+00, 2.5000e-03, 1.6667e-04,
        3.3333e-04, 5.1833e-02, 0.0000e+00, 8.3333e-04, 3.1767e-01, 0.0000e+00,
        0.0000e+00, 1.2500e-02, 2.9867e-01, 1.1300e-01])
[2026-06-08 21:21:14,680][root][INFO] - Epoch: 36 | train acc: 0.9429, train loss: 0.47282929, valid acc: 0.9328, valid loss: 0.25288813, test acc: 0.9321, test loss: 0.25444501
[2026-06-08 21:21:15,405][root][INFO] - reg loss: 5.457173050574537, entropy loss: 0.13730137626517494, leaf dev: 0.08435996621847153
[2026-06-08 21:21:15,406][root][INFO] - Val leaf stats: tensor([0.2378, 0.1405, 0.0000, 0.0000, 0.0083, 0.0008, 0.0027, 0.1673, 0.0000,
        0.0005, 0.1153, 0.0000, 0.0000, 0.0338, 0.2078, 0.0850])
[2026-06-08 21:21:42,051][root][INFO] - Epoch: 37 | train acc: 0.9491, train loss: 0.44852958, valid acc: 0.9312, valid loss: 0.26242283, test acc: 0.9360, test loss: 0.24622278
[2026-06-08 21:21:42,797][root][INFO] - reg loss: 5.409199264814269, entropy loss: 0.13661154176828996, leaf dev: 0.08357542753219604
[2026-06-08 21:21:42,797][root][INFO] - Val leaf stats: tensor([0.2105, 0.1515, 0.0000, 0.0000, 0.0070, 0.0007, 0.0028, 0.1597, 0.0000,
        0.0005, 0.1307, 0.0000, 0.0000, 0.0267, 0.2207, 0.0893])
[2026-06-08 21:22:09,389][root][INFO] - Epoch: 38 | train acc: 0.9481, train loss: 0.45039396, valid acc: 0.9252, valid loss: 0.27994910, test acc: 0.9248, test loss: 0.28597780
[2026-06-08 21:22:10,390][root][INFO] - reg loss: 5.421583207148426, entropy loss: 0.1358018454234555, leaf dev: 0.0874284878373146
[2026-06-08 21:22:10,391][root][INFO] - Val leaf stats: tensor([0.2915, 0.0952, 0.0000, 0.0000, 0.0197, 0.0010, 0.0047, 0.1717, 0.0000,
        0.0007, 0.1255, 0.0000, 0.0000, 0.0438, 0.1743, 0.0720])
[2026-06-08 21:22:37,017][root][INFO] - Epoch: 39 | train acc: 0.9402, train loss: 0.47763289, valid acc: 0.9195, valid loss: 0.31284146, test acc: 0.9185, test loss: 0.30994352
[2026-06-08 21:22:37,741][root][INFO] - reg loss: 5.499408492502177, entropy loss: 0.1373186616121598, leaf dev: 0.09182481467723846
[2026-06-08 21:22:37,742][root][INFO] - Val leaf stats: tensor([0.1827, 0.1407, 0.0000, 0.0000, 0.0142, 0.0008, 0.0007, 0.0552, 0.0000,
        0.0008, 0.2660, 0.0008, 0.0000, 0.0093, 0.2263, 0.1025])
[2026-06-08 21:23:04,381][root][INFO] - Epoch: 40 | train acc: 0.9442, train loss: 0.46942863, valid acc: 0.9313, valid loss: 0.26473441, test acc: 0.9279, test loss: 0.26637096
[2026-06-08 21:23:05,227][root][INFO] - reg loss: 5.528650801136808, entropy loss: 0.13495194897899088, leaf dev: 0.07988164573907852
[2026-06-08 21:23:05,228][root][INFO] - Val leaf stats: tensor([0.2147, 0.1472, 0.0000, 0.0000, 0.0245, 0.0020, 0.0043, 0.1423, 0.0000,
        0.0008, 0.1758, 0.0213, 0.0000, 0.0088, 0.1782, 0.0800])
[2026-06-08 21:23:32,052][root][INFO] - Epoch: 41 | train acc: 0.9437, train loss: 0.45976278, valid acc: 0.9252, valid loss: 0.28203190, test acc: 0.9238, test loss: 0.28170417
[2026-06-08 21:23:32,782][root][INFO] - reg loss: 5.401157653556679, entropy loss: 0.13066893914398156, leaf dev: 0.0917021781206131
[2026-06-08 21:23:32,783][root][INFO] - Val leaf stats: tensor([2.9833e-01, 2.9000e-02, 0.0000e+00, 0.0000e+00, 3.5333e-02, 3.3333e-03,
        9.0000e-03, 1.7083e-01, 0.0000e+00, 1.6667e-04, 1.2717e-01, 9.3333e-03,
        0.0000e+00, 1.9000e-02, 2.0883e-01, 8.9667e-02])
[2026-06-08 21:23:59,826][root][INFO] - Epoch: 42 | train acc: 0.9401, train loss: 0.46508127, valid acc: 0.9230, valid loss: 0.30420257, test acc: 0.9160, test loss: 0.32886616
[2026-06-08 21:24:00,602][root][INFO] - reg loss: 5.351817589885783, entropy loss: 0.1268804245540556, leaf dev: 0.09147108346223831
[2026-06-08 21:24:00,602][root][INFO] - Val leaf stats: tensor([2.7683e-01, 3.2667e-02, 0.0000e+00, 1.6667e-04, 5.2667e-02, 5.1667e-03,
        3.2667e-02, 2.3000e-01, 0.0000e+00, 3.3333e-04, 5.9500e-02, 3.3333e-04,
        0.0000e+00, 3.2667e-02, 2.1117e-01, 6.5833e-02])
[2026-06-08 21:24:27,253][root][INFO] - Epoch: 43 | train acc: 0.9342, train loss: 0.48822893, valid acc: 0.9277, valid loss: 0.27147120, test acc: 0.9274, test loss: 0.28012891
[2026-06-08 21:24:27,974][root][INFO] - reg loss: 5.3603381525795415, entropy loss: 0.12747757734273965, leaf dev: 0.08900459855794907
[2026-06-08 21:24:27,975][root][INFO] - Val leaf stats: tensor([2.6000e-01, 5.4667e-02, 0.0000e+00, 0.0000e+00, 3.2167e-02, 3.6667e-03,
        2.0000e-02, 1.9550e-01, 0.0000e+00, 1.6667e-04, 4.5500e-02, 3.3333e-04,
        0.0000e+00, 7.4500e-02, 2.4133e-01, 7.2167e-02])
[2026-06-08 21:24:54,560][root][INFO] - Epoch: 44 | train acc: 0.9370, train loss: 0.47145286, valid acc: 0.9175, valid loss: 0.28555732, test acc: 0.9190, test loss: 0.29405695
[2026-06-08 21:24:55,272][root][INFO] - reg loss: 5.2645742578326535, entropy loss: 0.12527654425434345, leaf dev: 0.08754302561283112
[2026-06-08 21:24:55,273][root][INFO] - Val leaf stats: tensor([0.1333, 0.0300, 0.0000, 0.0000, 0.0273, 0.0083, 0.0523, 0.2755, 0.0000,
        0.0012, 0.1823, 0.0013, 0.0000, 0.0100, 0.1993, 0.0790])
[2026-06-08 21:25:21,839][root][INFO] - Epoch: 45 | train acc: 0.9369, train loss: 0.47606170, valid acc: 0.9227, valid loss: 0.26641060, test acc: 0.9293, test loss: 0.26832889
[2026-06-08 21:25:22,574][root][INFO] - reg loss: 5.236446367119843, entropy loss: 0.12727277718906133, leaf dev: 0.08436848223209381
[2026-06-08 21:25:22,574][root][INFO] - Val leaf stats: tensor([0.1790, 0.0445, 0.0000, 0.0000, 0.0263, 0.0038, 0.0553, 0.2412, 0.0000,
        0.0015, 0.1420, 0.0007, 0.0000, 0.0113, 0.2168, 0.0775])
[2026-06-08 21:25:49,318][root][INFO] - Epoch: 46 | train acc: 0.9467, train loss: 0.43568387, valid acc: 0.9258, valid loss: 0.25634330, test acc: 0.9280, test loss: 0.26505704
[2026-06-08 21:25:50,046][root][INFO] - reg loss: 5.1767493104035, entropy loss: 0.1264366981274677, leaf dev: 0.0826767235994339
[2026-06-08 21:25:50,047][root][INFO] - Val leaf stats: tensor([0.1860, 0.0512, 0.0000, 0.0000, 0.0268, 0.0043, 0.0588, 0.2323, 0.0000,
        0.0017, 0.1428, 0.0007, 0.0000, 0.0112, 0.2082, 0.0760])
[2026-06-08 21:26:16,876][root][INFO] - Epoch: 47 | train acc: 0.9398, train loss: 0.46272580, valid acc: 0.9047, valid loss: 0.32435069, test acc: 0.9059, test loss: 0.32276056
[2026-06-08 21:26:17,581][root][INFO] - reg loss: 5.275451894076365, entropy loss: 0.12850156271795057, leaf dev: 0.07954379171133041
[2026-06-08 21:26:17,581][root][INFO] - Val leaf stats: tensor([0.1410, 0.0422, 0.0000, 0.0000, 0.0257, 0.0045, 0.0270, 0.1312, 0.0000,
        0.0065, 0.2150, 0.0605, 0.0000, 0.0108, 0.2412, 0.0945])
[2026-06-08 21:26:45,956][root][INFO] - Epoch: 48 | train acc: 0.9398, train loss: 0.46226453, valid acc: 0.9220, valid loss: 0.27424049, test acc: 0.9215, test loss: 0.28066699
[2026-06-08 21:26:47,293][root][INFO] - reg loss: 5.355090771081312, entropy loss: 0.12804472973605371, leaf dev: 0.07868168503046036
[2026-06-08 21:26:47,294][root][INFO] - Val leaf stats: tensor([0.1663, 0.0580, 0.0000, 0.0000, 0.0263, 0.0040, 0.0348, 0.1822, 0.0000,
        0.0067, 0.1767, 0.0247, 0.0000, 0.0128, 0.2242, 0.0833])
[2026-06-08 21:27:14,063][root][INFO] - Epoch: 49 | train acc: 0.9485, train loss: 0.44291674, valid acc: 0.9287, valid loss: 0.26397699, test acc: 0.9293, test loss: 0.26232002
[2026-06-08 21:27:14,785][root][INFO] - reg loss: 5.275016051418376, entropy loss: 0.13199350364365667, leaf dev: 0.07813668251037598
[2026-06-08 21:27:14,786][root][INFO] - Val leaf stats: tensor([0.1862, 0.0772, 0.0000, 0.0000, 0.0298, 0.0025, 0.0392, 0.1952, 0.0000,
        0.0083, 0.1360, 0.0110, 0.0000, 0.0145, 0.2172, 0.0830])
[2026-06-08 21:27:15,447][root][INFO] - Val leaf stats: tensor([0.1862, 0.0772, 0.0000, 0.0000, 0.0298, 0.0025, 0.0392, 0.1952, 0.0000,
        0.0083, 0.1360, 0.0110, 0.0000, 0.0145, 0.2172, 0.0830])
[2026-06-08 21:27:16,647][root][INFO] - Test leaf std: 0.08159875124692917, Val leaf std: 0.07813668251037598
[2026-06-08 21:27:17,863][root][INFO] - FINAL TEST | acc: 0.9293, loss: 0.2623, 
