[2026-06-22 19:11:55,124][root][INFO] - MLFlow server is starting on LOCAL with experiment STM_all_iafff08_stdreg_seed...
[2026-06-22 19:11:55,140][root][INFO] - MLFlow run ID: 3db3bd4a3c014108870bb5bc6078cc32, status: RUNNING
[2026-06-22 19:11:55,206][root][INFO] - Starting experiment IATrain...
[2026-06-22 19:12:23,133][root][INFO] - Epoch: 0 | train acc: 0.2715, train loss: 23.09259953, valid acc: 0.4148, valid loss: 1.64191935, test acc: 0.4130, test loss: 1.63621048
[2026-06-22 19:12:26,791][root][INFO] - reg loss: 5.29329476266537, entropy loss: 0.25920198014322315, leaf dev: 0.25
[2026-06-22 19:12:26,792][root][INFO] - Val leaf stats: tensor([0., 1., 0., 0., 0., 0., 0., 0., 0., 0., 0., 0., 0., 0., 0., 0.])
[2026-06-22 19:12:55,281][root][INFO] - Epoch: 1 | train acc: 0.5539, train loss: 18.39031572, valid acc: 0.7238, valid loss: 1.15786774, test acc: 0.7304, test loss: 1.16090017
[2026-06-22 19:12:59,191][root][INFO] - reg loss: 4.258529703572111, entropy loss: 0.2131212387444838, leaf dev: 0.2211625874042511
[2026-06-22 19:12:59,192][root][INFO] - Val leaf stats: tensor([0.0000, 0.8848, 0.1152, 0.0000, 0.0000, 0.0000, 0.0000, 0.0000, 0.0000,
        0.0000, 0.0000, 0.0000, 0.0000, 0.0000, 0.0000, 0.0000])
[2026-06-22 19:13:26,969][root][INFO] - Epoch: 2 | train acc: 0.7685, train loss: 18.22210337, valid acc: 0.7612, valid loss: 0.79886419, test acc: 0.7706, test loss: 0.77718479
[2026-06-22 19:13:29,846][root][INFO] - reg loss: 4.343148303481768, entropy loss: 0.2128400373852478, leaf dev: 0.22599592804908752
[2026-06-22 19:13:29,847][root][INFO] - Val leaf stats: tensor([0.0000, 0.9057, 0.0915, 0.0000, 0.0000, 0.0028, 0.0000, 0.0000, 0.0000,
        0.0000, 0.0000, 0.0000, 0.0000, 0.0000, 0.0000, 0.0000])
[2026-06-22 19:13:58,051][root][INFO] - Epoch: 3 | train acc: 0.8298, train loss: 18.18055858, valid acc: 0.7848, valid loss: 0.70044389, test acc: 0.7937, test loss: 0.68584518
[2026-06-22 19:14:01,912][root][INFO] - reg loss: 4.395603332879408, entropy loss: 0.20346607127279606, leaf dev: 0.22243981063365936
[2026-06-22 19:14:01,914][root][INFO] - Val leaf stats: tensor([0.0000, 0.8905, 0.1082, 0.0000, 0.0000, 0.0013, 0.0000, 0.0000, 0.0000,
        0.0000, 0.0000, 0.0000, 0.0000, 0.0000, 0.0000, 0.0000])
[2026-06-22 19:14:29,826][root][INFO] - Epoch: 4 | train acc: 0.8517, train loss: 17.93121628, valid acc: 0.7855, valid loss: 0.68710059, test acc: 0.7968, test loss: 0.66861790
[2026-06-22 19:14:33,362][root][INFO] - reg loss: 4.354734524241033, entropy loss: 0.19659974158934826, leaf dev: 0.22277389466762543
[2026-06-22 19:14:33,363][root][INFO] - Val leaf stats: tensor([3.3333e-04, 8.9183e-01, 1.0750e-01, 0.0000e+00, 0.0000e+00, 3.3333e-04,
        0.0000e+00, 0.0000e+00, 0.0000e+00, 0.0000e+00, 0.0000e+00, 0.0000e+00,
        0.0000e+00, 0.0000e+00, 0.0000e+00, 0.0000e+00])
[2026-06-22 19:15:02,270][root][INFO] - Epoch: 5 | train acc: 0.8635, train loss: 17.94074922, valid acc: 0.7842, valid loss: 0.68661014, test acc: 0.8020, test loss: 0.65597481
[2026-06-22 19:15:05,427][root][INFO] - reg loss: 4.36908628355782, entropy loss: 0.1945815068089737, leaf dev: 0.22125506401062012
[2026-06-22 19:15:05,428][root][INFO] - Val leaf stats: tensor([2.5000e-03, 8.8567e-01, 1.1133e-01, 0.0000e+00, 0.0000e+00, 5.0000e-04,
        0.0000e+00, 0.0000e+00, 0.0000e+00, 0.0000e+00, 0.0000e+00, 0.0000e+00,
        0.0000e+00, 0.0000e+00, 0.0000e+00, 0.0000e+00])
[2026-06-22 19:15:33,433][root][INFO] - Epoch: 6 | train acc: 0.8702, train loss: 18.07923432, valid acc: 0.7325, valid loss: 0.80839334, test acc: 0.7503, test loss: 0.77806454
[2026-06-22 19:15:37,026][root][INFO] - reg loss: 4.409490270434685, entropy loss: 0.19446692011266384, leaf dev: 0.1999215930700302
[2026-06-22 19:15:37,027][root][INFO] - Val leaf stats: tensor([2.1667e-03, 7.8550e-01, 2.1217e-01, 0.0000e+00, 0.0000e+00, 1.6667e-04,
        0.0000e+00, 0.0000e+00, 0.0000e+00, 0.0000e+00, 0.0000e+00, 0.0000e+00,
        0.0000e+00, 0.0000e+00, 0.0000e+00, 0.0000e+00])
[2026-06-22 19:16:05,552][root][INFO] - Epoch: 7 | train acc: 0.8555, train loss: 18.48673426, valid acc: 0.7758, valid loss: 0.68340374, test acc: 0.7915, test loss: 0.67394570
[2026-06-22 19:16:09,179][root][INFO] - reg loss: 4.502897366037908, entropy loss: 0.19767248335312, leaf dev: 0.21139316260814667
[2026-06-22 19:16:09,180][root][INFO] - Val leaf stats: tensor([1.6667e-04, 8.4133e-01, 1.5800e-01, 0.0000e+00, 0.0000e+00, 5.0000e-04,
        0.0000e+00, 0.0000e+00, 0.0000e+00, 0.0000e+00, 0.0000e+00, 0.0000e+00,
        0.0000e+00, 0.0000e+00, 0.0000e+00, 0.0000e+00])
[2026-06-22 19:16:37,652][root][INFO] - Epoch: 8 | train acc: 0.8821, train loss: 18.19638178, valid acc: 0.7785, valid loss: 0.69214232, test acc: 0.7906, test loss: 0.67550629
[2026-06-22 19:16:41,380][root][INFO] - reg loss: 4.447631611014312, entropy loss: 0.1985020360575532, leaf dev: 0.2139950543642044
[2026-06-22 19:16:41,382][root][INFO] - Val leaf stats: tensor([3.5000e-03, 8.5433e-01, 1.3967e-01, 0.0000e+00, 0.0000e+00, 1.8333e-03,
        0.0000e+00, 0.0000e+00, 6.6667e-04, 0.0000e+00, 0.0000e+00, 0.0000e+00,
        0.0000e+00, 0.0000e+00, 0.0000e+00, 0.0000e+00])
[2026-06-22 19:17:10,463][root][INFO] - Epoch: 9 | train acc: 0.8861, train loss: 18.01272434, valid acc: 0.7842, valid loss: 0.66431899, test acc: 0.7969, test loss: 0.64940841
[2026-06-22 19:17:14,384][root][INFO] - reg loss: 4.402158993595052, entropy loss: 0.19281508548642104, leaf dev: 0.21529962122440338
[2026-06-22 19:17:14,385][root][INFO] - Val leaf stats: tensor([5.8333e-03, 8.6033e-01, 1.3267e-01, 0.0000e+00, 0.0000e+00, 1.0000e-03,
        0.0000e+00, 0.0000e+00, 1.6667e-04, 0.0000e+00, 0.0000e+00, 0.0000e+00,
        0.0000e+00, 0.0000e+00, 0.0000e+00, 0.0000e+00])
[2026-06-22 19:17:42,727][root][INFO] - Epoch: 10 | train acc: 0.8930, train loss: 18.04501523, valid acc: 0.7943, valid loss: 0.68881356, test acc: 0.8083, test loss: 0.65753343
[2026-06-22 19:17:46,467][root][INFO] - reg loss: 4.418355662867708, entropy loss: 0.18943024482929482, leaf dev: 0.21390372514724731
[2026-06-22 19:17:46,469][root][INFO] - Val leaf stats: tensor([0.0110, 0.8555, 0.1297, 0.0000, 0.0000, 0.0020, 0.0000, 0.0000, 0.0018,
        0.0000, 0.0000, 0.0000, 0.0000, 0.0000, 0.0000, 0.0000])
[2026-06-22 19:18:15,271][root][INFO] - Epoch: 11 | train acc: 0.8921, train loss: 18.92398667, valid acc: 0.8023, valid loss: 0.65901307, test acc: 0.8122, test loss: 0.65108458
[2026-06-22 19:18:18,994][root][INFO] - reg loss: 4.605366032078581, entropy loss: 0.1957799809158973, leaf dev: 0.208077535033226
[2026-06-22 19:18:18,995][root][INFO] - Val leaf stats: tensor([5.8333e-03, 8.3433e-01, 1.2300e-01, 0.0000e+00, 0.0000e+00, 8.3333e-04,
        0.0000e+00, 0.0000e+00, 2.1167e-02, 1.4833e-02, 0.0000e+00, 0.0000e+00,
        0.0000e+00, 0.0000e+00, 0.0000e+00, 0.0000e+00])
[2026-06-22 19:18:47,401][root][INFO] - Epoch: 12 | train acc: 0.8973, train loss: 18.47878739, valid acc: 0.8060, valid loss: 0.66005796, test acc: 0.8139, test loss: 0.66537282
[2026-06-22 19:18:50,972][root][INFO] - reg loss: 4.5294047571578115, entropy loss: 0.17791023892614077, leaf dev: 0.20969857275485992
[2026-06-22 19:18:50,973][root][INFO] - Val leaf stats: tensor([0.0140, 0.8407, 0.1222, 0.0000, 0.0000, 0.0013, 0.0000, 0.0000, 0.0142,
        0.0077, 0.0000, 0.0000, 0.0000, 0.0000, 0.0000, 0.0000])
[2026-06-22 19:19:18,586][root][INFO] - Epoch: 13 | train acc: 0.9000, train loss: 18.36216601, valid acc: 0.8037, valid loss: 0.66530634, test acc: 0.8146, test loss: 0.64988520
[2026-06-22 19:19:22,278][root][INFO] - reg loss: 4.5013790895354076, entropy loss: 0.17457942552161668, leaf dev: 0.2068977952003479
[2026-06-22 19:19:22,280][root][INFO] - Val leaf stats: tensor([2.3667e-02, 8.2983e-01, 1.2333e-01, 1.6667e-04, 0.0000e+00, 4.0000e-03,
        0.0000e+00, 0.0000e+00, 1.1667e-02, 7.3333e-03, 0.0000e+00, 0.0000e+00,
        0.0000e+00, 0.0000e+00, 0.0000e+00, 0.0000e+00])
[2026-06-22 19:19:51,024][root][INFO] - Epoch: 14 | train acc: 0.9005, train loss: 18.27261345, valid acc: 0.7912, valid loss: 0.66803198, test acc: 0.8030, test loss: 0.62115257
[2026-06-22 19:19:54,927][root][INFO] - reg loss: 4.48132040365687, entropy loss: 0.17175267200987293, leaf dev: 0.21236564218997955
[2026-06-22 19:19:54,928][root][INFO] - Val leaf stats: tensor([0.0088, 0.8512, 0.1193, 0.0000, 0.0000, 0.0032, 0.0000, 0.0000, 0.0120,
        0.0055, 0.0000, 0.0000, 0.0000, 0.0000, 0.0000, 0.0000])
[2026-06-22 19:20:22,035][root][INFO] - Epoch: 15 | train acc: 0.9015, train loss: 18.16010821, valid acc: 0.8050, valid loss: 0.63141834, test acc: 0.8164, test loss: 0.61964042
[2026-06-22 19:20:25,906][root][INFO] - reg loss: 4.453893405086589, entropy loss: 0.16913664776761578, leaf dev: 0.20680920779705048
[2026-06-22 19:20:25,908][root][INFO] - Val leaf stats: tensor([3.7000e-02, 8.2950e-01, 1.2050e-01, 0.0000e+00, 0.0000e+00, 3.3333e-04,
        0.0000e+00, 0.0000e+00, 8.6667e-03, 4.0000e-03, 0.0000e+00, 0.0000e+00,
        0.0000e+00, 0.0000e+00, 0.0000e+00, 0.0000e+00])
[2026-06-22 19:20:54,254][root][INFO] - Epoch: 16 | train acc: 0.9022, train loss: 18.10381780, valid acc: 0.8148, valid loss: 0.61105750, test acc: 0.8183, test loss: 0.60659323
[2026-06-22 19:20:58,186][root][INFO] - reg loss: 4.439491937745292, entropy loss: 0.16707278520993465, leaf dev: 0.206198588013649
[2026-06-22 19:20:58,187][root][INFO] - Val leaf stats: tensor([0.0392, 0.8273, 0.1188, 0.0000, 0.0000, 0.0000, 0.0000, 0.0000, 0.0108,
        0.0038, 0.0000, 0.0000, 0.0000, 0.0000, 0.0000, 0.0000])
[2026-06-22 19:21:27,650][root][INFO] - Epoch: 17 | train acc: 0.9030, train loss: 18.08958615, valid acc: 0.7995, valid loss: 0.64022935, test acc: 0.8138, test loss: 0.62018237
[2026-06-22 19:21:31,782][root][INFO] - reg loss: 4.436964903237684, entropy loss: 0.16430362820062996, leaf dev: 0.20692312717437744
[2026-06-22 19:21:31,783][root][INFO] - Val leaf stats: tensor([2.9833e-02, 8.3033e-01, 1.1933e-01, 1.6667e-04, 0.0000e+00, 4.1667e-03,
        0.0000e+00, 0.0000e+00, 1.1667e-02, 4.5000e-03, 0.0000e+00, 0.0000e+00,
        0.0000e+00, 0.0000e+00, 0.0000e+00, 0.0000e+00])
[2026-06-22 19:22:01,700][root][INFO] - Epoch: 18 | train acc: 0.9064, train loss: 18.23086956, valid acc: 0.8087, valid loss: 0.62091176, test acc: 0.8179, test loss: 0.61761937
[2026-06-22 19:22:05,223][root][INFO] - reg loss: 4.475118178241658, entropy loss: 0.16545493099487052, leaf dev: 0.2031601220369339
[2026-06-22 19:22:05,224][root][INFO] - Val leaf stats: tensor([0.0462, 0.8157, 0.1182, 0.0000, 0.0000, 0.0037, 0.0000, 0.0000, 0.0135,
        0.0028, 0.0000, 0.0000, 0.0000, 0.0000, 0.0000, 0.0000])
[2026-06-22 19:22:34,946][root][INFO] - Epoch: 19 | train acc: 0.9009, train loss: 18.20880865, valid acc: 0.8265, valid loss: 0.61802338, test acc: 0.8306, test loss: 0.59762202
[2026-06-22 19:22:38,427][root][INFO] - reg loss: 4.461304799565729, entropy loss: 0.16455833656045626, leaf dev: 0.20110692083835602
[2026-06-22 19:22:38,430][root][INFO] - Val leaf stats: tensor([4.0500e-02, 8.0783e-01, 1.2050e-01, 1.6667e-04, 0.0000e+00, 1.4000e-02,
        0.0000e+00, 0.0000e+00, 1.4167e-02, 2.8333e-03, 0.0000e+00, 0.0000e+00,
        0.0000e+00, 0.0000e+00, 0.0000e+00, 0.0000e+00])
[2026-06-22 19:23:07,134][root][INFO] - Epoch: 20 | train acc: 0.9057, train loss: 18.21896325, valid acc: 0.8172, valid loss: 0.65305840, test acc: 0.8242, test loss: 0.61278662
[2026-06-22 19:23:11,030][root][INFO] - reg loss: 4.470965542883243, entropy loss: 0.1666262425341696, leaf dev: 0.19646736979484558
[2026-06-22 19:23:11,031][root][INFO] - Val leaf stats: tensor([6.1500e-02, 7.8950e-01, 1.1833e-01, 1.6667e-04, 0.0000e+00, 1.1167e-02,
        0.0000e+00, 0.0000e+00, 1.6167e-02, 3.1667e-03, 0.0000e+00, 0.0000e+00,
        0.0000e+00, 0.0000e+00, 0.0000e+00, 0.0000e+00])
[2026-06-22 19:23:39,623][root][INFO] - Epoch: 21 | train acc: 0.9060, train loss: 18.17884828, valid acc: 0.8178, valid loss: 0.61938504, test acc: 0.8294, test loss: 0.57423191
[2026-06-22 19:23:43,247][root][INFO] - reg loss: 4.462346688756403, entropy loss: 0.16929865417615422, leaf dev: 0.1956992894411087
[2026-06-22 19:23:43,249][root][INFO] - Val leaf stats: tensor([6.5500e-02, 7.8633e-01, 1.1817e-01, 1.6667e-04, 0.0000e+00, 1.0167e-02,
        0.0000e+00, 0.0000e+00, 1.7000e-02, 2.6667e-03, 0.0000e+00, 0.0000e+00,
        0.0000e+00, 0.0000e+00, 0.0000e+00, 0.0000e+00])
[2026-06-22 19:24:12,491][root][INFO] - Epoch: 22 | train acc: 0.9084, train loss: 18.16140677, valid acc: 0.8348, valid loss: 0.59844747, test acc: 0.8374, test loss: 0.54496322
[2026-06-22 19:24:16,088][root][INFO] - reg loss: 4.459346217929192, entropy loss: 0.167447585261093, leaf dev: 0.19443285465240479
[2026-06-22 19:24:16,090][root][INFO] - Val leaf stats: tensor([7.2500e-02, 7.8083e-01, 1.1917e-01, 5.0000e-04, 0.0000e+00, 5.6667e-03,
        0.0000e+00, 0.0000e+00, 1.9167e-02, 2.1667e-03, 0.0000e+00, 0.0000e+00,
        0.0000e+00, 0.0000e+00, 0.0000e+00, 0.0000e+00])
[2026-06-22 19:24:45,079][root][INFO] - Epoch: 23 | train acc: 0.9050, train loss: 17.97521796, valid acc: 0.8042, valid loss: 0.62151162, test acc: 0.8131, test loss: 0.59341188
[2026-06-22 19:24:48,918][root][INFO] - reg loss: 4.411849111880896, entropy loss: 0.16399346081153401, leaf dev: 0.20794683694839478
[2026-06-22 19:24:48,919][root][INFO] - Val leaf stats: tensor([3.8333e-02, 8.3417e-01, 1.1733e-01, 1.6667e-04, 0.0000e+00, 7.1667e-03,
        0.0000e+00, 0.0000e+00, 2.5000e-03, 3.3333e-04, 0.0000e+00, 0.0000e+00,
        0.0000e+00, 0.0000e+00, 0.0000e+00, 0.0000e+00])
[2026-06-22 19:25:18,111][root][INFO] - Epoch: 24 | train acc: 0.9025, train loss: 17.88889590, valid acc: 0.8082, valid loss: 0.68650108, test acc: 0.8174, test loss: 0.57885461
[2026-06-22 19:25:22,001][root][INFO] - reg loss: 4.386250109042761, entropy loss: 0.1635676734852341, leaf dev: 0.20366577804088593
[2026-06-22 19:25:22,002][root][INFO] - Val leaf stats: tensor([4.7333e-02, 8.1767e-01, 1.1700e-01, 1.6667e-04, 0.0000e+00, 1.3000e-02,
        0.0000e+00, 0.0000e+00, 4.3333e-03, 5.0000e-04, 0.0000e+00, 0.0000e+00,
        0.0000e+00, 0.0000e+00, 0.0000e+00, 0.0000e+00])
[2026-06-22 19:25:51,058][root][INFO] - Epoch: 25 | train acc: 0.9051, train loss: 17.95668802, valid acc: 0.8207, valid loss: 0.66474319, test acc: 0.8259, test loss: 0.56205494
[2026-06-22 19:25:54,331][root][INFO] - reg loss: 4.4053887961045755, entropy loss: 0.1638365222035714, leaf dev: 0.1945960372686386
[2026-06-22 19:25:54,333][root][INFO] - Val leaf stats: tensor([0.0853, 0.7807, 0.1168, 0.0000, 0.0000, 0.0102, 0.0000, 0.0000, 0.0062,
        0.0008, 0.0000, 0.0000, 0.0000, 0.0000, 0.0000, 0.0000])
[2026-06-22 19:26:23,265][root][INFO] - Epoch: 26 | train acc: 0.9036, train loss: 18.01983342, valid acc: 0.8107, valid loss: 0.66099506, test acc: 0.8166, test loss: 0.57745661
[2026-06-22 19:26:26,828][root][INFO] - reg loss: 4.420849611174385, entropy loss: 0.16497308072054162, leaf dev: 0.19926059246063232
[2026-06-22 19:26:26,830][root][INFO] - Val leaf stats: tensor([6.0333e-02, 8.0017e-01, 1.1817e-01, 3.3333e-04, 0.0000e+00, 1.0500e-02,
        0.0000e+00, 0.0000e+00, 9.5000e-03, 1.0000e-03, 0.0000e+00, 0.0000e+00,
        0.0000e+00, 0.0000e+00, 0.0000e+00, 0.0000e+00])
[2026-06-22 19:26:56,366][root][INFO] - Epoch: 27 | train acc: 0.9085, train loss: 18.09272664, valid acc: 0.8162, valid loss: 0.67635808, test acc: 0.8252, test loss: 0.55899277
[2026-06-22 19:27:00,244][root][INFO] - reg loss: 4.44138998805352, entropy loss: 0.15934502544268123, leaf dev: 0.18801751732826233
[2026-06-22 19:27:00,246][root][INFO] - Val leaf stats: tensor([0.0808, 0.7532, 0.1365, 0.0030, 0.0000, 0.0110, 0.0000, 0.0000, 0.0142,
        0.0013, 0.0000, 0.0000, 0.0000, 0.0000, 0.0000, 0.0000])
[2026-06-22 19:27:29,568][root][INFO] - Epoch: 28 | train acc: 0.9008, train loss: 17.93384768, valid acc: 0.8518, valid loss: 0.52323076, test acc: 0.8570, test loss: 0.49619116
[2026-06-22 19:27:33,447][root][INFO] - reg loss: 4.393168139007856, entropy loss: 0.156017763012985, leaf dev: 0.18778029084205627
[2026-06-22 19:27:33,448][root][INFO] - Val leaf stats: tensor([0.0970, 0.7523, 0.1252, 0.0023, 0.0000, 0.0038, 0.0000, 0.0000, 0.0178,
        0.0015, 0.0000, 0.0000, 0.0000, 0.0000, 0.0000, 0.0000])
[2026-06-22 19:28:02,892][root][INFO] - Epoch: 29 | train acc: 0.9032, train loss: 17.79581964, valid acc: 0.8517, valid loss: 0.52080732, test acc: 0.8584, test loss: 0.48624300
[2026-06-22 19:28:06,689][root][INFO] - reg loss: 4.362833238997549, entropy loss: 0.15513034713155818, leaf dev: 0.19011232256889343
[2026-06-22 19:28:06,690][root][INFO] - Val leaf stats: tensor([0.0907, 0.7630, 0.1173, 0.0015, 0.0000, 0.0038, 0.0000, 0.0000, 0.0215,
        0.0022, 0.0000, 0.0000, 0.0000, 0.0000, 0.0000, 0.0000])
[2026-06-22 19:28:35,827][root][INFO] - Epoch: 30 | train acc: 0.9080, train loss: 17.87180094, valid acc: 0.8457, valid loss: 0.52826578, test acc: 0.8537, test loss: 0.47807402
[2026-06-22 19:28:39,726][root][INFO] - reg loss: 4.386382651778887, entropy loss: 0.15536896294018007, leaf dev: 0.1904759258031845
[2026-06-22 19:28:39,728][root][INFO] - Val leaf stats: tensor([0.0880, 0.7647, 0.1172, 0.0020, 0.0000, 0.0040, 0.0000, 0.0000, 0.0225,
        0.0017, 0.0000, 0.0000, 0.0000, 0.0000, 0.0000, 0.0000])
[2026-06-22 19:29:09,007][root][INFO] - Epoch: 31 | train acc: 0.9112, train loss: 17.93374287, valid acc: 0.8522, valid loss: 0.51676473, test acc: 0.8531, test loss: 0.49359080
[2026-06-22 19:29:12,782][root][INFO] - reg loss: 4.405153431982364, entropy loss: 0.1552087353929034, leaf dev: 0.18638482689857483
[2026-06-22 19:29:12,784][root][INFO] - Val leaf stats: tensor([0.0945, 0.7480, 0.1198, 0.0035, 0.0000, 0.0048, 0.0000, 0.0000, 0.0275,
        0.0018, 0.0000, 0.0000, 0.0000, 0.0000, 0.0000, 0.0000])
[2026-06-22 19:29:41,671][root][INFO] - Epoch: 32 | train acc: 0.9071, train loss: 17.93877758, valid acc: 0.8257, valid loss: 0.57114324, test acc: 0.8331, test loss: 0.52540902
[2026-06-22 19:29:45,506][root][INFO] - reg loss: 4.402708026598084, entropy loss: 0.1550162229335533, leaf dev: 0.20459850132465363
[2026-06-22 19:29:45,507][root][INFO] - Val leaf stats: tensor([0.0180, 0.8215, 0.1193, 0.0025, 0.0000, 0.0065, 0.0000, 0.0000, 0.0305,
        0.0017, 0.0000, 0.0000, 0.0000, 0.0000, 0.0000, 0.0000])
[2026-06-22 19:30:15,497][root][INFO] - Epoch: 33 | train acc: 0.9057, train loss: 17.94058985, valid acc: 0.8102, valid loss: 0.73888902, test acc: 0.8211, test loss: 0.65973655
[2026-06-22 19:30:19,107][root][INFO] - reg loss: 4.401186677644837, entropy loss: 0.15581487723678913, leaf dev: 0.18127259612083435
[2026-06-22 19:30:19,108][root][INFO] - Val leaf stats: tensor([0.0248, 0.7203, 0.1842, 0.0307, 0.0000, 0.0068, 0.0000, 0.0000, 0.0315,
        0.0017, 0.0000, 0.0000, 0.0000, 0.0000, 0.0000, 0.0000])
[2026-06-22 19:30:49,273][root][INFO] - Epoch: 34 | train acc: 0.9031, train loss: 18.14223491, valid acc: 0.8338, valid loss: 0.55504545, test acc: 0.8414, test loss: 0.51865653
[2026-06-22 19:30:52,850][root][INFO] - reg loss: 4.44715379319101, entropy loss: 0.1560243713968205, leaf dev: 0.19749586284160614
[2026-06-22 19:30:52,852][root][INFO] - Val leaf stats: tensor([0.0387, 0.7942, 0.1172, 0.0018, 0.0000, 0.0062, 0.0000, 0.0000, 0.0400,
        0.0020, 0.0000, 0.0000, 0.0000, 0.0000, 0.0000, 0.0000])
[2026-06-22 19:31:22,786][root][INFO] - Epoch: 35 | train acc: 0.9085, train loss: 18.04721660, valid acc: 0.8385, valid loss: 0.56233737, test acc: 0.8470, test loss: 0.53839389
[2026-06-22 19:31:26,628][root][INFO] - reg loss: 4.43212968448423, entropy loss: 0.15453970376050696, leaf dev: 0.19103410840034485
[2026-06-22 19:31:26,629][root][INFO] - Val leaf stats: tensor([0.0545, 0.7687, 0.1180, 0.0032, 0.0000, 0.0070, 0.0000, 0.0000, 0.0458,
        0.0028, 0.0000, 0.0000, 0.0000, 0.0000, 0.0000, 0.0000])
[2026-06-22 19:31:56,463][root][INFO] - Epoch: 36 | train acc: 0.9134, train loss: 18.11611967, valid acc: 0.8327, valid loss: 0.57140483, test acc: 0.8396, test loss: 0.53081220
[2026-06-22 19:32:00,361][root][INFO] - reg loss: 4.45136610516962, entropy loss: 0.15680898332370902, leaf dev: 0.19140097498893738
[2026-06-22 19:32:00,363][root][INFO] - Val leaf stats: tensor([0.0597, 0.7698, 0.1190, 0.0033, 0.0000, 0.0072, 0.0000, 0.0000, 0.0398,
        0.0012, 0.0000, 0.0000, 0.0000, 0.0000, 0.0000, 0.0000])
[2026-06-22 19:32:29,667][root][INFO] - Epoch: 37 | train acc: 0.9141, train loss: 18.12287770, valid acc: 0.8430, valid loss: 0.61891947, test acc: 0.8413, test loss: 0.62810262
[2026-06-22 19:32:33,455][root][INFO] - reg loss: 4.452346671302363, entropy loss: 0.15574748687586695, leaf dev: 0.1726682484149933
[2026-06-22 19:32:33,456][root][INFO] - Val leaf stats: tensor([0.1275, 0.6903, 0.1208, 0.0050, 0.0000, 0.0063, 0.0000, 0.0000, 0.0472,
        0.0028, 0.0000, 0.0000, 0.0000, 0.0000, 0.0000, 0.0000])
[2026-06-22 19:33:02,913][root][INFO] - Epoch: 38 | train acc: 0.9115, train loss: 18.23060604, valid acc: 0.8382, valid loss: 0.52593012, test acc: 0.8407, test loss: 0.54291650
[2026-06-22 19:33:06,499][root][INFO] - reg loss: 4.4773702531490684, entropy loss: 0.1517601138297117, leaf dev: 0.1788378208875656
[2026-06-22 19:33:06,500][root][INFO] - Val leaf stats: tensor([0.1063, 0.7175, 0.1187, 0.0037, 0.0000, 0.0083, 0.0000, 0.0000, 0.0443,
        0.0012, 0.0000, 0.0000, 0.0000, 0.0000, 0.0000, 0.0000])
[2026-06-22 19:33:36,946][root][INFO] - Epoch: 39 | train acc: 0.9165, train loss: 18.15133595, valid acc: 0.8393, valid loss: 0.55256581, test acc: 0.8383, test loss: 0.54297761
[2026-06-22 19:33:40,358][root][INFO] - reg loss: 4.464260452198532, entropy loss: 0.15269742245381734, leaf dev: 0.17865027487277985
[2026-06-22 19:33:40,360][root][INFO] - Val leaf stats: tensor([0.0972, 0.7177, 0.1197, 0.0047, 0.0000, 0.0108, 0.0000, 0.0000, 0.0478,
        0.0022, 0.0000, 0.0000, 0.0000, 0.0000, 0.0000, 0.0000])
[2026-06-22 19:34:09,408][root][INFO] - Epoch: 40 | train acc: 0.9175, train loss: 18.13516559, valid acc: 0.8473, valid loss: 0.54465891, test acc: 0.8474, test loss: 0.53984876
[2026-06-22 19:34:13,187][root][INFO] - reg loss: 4.461733899026547, entropy loss: 0.15386397897634865, leaf dev: 0.17826424539089203
[2026-06-22 19:34:13,188][root][INFO] - Val leaf stats: tensor([0.0962, 0.7158, 0.1218, 0.0055, 0.0000, 0.0078, 0.0000, 0.0000, 0.0507,
        0.0022, 0.0000, 0.0000, 0.0000, 0.0000, 0.0000, 0.0000])
[2026-06-22 19:34:43,159][root][INFO] - Epoch: 41 | train acc: 0.9184, train loss: 18.12299775, valid acc: 0.8367, valid loss: 0.53985625, test acc: 0.8427, test loss: 0.55095322
[2026-06-22 19:34:47,119][root][INFO] - reg loss: 4.4596216138803735, entropy loss: 0.15426943619858544, leaf dev: 0.1767735779285431
[2026-06-22 19:34:47,120][root][INFO] - Val leaf stats: tensor([0.0982, 0.7088, 0.1295, 0.0040, 0.0000, 0.0103, 0.0000, 0.0000, 0.0475,
        0.0017, 0.0000, 0.0000, 0.0000, 0.0000, 0.0000, 0.0000])
[2026-06-22 19:35:16,433][root][INFO] - Epoch: 42 | train acc: 0.9154, train loss: 18.37981769, valid acc: 0.8337, valid loss: 0.56088050, test acc: 0.8376, test loss: 0.55410234
[2026-06-22 19:35:20,203][root][INFO] - reg loss: 4.516199863181924, entropy loss: 0.1530395137532702, leaf dev: 0.17064683139324188
[2026-06-22 19:35:20,204][root][INFO] - Val leaf stats: tensor([0.0975, 0.6818, 0.1477, 0.0080, 0.0000, 0.0072, 0.0000, 0.0000, 0.0545,
        0.0033, 0.0000, 0.0000, 0.0000, 0.0000, 0.0000, 0.0000])
[2026-06-22 19:35:49,127][root][INFO] - Epoch: 43 | train acc: 0.9192, train loss: 18.29414654, valid acc: 0.8440, valid loss: 0.53510882, test acc: 0.8457, test loss: 0.52928007
[2026-06-22 19:35:53,303][root][INFO] - reg loss: 4.500222458029693, entropy loss: 0.1538555733156654, leaf dev: 0.17204464972019196
[2026-06-22 19:35:53,304][root][INFO] - Val leaf stats: tensor([0.0962, 0.6893, 0.1372, 0.0088, 0.0000, 0.0080, 0.0000, 0.0000, 0.0555,
        0.0050, 0.0000, 0.0000, 0.0000, 0.0000, 0.0000, 0.0000])
[2026-06-22 19:36:23,131][root][INFO] - Epoch: 44 | train acc: 0.9130, train loss: 18.03643029, valid acc: 0.8625, valid loss: 0.48699457, test acc: 0.8600, test loss: 0.48437151
[2026-06-22 19:36:27,046][root][INFO] - reg loss: 4.430278076315826, entropy loss: 0.16325055372040226, leaf dev: 0.176410973072052
[2026-06-22 19:36:27,048][root][INFO] - Val leaf stats: tensor([1.0167e-01, 7.0717e-01, 1.2817e-01, 9.1667e-03, 3.3333e-04, 3.0000e-03,
        0.0000e+00, 0.0000e+00, 4.8667e-02, 1.8333e-03, 0.0000e+00, 0.0000e+00,
        0.0000e+00, 0.0000e+00, 0.0000e+00, 0.0000e+00])
[2026-06-22 19:36:56,883][root][INFO] - Epoch: 45 | train acc: 0.9183, train loss: 17.94863638, valid acc: 0.8545, valid loss: 0.53113528, test acc: 0.8566, test loss: 0.49942258
[2026-06-22 19:37:00,558][root][INFO] - reg loss: 4.41511288678871, entropy loss: 0.1620098353838021, leaf dev: 0.1806424856185913
[2026-06-22 19:37:00,559][root][INFO] - Val leaf stats: tensor([8.9500e-02, 7.2500e-01, 1.2800e-01, 8.0000e-03, 3.3333e-04, 5.3333e-03,
        0.0000e+00, 0.0000e+00, 4.3167e-02, 6.6667e-04, 0.0000e+00, 0.0000e+00,
        0.0000e+00, 0.0000e+00, 0.0000e+00, 0.0000e+00])
[2026-06-22 19:37:30,549][root][INFO] - Epoch: 46 | train acc: 0.9191, train loss: 17.97702951, valid acc: 0.8603, valid loss: 0.52346093, test acc: 0.8640, test loss: 0.46964228
[2026-06-22 19:37:34,579][root][INFO] - reg loss: 4.422007421277604, entropy loss: 0.15761043215697668, leaf dev: 0.17654351890087128
[2026-06-22 19:37:34,580][root][INFO] - Val leaf stats: tensor([9.6500e-02, 7.0883e-01, 1.2617e-01, 9.0000e-03, 1.6667e-04, 6.0000e-03,
        0.0000e+00, 0.0000e+00, 4.6667e-02, 6.6667e-03, 0.0000e+00, 0.0000e+00,
        0.0000e+00, 0.0000e+00, 0.0000e+00, 0.0000e+00])
[2026-06-22 19:38:05,002][root][INFO] - Epoch: 47 | train acc: 0.9222, train loss: 17.97635152, valid acc: 0.8620, valid loss: 0.55146375, test acc: 0.8618, test loss: 0.49429941
[2026-06-22 19:38:08,743][root][INFO] - reg loss: 4.423677759350471, entropy loss: 0.15862335531779057, leaf dev: 0.17037971317768097
[2026-06-22 19:38:08,744][root][INFO] - Val leaf stats: tensor([9.9667e-02, 6.8367e-01, 1.3067e-01, 1.4667e-02, 1.6667e-04, 7.3333e-03,
        0.0000e+00, 0.0000e+00, 5.6667e-02, 7.1667e-03, 0.0000e+00, 0.0000e+00,
        0.0000e+00, 0.0000e+00, 0.0000e+00, 0.0000e+00])
[2026-06-22 19:38:37,736][root][INFO] - Epoch: 48 | train acc: 0.9220, train loss: 18.00752154, valid acc: 0.8545, valid loss: 0.50454723, test acc: 0.8532, test loss: 0.50690282
[2026-06-22 19:38:41,162][root][INFO] - reg loss: 4.431773149742271, entropy loss: 0.15924172918751556, leaf dev: 0.17838485538959503
[2026-06-22 19:38:41,164][root][INFO] - Val leaf stats: tensor([1.0567e-01, 7.1600e-01, 1.1800e-01, 6.5000e-03, 1.6667e-04, 6.5000e-03,
        0.0000e+00, 0.0000e+00, 4.4500e-02, 2.6667e-03, 0.0000e+00, 0.0000e+00,
        0.0000e+00, 0.0000e+00, 0.0000e+00, 0.0000e+00])
[2026-06-22 19:39:10,557][root][INFO] - Epoch: 49 | train acc: 0.9230, train loss: 17.95149283, valid acc: 0.8655, valid loss: 0.48280995, test acc: 0.8656, test loss: 0.49863102
[2026-06-22 19:39:14,322][root][INFO] - reg loss: 4.418931943065715, entropy loss: 0.15958319112377348, leaf dev: 0.17292669415473938
[2026-06-22 19:39:14,323][root][INFO] - Val leaf stats: tensor([1.0867e-01, 6.9400e-01, 1.2050e-01, 7.8333e-03, 1.6667e-04, 1.0500e-02,
        0.0000e+00, 0.0000e+00, 5.3833e-02, 4.5000e-03, 0.0000e+00, 0.0000e+00,
        0.0000e+00, 0.0000e+00, 0.0000e+00, 0.0000e+00])
[2026-06-22 19:39:18,104][root][INFO] - Val leaf stats: tensor([1.0867e-01, 6.9400e-01, 1.2050e-01, 7.8333e-03, 1.6667e-04, 1.0500e-02,
        0.0000e+00, 0.0000e+00, 5.3833e-02, 4.5000e-03, 0.0000e+00, 0.0000e+00,
        0.0000e+00, 0.0000e+00, 0.0000e+00, 0.0000e+00])
[2026-06-22 19:39:23,239][root][INFO] - Test leaf std: 0.17488442361354828, Val leaf std: 0.17292669415473938
[2026-06-22 19:39:28,305][root][INFO] - FINAL TEST | acc: 0.8656, loss: 0.4986, 
