[2026-06-19 15:54:17,229][root][INFO] - MLFlow server is starting on LOCAL with experiment STM_all_iafff08_stdreg_seed...
[2026-06-19 15:54:17,273][root][INFO] - MLFlow run ID: 8a0121e9e26243dda6b83e6e55c15d33, status: RUNNING
[2026-06-19 15:54:17,383][root][INFO] - Starting experiment IATrain...
[2026-06-19 15:55:32,215][root][INFO] - Epoch: 0 | train acc: 0.6123, train loss: 1.25148215, valid acc: 0.7770, valid loss: 0.82540848, test acc: 0.7846, test loss: 0.75800886
[2026-06-19 15:55:42,114][root][INFO] - reg loss: 15.419723789646941, entropy loss: 0.5687536816552, leaf dev: 0.1030813604593277
[2026-06-19 15:55:42,115][root][INFO] - Val leaf stats: tensor([6.5000e-02, 1.6667e-04, 1.3333e-03, 2.8333e-02, 8.1667e-02, 3.3933e-01,
        0.0000e+00, 2.4333e-02, 3.6667e-03, 1.4167e-02, 2.4833e-02, 0.0000e+00,
        1.5000e-03, 2.8583e-01, 1.0667e-01, 2.3167e-02])
[2026-06-19 15:56:57,211][root][INFO] - Epoch: 1 | train acc: 0.8164, train loss: 0.65843595, valid acc: 0.8082, valid loss: 0.67512693, test acc: 0.8253, test loss: 0.61649965
[2026-06-19 15:57:07,151][root][INFO] - reg loss: 11.383274267304618, entropy loss: 0.5140718446587617, leaf dev: 0.09903420507907867
[2026-06-19 15:57:07,152][root][INFO] - Val leaf stats: tensor([0.1370, 0.0818, 0.0008, 0.0230, 0.0582, 0.3943, 0.0267, 0.0675, 0.0005,
        0.0033, 0.0007, 0.0000, 0.0017, 0.1225, 0.0643, 0.0177])
[2026-06-19 15:58:22,904][root][INFO] - Epoch: 2 | train acc: 0.8239, train loss: 0.58636744, valid acc: 0.8348, valid loss: 0.54241567, test acc: 0.8494, test loss: 0.50402580
[2026-06-19 15:58:32,740][root][INFO] - reg loss: 9.19114897386083, entropy loss: 0.4403339719997262, leaf dev: 0.0804629698395729
[2026-06-19 15:58:32,742][root][INFO] - Val leaf stats: tensor([8.6667e-03, 1.6667e-04, 0.0000e+00, 0.0000e+00, 8.6667e-02, 1.8600e-01,
        8.1667e-03, 2.6000e-02, 8.7500e-02, 9.8667e-02, 3.7667e-02, 0.0000e+00,
        1.9500e-02, 2.9100e-01, 1.0300e-01, 4.7000e-02])
[2026-06-19 15:59:49,203][root][INFO] - Epoch: 3 | train acc: 0.8704, train loss: 0.45279736, valid acc: 0.8467, valid loss: 0.55128666, test acc: 0.8535, test loss: 0.52176925
[2026-06-19 15:59:59,051][root][INFO] - reg loss: 8.596809945016537, entropy loss: 0.4246419069339644, leaf dev: 0.0861874595284462
[2026-06-19 15:59:59,053][root][INFO] - Val leaf stats: tensor([0.0163, 0.0003, 0.0000, 0.0000, 0.0582, 0.2405, 0.0137, 0.0527, 0.2342,
        0.2078, 0.0787, 0.0000, 0.0020, 0.0075, 0.0697, 0.0185])
[2026-06-19 16:01:17,936][root][INFO] - Epoch: 4 | train acc: 0.8660, train loss: 0.48005112, valid acc: 0.8283, valid loss: 0.54374839, test acc: 0.8352, test loss: 0.51600033
[2026-06-19 16:01:25,954][root][INFO] - reg loss: 7.726550223692408, entropy loss: 0.3883297325305219, leaf dev: 0.09102705866098404
[2026-06-19 16:01:25,955][root][INFO] - Val leaf stats: tensor([0.0157, 0.0007, 0.0000, 0.0000, 0.1027, 0.2563, 0.0015, 0.0070, 0.0895,
        0.2677, 0.1538, 0.0000, 0.0010, 0.0228, 0.0800, 0.0013])
[2026-06-19 16:02:44,351][root][INFO] - Epoch: 5 | train acc: 0.8710, train loss: 0.43617525, valid acc: 0.8423, valid loss: 0.50643891, test acc: 0.8445, test loss: 0.49707592
[2026-06-19 16:02:52,650][root][INFO] - reg loss: 7.302043820327183, entropy loss: 0.377444678601229, leaf dev: 0.09640639275312424
[2026-06-19 16:02:52,652][root][INFO] - Val leaf stats: tensor([0.0307, 0.0055, 0.0000, 0.0000, 0.1307, 0.3432, 0.0040, 0.0532, 0.1297,
        0.2070, 0.0190, 0.0000, 0.0007, 0.0238, 0.0517, 0.0010])
[2026-06-19 16:04:08,450][root][INFO] - Epoch: 6 | train acc: 0.8843, train loss: 0.40206771, valid acc: 0.8747, valid loss: 0.42193556, test acc: 0.8812, test loss: 0.40161105
[2026-06-19 16:04:17,730][root][INFO] - reg loss: 7.206555591439301, entropy loss: 0.36438744529238287, leaf dev: 0.09954429417848587
[2026-06-19 16:04:17,732][root][INFO] - Val leaf stats: tensor([4.0500e-02, 1.6667e-04, 0.0000e+00, 0.0000e+00, 1.2617e-01, 3.7850e-01,
        2.0667e-02, 2.8333e-02, 1.5467e-01, 1.4483e-01, 2.2833e-02, 0.0000e+00,
        6.6667e-04, 2.7000e-02, 5.4167e-02, 1.5000e-03])
[2026-06-19 16:05:37,175][root][INFO] - Epoch: 7 | train acc: 0.9045, train loss: 0.33242930, valid acc: 0.8865, valid loss: 0.38502625, test acc: 0.8889, test loss: 0.36444812
[2026-06-19 16:05:47,675][root][INFO] - reg loss: 7.198504043075274, entropy loss: 0.37540378548064324, leaf dev: 0.09178346395492554
[2026-06-19 16:05:47,677][root][INFO] - Val leaf stats: tensor([0.0322, 0.0008, 0.0000, 0.0000, 0.1222, 0.3317, 0.0210, 0.0417, 0.1773,
        0.1583, 0.0382, 0.0012, 0.0007, 0.0270, 0.0448, 0.0030])
[2026-06-19 16:07:01,462][root][INFO] - Epoch: 8 | train acc: 0.9119, train loss: 0.31180400, valid acc: 0.8745, valid loss: 0.42393066, test acc: 0.8818, test loss: 0.40618281
[2026-06-19 16:07:11,189][root][INFO] - reg loss: 7.1833778642258554, entropy loss: 0.3646937201045594, leaf dev: 0.09084659069776535
[2026-06-19 16:07:11,190][root][INFO] - Val leaf stats: tensor([2.4667e-02, 2.5000e-03, 0.0000e+00, 0.0000e+00, 1.3700e-01, 3.2367e-01,
        1.6833e-02, 3.2333e-02, 1.2733e-01, 1.9533e-01, 5.5667e-02, 1.6667e-04,
        6.6667e-04, 3.1167e-02, 4.8667e-02, 4.0000e-03])
[2026-06-19 16:08:30,925][root][INFO] - Epoch: 9 | train acc: 0.9011, train loss: 0.36315099, valid acc: 0.8697, valid loss: 0.42196990, test acc: 0.8724, test loss: 0.41198448
[2026-06-19 16:08:40,569][root][INFO] - reg loss: 7.141710884166214, entropy loss: 0.34908551933630455, leaf dev: 0.09678513556718826
[2026-06-19 16:08:40,570][root][INFO] - Val leaf stats: tensor([3.4833e-02, 5.6667e-03, 0.0000e+00, 1.6667e-04, 1.0000e-01, 3.7217e-01,
        2.2000e-02, 4.2500e-02, 1.0767e-01, 1.7450e-01, 5.7000e-02, 1.0000e-03,
        1.5000e-03, 7.5167e-02, 4.5000e-03, 1.3333e-03])
[2026-06-19 16:10:00,277][root][INFO] - Epoch: 10 | train acc: 0.9117, train loss: 0.31198127, valid acc: 0.8797, valid loss: 0.39106949, test acc: 0.8875, test loss: 0.37726400
[2026-06-19 16:10:09,485][root][INFO] - reg loss: 6.909435519632304, entropy loss: 0.3438989205180474, leaf dev: 0.09783443808555603
[2026-06-19 16:10:09,486][root][INFO] - Val leaf stats: tensor([5.1667e-02, 5.0000e-04, 0.0000e+00, 3.3333e-04, 1.6983e-01, 3.5483e-01,
        1.5000e-02, 3.9167e-02, 1.4417e-01, 1.4333e-01, 7.4500e-02, 2.5000e-03,
        0.0000e+00, 3.0000e-03, 8.3333e-04, 3.3333e-04])
[2026-06-19 16:11:28,416][root][INFO] - Epoch: 11 | train acc: 0.9155, train loss: 0.29182305, valid acc: 0.8838, valid loss: 0.37867399, test acc: 0.8950, test loss: 0.35124499
[2026-06-19 16:11:37,499][root][INFO] - reg loss: 6.728159427642822, entropy loss: 0.33981815064853094, leaf dev: 0.08966528624296188
[2026-06-19 16:11:37,500][root][INFO] - Val leaf stats: tensor([0.0545, 0.0007, 0.0000, 0.0008, 0.1375, 0.3177, 0.0210, 0.0618, 0.1600,
        0.1453, 0.0965, 0.0000, 0.0000, 0.0030, 0.0008, 0.0003])
[2026-06-19 16:12:48,780][root][INFO] - Epoch: 12 | train acc: 0.9219, train loss: 0.27474519, valid acc: 0.9045, valid loss: 0.34100824, test acc: 0.9027, test loss: 0.33365533
[2026-06-19 16:12:57,194][root][INFO] - reg loss: 6.710910315783519, entropy loss: 0.32788066622221246, leaf dev: 0.09340808540582657
[2026-06-19 16:12:57,195][root][INFO] - Val leaf stats: tensor([4.1833e-02, 6.6667e-04, 1.6667e-04, 1.1667e-03, 1.4250e-01, 3.2567e-01,
        1.7667e-02, 4.8500e-02, 1.8050e-01, 1.5017e-01, 8.6333e-02, 5.0000e-04,
        0.0000e+00, 3.1667e-03, 8.3333e-04, 3.3333e-04])
[2026-06-19 16:14:07,558][root][INFO] - Epoch: 13 | train acc: 0.9272, train loss: 0.25653497, valid acc: 0.9045, valid loss: 0.34054547, test acc: 0.9117, test loss: 0.31576421
[2026-06-19 16:14:16,171][root][INFO] - reg loss: 6.651562150919212, entropy loss: 0.33758446040018547, leaf dev: 0.09133347868919373
[2026-06-19 16:14:16,172][root][INFO] - Val leaf stats: tensor([4.1167e-02, 8.3333e-04, 1.6667e-04, 1.1667e-03, 1.5500e-01, 3.0383e-01,
        1.9000e-02, 5.3000e-02, 2.0333e-01, 1.3867e-01, 7.6333e-02, 3.0000e-03,
        0.0000e+00, 3.3333e-03, 8.3333e-04, 3.3333e-04])
[2026-06-19 16:15:25,869][root][INFO] - Epoch: 14 | train acc: 0.9289, train loss: 0.25679402, valid acc: 0.9090, valid loss: 0.31629810, test acc: 0.9123, test loss: 0.30884900
[2026-06-19 16:15:35,515][root][INFO] - reg loss: 6.811418861713049, entropy loss: 0.34230120676868364, leaf dev: 0.09040132910013199
[2026-06-19 16:15:35,516][root][INFO] - Val leaf stats: tensor([0.0458, 0.0032, 0.0000, 0.0053, 0.1505, 0.2828, 0.0187, 0.0408, 0.2228,
        0.1547, 0.0685, 0.0023, 0.0000, 0.0033, 0.0008, 0.0003])
[2026-06-19 16:16:40,048][root][INFO] - Epoch: 15 | train acc: 0.9310, train loss: 0.24330560, valid acc: 0.8943, valid loss: 0.36801577, test acc: 0.8991, test loss: 0.35116671
[2026-06-19 16:16:49,310][root][INFO] - reg loss: 6.73031270728921, entropy loss: 0.33625750103086793, leaf dev: 0.08782348036766052
[2026-06-19 16:16:49,311][root][INFO] - Val leaf stats: tensor([0.0358, 0.0067, 0.0000, 0.0040, 0.2300, 0.2150, 0.0098, 0.0375, 0.2092,
        0.1578, 0.0868, 0.0028, 0.0000, 0.0033, 0.0008, 0.0003])
[2026-06-19 16:17:58,056][root][INFO] - Epoch: 16 | train acc: 0.9255, train loss: 0.25790848, valid acc: 0.9105, valid loss: 0.31172515, test acc: 0.9094, test loss: 0.32159094
[2026-06-19 16:18:06,118][root][INFO] - reg loss: 6.603392403080778, entropy loss: 0.33465223436085684, leaf dev: 0.09665214270353317
[2026-06-19 16:18:06,120][root][INFO] - Val leaf stats: tensor([2.7167e-02, 2.0000e-03, 0.0000e+00, 4.0000e-03, 1.1067e-01, 2.7217e-01,
        1.3000e-02, 3.5167e-02, 2.7017e-01, 1.9083e-01, 6.8667e-02, 1.0000e-03,
        1.6667e-04, 3.8333e-03, 8.3333e-04, 3.3333e-04])
[2026-06-19 16:19:09,686][root][INFO] - Epoch: 17 | train acc: 0.9244, train loss: 0.26514796, valid acc: 0.9040, valid loss: 0.32379056, test acc: 0.8983, test loss: 0.33878830
[2026-06-19 16:19:17,104][root][INFO] - reg loss: 6.340160837713277, entropy loss: 0.3293699400042588, leaf dev: 0.10599987953901291
[2026-06-19 16:19:17,112][root][INFO] - Val leaf stats: tensor([1.0333e-02, 8.3333e-04, 0.0000e+00, 1.3333e-03, 9.5500e-02, 2.0117e-01,
        1.0333e-02, 1.9833e-02, 3.4167e-01, 2.4367e-01, 6.8667e-02, 1.1667e-03,
        3.3333e-04, 3.8333e-03, 1.0000e-03, 3.3333e-04])
[2026-06-19 16:20:27,056][root][INFO] - Epoch: 18 | train acc: 0.9243, train loss: 0.26924564, valid acc: 0.8895, valid loss: 0.35162369, test acc: 0.8939, test loss: 0.36107388
[2026-06-19 16:20:36,143][root][INFO] - reg loss: 6.309413073197851, entropy loss: 0.325348935037289, leaf dev: 0.0987866222858429
[2026-06-19 16:20:36,144][root][INFO] - Val leaf stats: tensor([0.0085, 0.0007, 0.0000, 0.0013, 0.0763, 0.1600, 0.0150, 0.0298, 0.3050,
        0.2382, 0.1628, 0.0000, 0.0000, 0.0015, 0.0005, 0.0003])
[2026-06-19 16:21:46,184][root][INFO] - Epoch: 19 | train acc: 0.8970, train loss: 0.35763744, valid acc: 0.8735, valid loss: 0.42102126, test acc: 0.8765, test loss: 0.42293947
[2026-06-19 16:21:53,258][root][INFO] - reg loss: 6.275211572647095, entropy loss: 0.306262251903426, leaf dev: 0.09223072975873947
[2026-06-19 16:21:53,260][root][INFO] - Val leaf stats: tensor([5.1167e-02, 3.1667e-03, 1.6667e-04, 7.3333e-03, 3.1333e-02, 1.1400e-01,
        7.0000e-03, 2.6467e-01, 2.3183e-01, 2.0833e-01, 7.8667e-02, 0.0000e+00,
        0.0000e+00, 1.5000e-03, 3.3333e-04, 5.0000e-04])
[2026-06-19 16:23:02,166][root][INFO] - Epoch: 20 | train acc: 0.9060, train loss: 0.31537495, valid acc: 0.8672, valid loss: 0.43039104, test acc: 0.8701, test loss: 0.42900929
[2026-06-19 16:23:10,942][root][INFO] - reg loss: 6.40365683807517, entropy loss: 0.30066985735353435, leaf dev: 0.11352244019508362
[2026-06-19 16:23:10,943][root][INFO] - Val leaf stats: tensor([1.0667e-02, 3.3333e-04, 0.0000e+00, 5.0000e-04, 1.9000e-02, 5.6167e-02,
        1.3667e-02, 8.8833e-02, 3.6817e-01, 2.9650e-01, 1.4367e-01, 0.0000e+00,
        0.0000e+00, 1.6667e-03, 3.3333e-04, 5.0000e-04])
[2026-06-19 16:24:17,871][root][INFO] - Epoch: 21 | train acc: 0.9104, train loss: 0.30280091, valid acc: 0.9028, valid loss: 0.33583542, test acc: 0.9017, test loss: 0.33722305
[2026-06-19 16:24:26,156][root][INFO] - reg loss: 6.039907491432046, entropy loss: 0.3006057801111689, leaf dev: 0.1006866991519928
[2026-06-19 16:24:26,158][root][INFO] - Val leaf stats: tensor([2.3167e-02, 1.3333e-03, 1.1667e-03, 1.0000e-03, 3.6000e-02, 8.8000e-02,
        2.2167e-02, 1.0100e-01, 3.3317e-01, 2.5517e-01, 1.3483e-01, 1.6667e-04,
        0.0000e+00, 1.8333e-03, 5.0000e-04, 5.0000e-04])
[2026-06-19 16:25:31,292][root][INFO] - Epoch: 22 | train acc: 0.9219, train loss: 0.27193807, valid acc: 0.8937, valid loss: 0.35171902, test acc: 0.8929, test loss: 0.35524612
[2026-06-19 16:25:39,609][root][INFO] - reg loss: 6.187897173863537, entropy loss: 0.3085035580509114, leaf dev: 0.09970855712890625
[2026-06-19 16:25:39,610][root][INFO] - Val leaf stats: tensor([0.0238, 0.0015, 0.0000, 0.0015, 0.0388, 0.0905, 0.0307, 0.0605, 0.3177,
        0.2575, 0.1718, 0.0023, 0.0000, 0.0020, 0.0008, 0.0005])
[2026-06-19 16:26:43,700][root][INFO] - Epoch: 23 | train acc: 0.9236, train loss: 0.26707345, valid acc: 0.9085, valid loss: 0.30901217, test acc: 0.9070, test loss: 0.31588408
[2026-06-19 16:26:51,471][root][INFO] - reg loss: 6.1933870135613205, entropy loss: 0.3102618191602095, leaf dev: 0.09827473014593124
[2026-06-19 16:26:51,472][root][INFO] - Val leaf stats: tensor([2.7500e-02, 2.3333e-03, 0.0000e+00, 2.1667e-03, 5.1000e-02, 1.1800e-01,
        2.8000e-02, 7.0833e-02, 3.3183e-01, 2.4550e-01, 1.1783e-01, 8.3333e-04,
        1.6667e-04, 2.3333e-03, 1.1667e-03, 5.0000e-04])
[2026-06-19 16:28:01,332][root][INFO] - Epoch: 24 | train acc: 0.9302, train loss: 0.24355293, valid acc: 0.9115, valid loss: 0.31050625, test acc: 0.9074, test loss: 0.31047036
[2026-06-19 16:28:11,768][root][INFO] - reg loss: 6.12213567067992, entropy loss: 0.3074615738301907, leaf dev: 0.09690350294113159
[2026-06-19 16:28:11,769][root][INFO] - Val leaf stats: tensor([1.4667e-02, 6.6667e-04, 0.0000e+00, 8.3333e-04, 5.6667e-02, 1.2767e-01,
        3.1333e-02, 6.5667e-02, 3.1833e-01, 2.4350e-01, 1.3300e-01, 3.0000e-03,
        1.6667e-04, 2.3333e-03, 1.3333e-03, 8.3333e-04])
[2026-06-19 16:29:36,274][root][INFO] - Epoch: 25 | train acc: 0.9354, train loss: 0.22537575, valid acc: 0.9145, valid loss: 0.30194543, test acc: 0.9194, test loss: 0.29304860
[2026-06-19 16:29:47,356][root][INFO] - reg loss: 6.131686269112353, entropy loss: 0.3078566567515427, leaf dev: 0.08743137121200562
[2026-06-19 16:29:47,357][root][INFO] - Val leaf stats: tensor([2.5833e-02, 1.0000e-03, 0.0000e+00, 2.1667e-03, 7.0333e-02, 1.5550e-01,
        3.0500e-02, 7.2667e-02, 2.6800e-01, 2.2300e-01, 1.3983e-01, 6.0000e-03,
        1.6667e-04, 2.8333e-03, 1.3333e-03, 8.3333e-04])
[2026-06-19 16:31:11,378][root][INFO] - Epoch: 26 | train acc: 0.9327, train loss: 0.23455853, valid acc: 0.9122, valid loss: 0.31460949, test acc: 0.9146, test loss: 0.31185471
[2026-06-19 16:31:21,822][root][INFO] - reg loss: 6.269165799302875, entropy loss: 0.309764951748668, leaf dev: 0.08384264260530472
[2026-06-19 16:31:21,823][root][INFO] - Val leaf stats: tensor([3.5667e-02, 1.6667e-03, 5.0000e-04, 5.8333e-03, 7.9833e-02, 1.5950e-01,
        2.0500e-02, 7.6500e-02, 2.4300e-01, 2.0833e-01, 1.6150e-01, 2.0000e-03,
        1.6667e-04, 2.8333e-03, 1.3333e-03, 8.3333e-04])
[2026-06-19 16:32:44,737][root][INFO] - Epoch: 27 | train acc: 0.9153, train loss: 0.27031846, valid acc: 0.9030, valid loss: 0.34360728, test acc: 0.9024, test loss: 0.33534158
[2026-06-19 16:32:56,389][root][INFO] - reg loss: 6.155885125106236, entropy loss: 0.2949232324114386, leaf dev: 0.09543506801128387
[2026-06-19 16:32:56,391][root][INFO] - Val leaf stats: tensor([4.4833e-02, 2.6667e-03, 3.3333e-04, 7.3333e-03, 9.4000e-02, 1.8083e-01,
        2.2833e-02, 9.0667e-02, 3.2150e-01, 2.0717e-01, 2.1833e-02, 1.0000e-03,
        1.6667e-04, 2.8333e-03, 1.3333e-03, 6.6667e-04])
[2026-06-19 16:34:31,052][root][INFO] - Epoch: 28 | train acc: 0.9270, train loss: 0.24069458, valid acc: 0.9075, valid loss: 0.32815120, test acc: 0.9070, test loss: 0.32670278
[2026-06-19 16:34:39,884][root][INFO] - reg loss: 6.22711833018177, entropy loss: 0.28722369221021543, leaf dev: 0.09431853145360947
[2026-06-19 16:34:39,886][root][INFO] - Val leaf stats: tensor([4.6167e-02, 1.8333e-03, 0.0000e+00, 1.5667e-02, 9.6667e-02, 1.7467e-01,
        1.2667e-02, 9.7000e-02, 3.1417e-01, 2.1183e-01, 2.3500e-02, 8.3333e-04,
        1.6667e-04, 2.8333e-03, 1.3333e-03, 6.6667e-04])
[2026-06-19 16:36:12,829][root][INFO] - Epoch: 29 | train acc: 0.9314, train loss: 0.23486350, valid acc: 0.8722, valid loss: 0.45171727, test acc: 0.8866, test loss: 0.40491535
[2026-06-19 16:36:20,416][root][INFO] - reg loss: 6.172194139012751, entropy loss: 0.2806370407342911, leaf dev: 0.08761198073625565
[2026-06-19 16:36:20,417][root][INFO] - Val leaf stats: tensor([6.2667e-02, 9.0000e-03, 7.0000e-03, 2.7333e-02, 1.6583e-01, 3.0000e-01,
        2.1833e-02, 1.0533e-01, 1.8700e-01, 9.2333e-02, 1.6000e-02, 6.6667e-04,
        1.6667e-04, 2.8333e-03, 1.3333e-03, 6.6667e-04])
[2026-06-19 16:37:51,374][root][INFO] - Epoch: 30 | train acc: 0.8954, train loss: 0.35154030, valid acc: 0.8765, valid loss: 0.42114259, test acc: 0.8821, test loss: 0.39856590
[2026-06-19 16:38:03,994][root][INFO] - reg loss: 6.499131643547202, entropy loss: 0.26091136755246036, leaf dev: 0.09103921055793762
[2026-06-19 16:38:03,995][root][INFO] - Val leaf stats: tensor([9.1000e-02, 2.2833e-02, 3.7333e-02, 8.4000e-02, 2.5450e-01, 3.0217e-01,
        2.2833e-02, 8.7833e-02, 6.9833e-02, 1.8833e-02, 4.3333e-03, 0.0000e+00,
        1.6667e-04, 2.6667e-03, 1.1667e-03, 5.0000e-04])
[2026-06-19 16:39:30,562][root][INFO] - Epoch: 31 | train acc: 0.9156, train loss: 0.29886605, valid acc: 0.8915, valid loss: 0.37325820, test acc: 0.8951, test loss: 0.36699258
[2026-06-19 16:39:38,130][root][INFO] - reg loss: 6.258847879913618, entropy loss: 0.2528276789300847, leaf dev: 0.0930081233382225
[2026-06-19 16:39:38,132][root][INFO] - Val leaf stats: tensor([7.4167e-02, 3.7167e-02, 1.0000e-02, 4.4500e-02, 2.5683e-01, 3.1383e-01,
        5.2333e-02, 6.3333e-02, 1.0533e-01, 3.0667e-02, 6.5000e-03, 0.0000e+00,
        1.6667e-04, 3.3333e-03, 1.1667e-03, 6.6667e-04])
[2026-06-19 16:41:02,330][root][INFO] - Epoch: 32 | train acc: 0.9207, train loss: 0.27864215, valid acc: 0.8972, valid loss: 0.36744480, test acc: 0.9032, test loss: 0.35354986
[2026-06-19 16:41:13,046][root][INFO] - reg loss: 6.132701419434458, entropy loss: 0.25180169462033036, leaf dev: 0.09424760192632675
[2026-06-19 16:41:13,047][root][INFO] - Val leaf stats: tensor([5.6333e-02, 7.9500e-02, 6.6667e-04, 3.1667e-03, 2.3483e-01, 3.2683e-01,
        5.1000e-02, 7.9500e-02, 1.1750e-01, 3.8500e-02, 6.6667e-03, 0.0000e+00,
        1.6667e-04, 3.5000e-03, 1.1667e-03, 6.6667e-04])
[2026-06-19 16:42:38,981][root][INFO] - Epoch: 33 | train acc: 0.9244, train loss: 0.26512157, valid acc: 0.8943, valid loss: 0.36617771, test acc: 0.8989, test loss: 0.35490881
[2026-06-19 16:42:45,722][root][INFO] - reg loss: 6.0150881308429645, entropy loss: 0.23907941621991824, leaf dev: 0.106432244181633
[2026-06-19 16:42:45,724][root][INFO] - Val leaf stats: tensor([2.1833e-02, 3.4833e-02, 0.0000e+00, 5.0000e-04, 2.4667e-01, 3.7433e-01,
        3.8167e-02, 1.0183e-01, 1.2683e-01, 4.2167e-02, 7.1667e-03, 0.0000e+00,
        1.6667e-04, 3.5000e-03, 1.1667e-03, 8.3333e-04])
[2026-06-19 16:44:05,460][root][INFO] - Epoch: 34 | train acc: 0.9283, train loss: 0.24973721, valid acc: 0.9020, valid loss: 0.34846854, test acc: 0.9085, test loss: 0.33335936
[2026-06-19 16:44:15,911][root][INFO] - reg loss: 5.803176439033364, entropy loss: 0.23331537884923648, leaf dev: 0.10234710574150085
[2026-06-19 16:44:15,912][root][INFO] - Val leaf stats: tensor([3.8333e-02, 4.9333e-02, 1.6667e-04, 2.8333e-03, 2.6550e-01, 3.4433e-01,
        4.3167e-02, 5.3333e-02, 1.3883e-01, 5.1000e-02, 7.8333e-03, 0.0000e+00,
        1.6667e-04, 3.1667e-03, 1.1667e-03, 8.3333e-04])
[2026-06-19 16:45:37,504][root][INFO] - Epoch: 35 | train acc: 0.9308, train loss: 0.23645906, valid acc: 0.9062, valid loss: 0.33286445, test acc: 0.9134, test loss: 0.31570371
[2026-06-19 16:45:46,338][root][INFO] - reg loss: 5.956506090344123, entropy loss: 0.2436806674835817, leaf dev: 0.09366152435541153
[2026-06-19 16:45:46,339][root][INFO] - Val leaf stats: tensor([4.5333e-02, 6.1167e-02, 8.3333e-04, 7.1667e-03, 2.2767e-01, 3.1817e-01,
        4.2500e-02, 5.7667e-02, 1.6067e-01, 6.4333e-02, 8.8333e-03, 0.0000e+00,
        1.6667e-04, 3.5000e-03, 1.0000e-03, 1.0000e-03])
[2026-06-19 16:47:07,704][root][INFO] - Epoch: 36 | train acc: 0.9336, train loss: 0.23542910, valid acc: 0.9078, valid loss: 0.34140664, test acc: 0.9133, test loss: 0.31963544
[2026-06-19 16:47:18,180][root][INFO] - reg loss: 6.12058835659387, entropy loss: 0.24761065404932453, leaf dev: 0.08635934442281723
[2026-06-19 16:47:18,182][root][INFO] - Val leaf stats: tensor([8.3167e-02, 4.6000e-02, 8.3333e-04, 1.0833e-02, 2.1900e-01, 2.6200e-01,
        3.2667e-02, 5.7000e-02, 1.9650e-01, 7.4500e-02, 1.1000e-02, 3.3333e-04,
        1.6667e-04, 3.0000e-03, 1.3333e-03, 1.6667e-03])
[2026-06-19 16:48:37,515][root][INFO] - Epoch: 37 | train acc: 0.9368, train loss: 0.21710249, valid acc: 0.9108, valid loss: 0.31624255, test acc: 0.9182, test loss: 0.30301580
[2026-06-19 16:48:46,206][root][INFO] - reg loss: 6.089389382668261, entropy loss: 0.24629445022569513, leaf dev: 0.08858540654182434
[2026-06-19 16:48:46,208][root][INFO] - Val leaf stats: tensor([2.9500e-02, 8.7000e-02, 1.0000e-03, 1.0500e-02, 2.0650e-01, 2.7917e-01,
        3.2167e-02, 5.7333e-02, 2.0183e-01, 7.6667e-02, 1.1500e-02, 3.3333e-04,
        1.6667e-04, 3.1667e-03, 1.8333e-03, 1.3333e-03])
[2026-06-19 16:50:09,637][root][INFO] - Epoch: 38 | train acc: 0.9391, train loss: 0.21103099, valid acc: 0.8958, valid loss: 0.37418859, test acc: 0.8994, test loss: 0.36356990
[2026-06-19 16:50:18,723][root][INFO] - reg loss: 6.080619726540907, entropy loss: 0.24283248073649857, leaf dev: 0.07462173700332642
[2026-06-19 16:50:18,724][root][INFO] - Val leaf stats: tensor([6.3000e-02, 1.4150e-01, 1.4333e-02, 4.4667e-02, 1.4883e-01, 2.3000e-01,
        2.5000e-02, 5.6000e-02, 1.8917e-01, 7.1667e-02, 9.3333e-03, 1.6667e-04,
        1.6667e-04, 3.1667e-03, 1.6667e-03, 1.3333e-03])
[2026-06-19 16:51:42,510][root][INFO] - Epoch: 39 | train acc: 0.9285, train loss: 0.25317396, valid acc: 0.9023, valid loss: 0.35800825, test acc: 0.9075, test loss: 0.32271704
[2026-06-19 16:51:51,496][root][INFO] - reg loss: 6.351073449512698, entropy loss: 0.24964444578256248, leaf dev: 0.08052165806293488
[2026-06-19 16:51:51,498][root][INFO] - Val leaf stats: tensor([1.0400e-01, 3.0833e-02, 1.6667e-02, 7.0833e-02, 2.0817e-01, 2.5850e-01,
        2.7833e-02, 6.0167e-02, 1.5950e-01, 5.1333e-02, 7.8333e-03, 1.6667e-04,
        0.0000e+00, 2.3333e-03, 1.0000e-03, 8.3333e-04])
[2026-06-19 16:53:18,090][root][INFO] - Epoch: 40 | train acc: 0.9381, train loss: 0.21612030, valid acc: 0.9132, valid loss: 0.31530016, test acc: 0.9156, test loss: 0.30487820
[2026-06-19 16:53:29,155][root][INFO] - reg loss: 6.15580146267729, entropy loss: 0.2478830097418911, leaf dev: 0.0861605778336525
[2026-06-19 16:53:29,156][root][INFO] - Val leaf stats: tensor([0.0802, 0.0492, 0.0088, 0.0395, 0.2413, 0.2720, 0.0297, 0.0692, 0.1525,
        0.0465, 0.0077, 0.0000, 0.0000, 0.0020, 0.0007, 0.0008])
[2026-06-19 16:54:55,375][root][INFO] - Epoch: 41 | train acc: 0.9404, train loss: 0.20356283, valid acc: 0.9138, valid loss: 0.31732966, test acc: 0.9186, test loss: 0.29371595
[2026-06-19 16:55:04,466][root][INFO] - reg loss: 6.119842137930529, entropy loss: 0.2454920214302135, leaf dev: 0.08433590084314346
[2026-06-19 16:55:04,467][root][INFO] - Val leaf stats: tensor([7.8333e-02, 9.0667e-02, 3.5000e-03, 2.5667e-02, 2.1717e-01, 2.7350e-01,
        4.5000e-02, 4.3667e-02, 1.6000e-01, 5.1000e-02, 7.6667e-03, 1.6667e-04,
        0.0000e+00, 2.0000e-03, 8.3333e-04, 8.3333e-04])
[2026-06-19 16:56:28,611][root][INFO] - Epoch: 42 | train acc: 0.9386, train loss: 0.20812778, valid acc: 0.9150, valid loss: 0.32006200, test acc: 0.9225, test loss: 0.28694061
[2026-06-19 16:56:39,704][root][INFO] - reg loss: 5.993958666639508, entropy loss: 0.24245112080056713, leaf dev: 0.09212616086006165
[2026-06-19 16:56:39,706][root][INFO] - Val leaf stats: tensor([7.2333e-02, 8.1833e-02, 7.5000e-03, 3.9000e-02, 2.3183e-01, 3.0800e-01,
        2.3833e-02, 1.8000e-02, 1.5550e-01, 5.0500e-02, 8.0000e-03, 1.6667e-04,
        0.0000e+00, 2.0000e-03, 6.6667e-04, 8.3333e-04])
[2026-06-19 16:58:01,035][root][INFO] - Epoch: 43 | train acc: 0.9422, train loss: 0.19812865, valid acc: 0.9173, valid loss: 0.30817066, test acc: 0.9230, test loss: 0.28400025
[2026-06-19 16:58:11,107][root][INFO] - reg loss: 6.031199603710535, entropy loss: 0.24310040923784365, leaf dev: 0.08800210058689117
[2026-06-19 16:58:11,109][root][INFO] - Val leaf stats: tensor([6.9667e-02, 9.4500e-02, 5.6667e-03, 3.6667e-02, 2.3483e-01, 2.7633e-01,
        2.4000e-02, 2.1167e-02, 1.6617e-01, 5.7167e-02, 9.3333e-03, 1.6667e-04,
        0.0000e+00, 2.5000e-03, 8.3333e-04, 1.0000e-03])
[2026-06-19 16:59:34,630][root][INFO] - Epoch: 44 | train acc: 0.9412, train loss: 0.20073080, valid acc: 0.9110, valid loss: 0.31453440, test acc: 0.9158, test loss: 0.30346353
[2026-06-19 16:59:46,054][root][INFO] - reg loss: 6.007577887121236, entropy loss: 0.24273319570523388, leaf dev: 0.09634222835302353
[2026-06-19 16:59:46,055][root][INFO] - Val leaf stats: tensor([3.9000e-02, 7.1833e-02, 1.5000e-03, 1.8833e-02, 2.7100e-01, 2.9333e-01,
        3.0333e-02, 2.5333e-02, 1.7233e-01, 6.2000e-02, 9.5000e-03, 1.6667e-04,
        0.0000e+00, 2.5000e-03, 1.0000e-03, 1.3333e-03])
[2026-06-19 17:01:12,349][root][INFO] - Epoch: 45 | train acc: 0.9387, train loss: 0.20991404, valid acc: 0.8948, valid loss: 0.36333237, test acc: 0.9039, test loss: 0.33809304
[2026-06-19 17:01:22,743][root][INFO] - reg loss: 5.880313189524524, entropy loss: 0.24008821063446548, leaf dev: 0.10887224972248077
[2026-06-19 17:01:22,744][root][INFO] - Val leaf stats: tensor([3.6833e-02, 7.2667e-02, 2.0000e-03, 2.0500e-02, 1.3600e-01, 4.1567e-01,
        3.2500e-02, 2.6000e-02, 1.9467e-01, 4.7000e-02, 1.0667e-02, 1.6667e-04,
        0.0000e+00, 2.8333e-03, 1.1667e-03, 1.3333e-03])
[2026-06-19 17:02:48,138][root][INFO] - Epoch: 46 | train acc: 0.9357, train loss: 0.21905030, valid acc: 0.9105, valid loss: 0.32673284, test acc: 0.9183, test loss: 0.30571198
[2026-06-19 17:02:57,076][root][INFO] - reg loss: 5.9472791158928064, entropy loss: 0.2361980472814362, leaf dev: 0.10657338052988052
[2026-06-19 17:02:57,077][root][INFO] - Val leaf stats: tensor([0.0617, 0.0843, 0.0000, 0.0340, 0.1572, 0.4205, 0.0402, 0.0262, 0.1245,
        0.0372, 0.0092, 0.0000, 0.0000, 0.0032, 0.0008, 0.0012])
[2026-06-19 17:04:19,853][root][INFO] - Epoch: 47 | train acc: 0.9409, train loss: 0.20427949, valid acc: 0.9150, valid loss: 0.30264276, test acc: 0.9236, test loss: 0.29124973
[2026-06-19 17:04:31,202][root][INFO] - reg loss: 5.882637352313635, entropy loss: 0.2248551405544551, leaf dev: 0.09585917741060257
[2026-06-19 17:04:31,203][root][INFO] - Val leaf stats: tensor([6.6167e-02, 1.3117e-01, 0.0000e+00, 7.5000e-03, 1.8050e-01, 3.5000e-01,
        3.5833e-02, 2.6833e-02, 1.3983e-01, 4.3833e-02, 1.0833e-02, 0.0000e+00,
        1.6667e-04, 3.3333e-03, 1.6667e-03, 2.3333e-03])
[2026-06-19 17:05:56,995][root][INFO] - Epoch: 48 | train acc: 0.9341, train loss: 0.22358724, valid acc: 0.8962, valid loss: 0.35234734, test acc: 0.9046, test loss: 0.34374675
[2026-06-19 17:06:08,236][root][INFO] - reg loss: 5.664295650878042, entropy loss: 0.21713362296797195, leaf dev: 0.11180444061756134
[2026-06-19 17:06:08,239][root][INFO] - Val leaf stats: tensor([3.0167e-02, 1.8667e-02, 0.0000e+00, 1.5000e-03, 2.2350e-01, 4.0767e-01,
        5.1000e-02, 2.8500e-02, 1.6033e-01, 5.7500e-02, 1.1833e-02, 1.6667e-04,
        1.6667e-04, 4.5000e-03, 3.1667e-03, 1.3333e-03])
[2026-06-19 17:07:40,410][root][INFO] - Epoch: 49 | train acc: 0.9366, train loss: 0.21662260, valid acc: 0.9098, valid loss: 0.32525683, test acc: 0.9152, test loss: 0.30756841
[2026-06-19 17:07:52,408][root][INFO] - reg loss: 5.543626479382785, entropy loss: 0.21150486494572657, leaf dev: 0.1031867191195488
[2026-06-19 17:07:52,409][root][INFO] - Val leaf stats: tensor([4.7000e-02, 3.5333e-02, 0.0000e+00, 3.3333e-03, 2.2550e-01, 3.7017e-01,
        5.1333e-02, 3.3667e-02, 1.5367e-01, 5.7500e-02, 1.1833e-02, 0.0000e+00,
        3.3333e-04, 5.0000e-03, 3.8333e-03, 1.5000e-03])
[2026-06-19 17:08:04,729][root][INFO] - Val leaf stats: tensor([4.7000e-02, 3.5333e-02, 0.0000e+00, 3.3333e-03, 2.2550e-01, 3.7017e-01,
        5.1333e-02, 3.3667e-02, 1.5367e-01, 5.7500e-02, 1.1833e-02, 0.0000e+00,
        3.3333e-04, 5.0000e-03, 3.8333e-03, 1.5000e-03])
[2026-06-19 17:08:22,307][root][INFO] - Test leaf std: 0.10310627520084381, Val leaf std: 0.1031867191195488
[2026-06-19 17:08:37,804][root][INFO] - FINAL TEST | acc: 0.9152, loss: 0.3076, 
